Component: ARM Compiler 5.06 update 6 (build 750) Tool: armlink [4d35ed]

==============================================================================

Section Cross References

    startup_stm32g431xx.o(RESET) refers to startup_stm32g431xx.o(STACK) for __initial_sp
    startup_stm32g431xx.o(RESET) refers to startup_stm32g431xx.o(.text) for Reset_Handler
    startup_stm32g431xx.o(RESET) refers to stm32g4xx_it.o(i.NMI_Handler) for NMI_Handler
    startup_stm32g431xx.o(RESET) refers to context_rvds.o(.text) for HardFault_Handler
    startup_stm32g431xx.o(RESET) refers to stm32g4xx_it.o(i.MemManage_Handler) for MemManage_Handler
    startup_stm32g431xx.o(RESET) refers to stm32g4xx_it.o(i.BusFault_Handler) for BusFault_Handler
    startup_stm32g431xx.o(RESET) refers to stm32g4xx_it.o(i.UsageFault_Handler) for UsageFault_Handler
    startup_stm32g431xx.o(RESET) refers to stm32g4xx_it.o(i.SVC_Handler) for SVC_Handler
    startup_stm32g431xx.o(RESET) refers to stm32g4xx_it.o(i.DebugMon_Handler) for DebugMon_Handler
    startup_stm32g431xx.o(RESET) refers to stm32g4xx_it.o(i.SysTick_Handler) for SysTick_Handler
    startup_stm32g431xx.o(RESET) refers to stm32g4xx_it.o(i.DMA1_Channel1_IRQHandler) for DMA1_Channel1_IRQHandler
    startup_stm32g431xx.o(RESET) refers to stm32g4xx_it.o(i.ADC1_2_IRQHandler) for ADC1_2_IRQHandler
    startup_stm32g431xx.o(RESET) refers to stm32g4xx_it.o(i.FDCAN1_IT0_IRQHandler) for FDCAN1_IT0_IRQHandler
    startup_stm32g431xx.o(RESET) refers to stm32g4xx_it.o(i.TIM1_BRK_TIM15_IRQHandler) for TIM1_BRK_TIM15_IRQHandler
    startup_stm32g431xx.o(RESET) refers to stm32g4xx_it.o(i.TIM1_UP_TIM16_IRQHandler) for TIM1_UP_TIM16_IRQHandler
    startup_stm32g431xx.o(RESET) refers to stm32g4xx_it.o(i.TIM1_CC_IRQHandler) for TIM1_CC_IRQHandler
    startup_stm32g431xx.o(RESET) refers to stm32g4xx_it.o(i.TIM4_IRQHandler) for TIM4_IRQHandler
    startup_stm32g431xx.o(RESET) refers to stm32g4xx_it.o(i.USART3_IRQHandler) for USART3_IRQHandler
    startup_stm32g431xx.o(RESET) refers to stm32g4xx_it.o(i.EXTI15_10_IRQHandler) for EXTI15_10_IRQHandler
    startup_stm32g431xx.o(RESET) refers to stm32g4xx_it.o(i.TIM6_DAC_IRQHandler) for TIM6_DAC_IRQHandler
    startup_stm32g431xx.o(RESET) refers to stm32g4xx_it.o(i.COMP1_2_3_IRQHandler) for COMP1_2_3_IRQHandler
    startup_stm32g431xx.o(.text) refers to system_stm32g4xx.o(i.SystemInit) for SystemInit
    startup_stm32g431xx.o(.text) refers to entry.o(.ARM.Collect$$$$00000000) for __main
    main.o(i.HAL_ADCEx_InjectedConvCpltCallback) refers to motor_app_fsm.o(i.Motor_APP_Task_10kHz) for Motor_APP_Task_10kHz
    main.o(i.HAL_ADCEx_InjectedConvCpltCallback) refers to memcpya.o(.text) for __aeabi_memcpy4
    main.o(i.HAL_ADCEx_InjectedConvCpltCallback) refers to stm32g4xx_hal_uart.o(i.HAL_UART_Transmit_DMA) for HAL_UART_Transmit_DMA
    main.o(i.HAL_ADCEx_InjectedConvCpltCallback) refers to main.o(.data) for .data
    main.o(i.HAL_ADCEx_InjectedConvCpltCallback) refers to motor_app_fsm.o(.bss) for g_foc_vars
    main.o(i.HAL_ADCEx_InjectedConvCpltCallback) refers to main.o(.bss) for .bss
    main.o(i.HAL_ADCEx_InjectedConvCpltCallback) refers to motor_sensor.o(.bss) for bemf_obs
    main.o(i.HAL_ADCEx_InjectedConvCpltCallback) refers to usart.o(.bss) for huart3
    main.o(i.HAL_TIM_IC_CaptureCallback) refers to stm32g4xx_hal_tim.o(i.HAL_TIM_ReadCapturedValue) for HAL_TIM_ReadCapturedValue
    main.o(i.HAL_TIM_IC_CaptureCallback) refers to stm32g4xx_hal_gpio.o(i.HAL_GPIO_ReadPin) for HAL_GPIO_ReadPin
    main.o(i.HAL_TIM_IC_CaptureCallback) refers to main.o(.data) for .data
    main.o(i.main) refers to stm32g4xx_hal.o(i.HAL_Init) for HAL_Init
    main.o(i.main) refers to sys_config.o(i.SystemClock_Config) for SystemClock_Config
    main.o(i.main) refers to motor_app_fsm.o(i.Motor_APP_Init) for Motor_APP_Init
    main.o(i.main) refers to usart.o(i.MX_USART3_UART_Init) for MX_USART3_UART_Init
    main.o(i.main) refers to sys_config.o(i.FDCAN_Config) for FDCAN_Config
    main.o(i.main) refers to stm32g4xx_hal_uart.o(i.HAL_UART_Receive_IT) for HAL_UART_Receive_IT
    main.o(i.main) refers to motor_app_fsm.o(i.Motor_APP_GetState) for Motor_APP_GetState
    main.o(i.main) refers to stm32g4xx_hal_fdcan.o(i.HAL_FDCAN_AddMessageToTxFifoQ) for HAL_FDCAN_AddMessageToTxFifoQ
    main.o(i.main) refers to stm32g4xx_hal.o(i.HAL_Delay) for HAL_Delay
    main.o(i.main) refers to sys_config.o(.data) for aRxBuffer
    main.o(i.main) refers to usart.o(.bss) for huart3
    main.o(i.main) refers to sys_config.o(.bss) for TxHeader
    main.o(i.main) refers to fdcan.o(.bss) for hfdcan1
    gpio.o(i.MX_GPIO_Init) refers to memseta.o(.text) for __aeabi_memclr4
    gpio.o(i.MX_GPIO_Init) refers to stm32g4xx_hal_gpio.o(i.HAL_GPIO_WritePin) for HAL_GPIO_WritePin
    gpio.o(i.MX_GPIO_Init) refers to stm32g4xx_hal_gpio.o(i.HAL_GPIO_Init) for HAL_GPIO_Init
    gpio.o(i.MX_GPIO_Init) refers to stm32g4xx_hal_cortex.o(i.HAL_NVIC_SetPriority) for HAL_NVIC_SetPriority
[...]
    DMA2_Channel1_IRQHandler                 0x08000207   Thumb Code     0  startup_stm32g431xx.o(.text)
    DMA2_Channel2_IRQHandler                 0x08000207   Thumb Code     0  startup_stm32g431xx.o(.text)
    DMA2_Channel3_IRQHandler                 0x08000207   Thumb Code     0  startup_stm32g431xx.o(.text)
    DMA2_Channel4_IRQHandler                 0x08000207   Thumb Code     0  startup_stm32g431xx.o(.text)
    DMA2_Channel5_IRQHandler                 0x08000207   Thumb Code     0  startup_stm32g431xx.o(.text)
    DMA2_Channel6_IRQHandler                 0x08000207   Thumb Code     0  startup_stm32g431xx.o(.text)
    DMAMUX_OVR_IRQHandler                    0x08000207   Thumb Code     0  startup_stm32g431xx.o(.text)
    EXTI0_IRQHandler                         0x08000207   Thumb Code     0  startup_stm32g431xx.o(.text)
    EXTI1_IRQHandler                         0x08000207   Thumb Code     0  startup_stm32g431xx.o(.text)
    EXTI2_IRQHandler                         0x08000207   Thumb Code     0  startup_stm32g431xx.o(.text)
    EXTI3_IRQHandler                         0x08000207   Thumb Code     0  startup_stm32g431xx.o(.text)
    EXTI4_IRQHandler                         0x08000207   Thumb Code     0  startup_stm32g431xx.o(.text)
    EXTI9_5_IRQHandler                       0x08000207   Thumb Code     0  startup_stm32g431xx.o(.text)
    FDCAN1_IT1_IRQHandler                    0x08000207   Thumb Code     0  startup_stm32g431xx.o(.text)
    FLASH_IRQHandler                         0x08000207   Thumb Code     0  startup_stm32g431xx.o(.text)
    FMAC_IRQHandler                          0x08000207   Thumb Code     0  startup_stm32g431xx.o(.text)
    FPU_IRQHandler                           0x08000207   Thumb Code     0  startup_stm32g431xx.o(.text)
    I2C1_ER_IRQHandler                       0x08000207   Thumb Code     0  startup_stm32g431xx.o(.text)
    I2C1_EV_IRQHandler                       0x08000207   Thumb Code     0  startup_stm32g431xx.o(.text)
    I2C2_ER_IRQHandler                       0x08000207   Thumb Code     0  startup_stm32g431xx.o(.text)
    I2C2_EV_IRQHandler                       0x08000207   Thumb Code     0  startup_stm32g431xx.o(.text)
    I2C3_ER_IRQHandler                       0x08000207   Thumb Code     0  startup_stm32g431xx.o(.text)
    I2C3_EV_IRQHandler                       0x08000207   Thumb Code     0  startup_stm32g431xx.o(.text)
    LPTIM1_IRQHandler                        0x08000207   Thumb Code     0  startup_stm32g431xx.o(.text)
    LPUART1_IRQHandler                       0x08000207   Thumb Code     0  startup_stm32g431xx.o(.text)
    PVD_PVM_IRQHandler                       0x08000207   Thumb Code     0  startup_stm32g431xx.o(.text)
    RCC_IRQHandler                           0x08000207   Thumb Code     0  startup_stm32g431xx.o(.text)
    RNG_IRQHandler                           0x08000207   Thumb Code     0  startup_stm32g431xx.o(.text)
    RTC_Alarm_IRQHandler                     0x08000207   Thumb Code     0  startup_stm32g431xx.o(.text)
    RTC_TAMP_LSECSS_IRQHandler               0x08000207   Thumb Code     0  startup_stm32g431xx.o(.text)
    RTC_WKUP_IRQHandler                      0x08000207   Thumb Code     0  startup_stm32g431xx.o(.text)
    SAI1_IRQHandler                          0x08000207   Thumb Code     0  startup_stm32g431xx.o(.text)
    SPI1_IRQHandler                          0x08000207   Thumb Code     0  startup_stm32g431xx.o(.text)
    SPI2_IRQHandler                          0x08000207   Thumb Code     0  startup_stm32g431xx.o(.text)
    SPI3_IRQHandler                          0x08000207   Thumb Code     0  startup_stm32g431xx.o(.text)
    TIM1_TRG_COM_TIM17_IRQHandler            0x08000207   Thumb Code     0  startup_stm32g431xx.o(.text)
    TIM2_IRQHandler                          0x08000207   Thumb Code     0  startup_stm32g431xx.o(.text)
    TIM3_IRQHandler                          0x08000207   Thumb Code     0  startup_stm32g431xx.o(.text)
    TIM7_IRQHandler                          0x08000207   Thumb Code     0  startup_stm32g431xx.o(.text)
    TIM8_BRK_IRQHandler                      0x08000207   Thumb Code     0  startup_stm32g431xx.o(.text)
    TIM8_CC_IRQHandler                       0x08000207   Thumb Code     0  startup_stm32g431xx.o(.text)
    TIM8_TRG_COM_IRQHandler                  0x08000207   Thumb Code     0  startup_stm32g431xx.o(.text)
    TIM8_UP_IRQHandler                       0x08000207   Thumb Code     0  startup_stm32g431xx.o(.text)
    UART4_IRQHandler                         0x08000207   Thumb Code     0  startup_stm32g431xx.o(.text)
    UCPD1_IRQHandler                         0x08000207   Thumb Code     0  startup_stm32g431xx.o(.text)
    USART1_IRQHandler                        0x08000207   Thumb Code     0  startup_stm32g431xx.o(.text)
    USART2_IRQHandler                        0x08000207   Thumb Code     0  startup_stm32g431xx.o(.text)
    USBWakeUp_IRQHandler                     0x08000207   Thumb Code     0  startup_stm32g431xx.o(.text)
    USB_HP_IRQHandler                        0x08000207   Thumb Code     0  startup_stm32g431xx.o(.text)
    USB_LP_IRQHandler                        0x08000207   Thumb Code     0  startup_stm32g431xx.o(.text)
    WWDG_IRQHandler                          0x08000207   Thumb Code     0  startup_stm32g431xx.o(.text)
    rt_hw_interrupt_disable                  0x08000211   Thumb Code     8  context_rvds.o(.text)
    rt_hw_interrupt_enable                   0x08000219   Thumb Code     6  context_rvds.o(.text)
    rt_hw_context_switch                     0x0800021f   Thumb Code    32  context_rvds.o(.text)
    rt_hw_context_switch_interrupt           0x0800021f   Thumb Code     0  context_rvds.o(.text)
    PendSV_Handler                           0x0800023f   Thumb Code   108  context_rvds.o(.text)
    rt_hw_context_switch_to                  0x080002ab   Thumb Code    68  context_rvds.o(.text)
    rt_hw_interrupt_thread_switch            0x080002ef   Thumb Code     2  context_rvds.o(.text)
    HardFault_Handler                        0x080002f1   Thumb Code    56  context_rvds.o(.text)
    __aeabi_uldivmod                         0x08000345   Thumb Code    98  uldiv.o(.text)
    __aeabi_memcpy                           0x080003a7   Thumb Code    36  memcpya.o(.text)
    __aeabi_memcpy4                          0x080003a7   Thumb Code     0  memcpya.o(.text)
    __aeabi_memcpy8                          0x080003a7   Thumb Code     0  memcpya.o(.text)
    __aeabi_memset                           0x080003cb   Thumb Code    14  memseta.o(.text)
    __aeabi_memset4                          0x080003cb   Thumb Code     0  memseta.o(.text)
    __aeabi_memset8                          0x080003cb   Thumb Code     0  memseta.o(.text)
    __aeabi_memclr                           0x080003d9   Thumb Code     4  memseta.o(.text)
    __aeabi_memclr4                          0x080003d9   Thumb Code     0  memseta.o(.text)
    __aeabi_memclr8                          0x080003d9   Thumb Code     0  memseta.o(.text)
    _memset$wrapper                          0x080003dd   Thumb Code    18  memseta.o(.text)
    __aeabi_llsl                             0x080003ef   Thumb Code    30  llshl.o(.text)
    _ll_shift_l                              0x080003ef   Thumb Code     0  llshl.o(.text)
    __aeabi_llsr                             0x0800040d   Thumb Code    32  llushr.o(.text)
    _ll_ushift_r                             0x0800040d   Thumb Code     0  llushr.o(.text)
    __scatterload                            0x0800042d   Thumb Code    28  init.o(.text)
    __scatterload_rt2                        0x0800042d   Thumb Code     0  init.o(.text)
    arm_cos_f32                              0x08000451   Thumb Code   160  arm_cos_f32.o(.text.arm_cos_f32)
    arm_sin_f32                              0x080004f1   Thumb Code   152  arm_sin_f32.o(.text.arm_sin_f32)
    main                                     0x08000589   Thumb Code    10  components.o(i.$Sub$$main)
    ADC1_2_IRQHandler                        0x08000595   Thumb Code    18  stm32g4xx_it.o(i.ADC1_2_IRQHandler)
    ADC_Enable                               0x080005b1   Thumb Code   110  stm32g4xx_hal_adc.o(i.ADC_Enable)
    BEMF_Observer_Init                       0x08000625   Thumb Code    90  motor_mw_foc.o(i.BEMF_Observer_Init)
    BEMF_Observer_Step                       0x08000685   Thumb Code   240  motor_mw_foc.o(i.BEMF_Observer_Step)
    BusFault_Handler                         0x08000895   Thumb Code     2  stm32g4xx_it.o(i.BusFault_Handler)
    COMP1_2_3_IRQHandler                     0x08000899   Thumb Code     6  stm32g4xx_it.o(i.COMP1_2_3_IRQHandler)
    DMA1_Channel1_IRQHandler                 0x080008a5   Thumb Code     6  stm32g4xx_it.o(i.DMA1_Channel1_IRQHandler)
    DebugMon_Handler                         0x08000953   Thumb Code     2  stm32g4xx_it.o(i.DebugMon_Handler)
    EXTI15_10_IRQHandler                     0x08000955   Thumb Code    30  stm32g4xx_it.o(i.EXTI15_10_IRQHandler)
    Error_Handler                            0x08000973   Thumb Code     4  main.o(i.Error_Handler)
    FDCAN1_IT0_IRQHandler                    0x08000979   Thumb Code    24  stm32g4xx_it.o(i.FDCAN1_IT0_IRQHandler)
    FDCAN_Config                             0x0800099d   Thumb Code    82  sys_config.o(i.FDCAN_Config)
    HAL_ADCEx_EndOfSamplingCallback          0x08000a61   Thumb Code     2  stm32g4xx_hal_adc_ex.o(i.HAL_ADCEx_EndOfSamplingCallback)
    HAL_ADCEx_InjectedConfigChannel          0x08000a65   Thumb Code  1264  stm32g4xx_hal_adc_ex.o(i.HAL_ADCEx_InjectedConfigChannel)
    HAL_ADCEx_InjectedConvCpltCallback       0x08000f7d   Thumb Code   146  main.o(i.HAL_ADCEx_InjectedConvCpltCallback)
    HAL_ADCEx_InjectedQueueOverflowCallback  0x0800102d   Thumb Code     2  stm32g4xx_hal_adc_ex.o(i.HAL_ADCEx_InjectedQueueOverflowCallback)
    HAL_ADCEx_InjectedStart                  0x08001031   Thumb Code   220  stm32g4xx_hal_adc_ex.o(i.HAL_ADCEx_InjectedStart)
    HAL_ADCEx_InjectedStart_IT               0x08001119   Thumb Code   282  stm32g4xx_hal_adc_ex.o(i.HAL_ADCEx_InjectedStart_IT)
    HAL_ADCEx_LevelOutOfWindow2Callback      0x08001241   Thumb Code     2  stm32g4xx_hal_adc_ex.o(i.HAL_ADCEx_LevelOutOfWindow2Callback)
    HAL_ADCEx_LevelOutOfWindow3Callback      0x08001243   Thumb Code     2  stm32g4xx_hal_adc_ex.o(i.HAL_ADCEx_LevelOutOfWindow3Callback)
    HAL_ADCEx_MultiModeConfigChannel         0x08001245   Thumb Code   208  stm32g4xx_hal_adc_ex.o(i.HAL_ADCEx_MultiModeConfigChannel)
    HAL_ADC_ConfigChannel                    0x0800131d   Thumb Code  1006  stm32g4xx_hal_adc.o(i.HAL_ADC_ConfigChannel)
    HAL_ADC_ConvCpltCallback                 0x08001741   Thumb Code     2  stm32g4xx_hal_adc.o(i.HAL_ADC_ConvCpltCallback)
    HAL_ADC_ErrorCallback                    0x08001743   Thumb Code     2  stm32g4xx_hal_adc.o(i.HAL_ADC_ErrorCallback)
    HAL_ADC_GetValue                         0x08001745   Thumb Code     6  stm32g4xx_hal_adc.o(i.HAL_ADC_GetValue)
    HAL_ADC_IRQHandler                       0x0800174d   Thumb Code   612  stm32g4xx_hal_adc.o(i.HAL_ADC_IRQHandler)
    HAL_ADC_Init                             0x080019b9   Thumb Code   476  stm32g4xx_hal_adc.o(i.HAL_ADC_Init)
    HAL_ADC_LevelOutOfWindowCallback         0x08001bb5   Thumb Code     2  stm32g4xx_hal_adc.o(i.HAL_ADC_LevelOutOfWindowCallback)
    HAL_ADC_MspInit                          0x08001bb9   Thumb Code   202  adc.o(i.HAL_ADC_MspInit)
    HAL_ADC_PollForConversion                0x08001c95   Thumb Code   242  stm32g4xx_hal_adc.o(i.HAL_ADC_PollForConversion)
    HAL_ADC_Start                            0x08001d91   Thumb Code   230  stm32g4xx_hal_adc.o(i.HAL_ADC_Start)
    HAL_COMP_IRQHandler                      0x08001e85   Thumb Code    64  stm32g4xx_hal_comp.o(i.HAL_COMP_IRQHandler)
    HAL_COMP_Init                            0x08001ecd   Thumb Code   264  stm32g4xx_hal_comp.o(i.HAL_COMP_Init)
    HAL_COMP_MspInit                         0x08001fed   Thumb Code    80  comp.o(i.HAL_COMP_MspInit)
    HAL_COMP_Start                           0x08002049   Thumb Code    68  stm32g4xx_hal_comp.o(i.HAL_COMP_Start)
    HAL_COMP_TriggerCallback                 0x08002095   Thumb Code     2  stm32g4xx_hal_comp.o(i.HAL_COMP_TriggerCallback)
    HAL_DAC_ConfigChannel                    0x08002099   Thumb Code   428  stm32g4xx_hal_dac.o(i.HAL_DAC_ConfigChannel)
    HAL_DAC_Init                             0x0800224d   Thumb Code    40  stm32g4xx_hal_dac.o(i.HAL_DAC_Init)
    HAL_DAC_MspInit                          0x08002275   Thumb Code   106  dac.o(i.HAL_DAC_MspInit)
    HAL_DAC_SetValue                         0x080022ed   Thumb Code    26  stm32g4xx_hal_dac.o(i.HAL_DAC_SetValue)
    HAL_DAC_Start                            0x08002307   Thumb Code   104  stm32g4xx_hal_dac.o(i.HAL_DAC_Start)
    HAL_DMA_Abort                            0x0800236f   Thumb Code   106  stm32g4xx_hal_dma.o(i.HAL_DMA_Abort)
    HAL_DMA_Abort_IT                         0x080023d9   Thumb Code   120  stm32g4xx_hal_dma.o(i.HAL_DMA_Abort_IT)
    HAL_DMA_IRQHandler                       0x08002451   Thumb Code   186  stm32g4xx_hal_dma.o(i.HAL_DMA_IRQHandler)
    HAL_DMA_Init                             0x0800250d   Thumb Code   178  stm32g4xx_hal_dma.o(i.HAL_DMA_Init)
    HAL_DMA_Start_IT                         0x080025cd   Thumb Code   140  stm32g4xx_hal_dma.o(i.HAL_DMA_Start_IT)
    HAL_Delay                                0x08002659   Thumb Code    32  stm32g4xx_hal.o(i.HAL_Delay)
    HAL_FDCAN_ActivateNotification           0x0800267d   Thumb Code   224  stm32g4xx_hal_fdcan.o(i.HAL_FDCAN_ActivateNotification)
    HAL_FDCAN_AddMessageToTxFifoQ            0x0800275d   Thumb Code    74  stm32g4xx_hal_fdcan.o(i.HAL_FDCAN_AddMessageToTxFifoQ)
    HAL_FDCAN_ConfigFilter                   0x080027a7   Thumb Code    92  stm32g4xx_hal_fdcan.o(i.HAL_FDCAN_ConfigFilter)
    HAL_FDCAN_ErrorCallback                  0x08002803   Thumb Code     2  stm32g4xx_hal_fdcan.o(i.HAL_FDCAN_ErrorCallback)
    HAL_FDCAN_ErrorStatusCallback            0x08002805   Thumb Code     2  stm32g4xx_hal_fdcan.o(i.HAL_FDCAN_ErrorStatusCallback)
    HAL_FDCAN_GetRxMessage                   0x08002809   Thumb Code   234  stm32g4xx_hal_fdcan.o(i.HAL_FDCAN_GetRxMessage)
    HAL_FDCAN_HighPriorityMessageCallback    0x080028f9   Thumb Code     2  stm32g4xx_hal_fdcan.o(i.HAL_FDCAN_HighPriorityMessageCallback)
    HAL_FDCAN_IRQHandler                     0x080028fb   Thumb Code   352  stm32g4xx_hal_fdcan.o(i.HAL_FDCAN_IRQHandler)
    HAL_FDCAN_RxFifo0Callback                0x08002a5b   Thumb Code     2  stm32g4xx_hal_fdcan.o(i.HAL_FDCAN_RxFifo0Callback)
    HAL_FDCAN_RxFifo1Callback                0x08002a5d   Thumb Code     2  stm32g4xx_hal_fdcan.o(i.HAL_FDCAN_RxFifo1Callback)
    HAL_FDCAN_Start                          0x08002a5f   Thumb Code    44  stm32g4xx_hal_fdcan.o(i.HAL_FDCAN_Start)
    HAL_FDCAN_TimeoutOccurredCallback        0x08002a8b   Thumb Code     2  stm32g4xx_hal_fdcan.o(i.HAL_FDCAN_TimeoutOccurredCallback)
    HAL_FDCAN_TimestampWraparoundCallback    0x08002a8d   Thumb Code     2  stm32g4xx_hal_fdcan.o(i.HAL_FDCAN_TimestampWraparoundCallback)
    HAL_FDCAN_TxBufferAbortCallback          0x08002a8f   Thumb Code     2  stm32g4xx_hal_fdcan.o(i.HAL_FDCAN_TxBufferAbortCallback)
    HAL_FDCAN_TxBufferCompleteCallback       0x08002a91   Thumb Code     2  stm32g4xx_hal_fdcan.o(i.HAL_FDCAN_TxBufferCompleteCallback)
    HAL_FDCAN_TxEventFifoCallback            0x08002a93   Thumb Code     2  stm32g4xx_hal_fdcan.o(i.HAL_FDCAN_TxEventFifoCallback)
    HAL_FDCAN_TxFifoEmptyCallback            0x08002a95   Thumb Code     2  stm32g4xx_hal_fdcan.o(i.HAL_FDCAN_TxFifoEmptyCallback)
    HAL_GPIO_EXTI_Callback                   0x08002a97   Thumb Code    32  sys_config.o(i.HAL_GPIO_EXTI_Callback)
    HAL_GPIO_EXTI_IRQHandler                 0x08002ab9   Thumb Code    18  stm32g4xx_hal_gpio.o(i.HAL_GPIO_EXTI_IRQHandler)
    HAL_GPIO_Init                            0x08002ad1   Thumb Code   422  stm32g4xx_hal_gpio.o(i.HAL_GPIO_Init)
    HAL_GPIO_ReadPin                         0x08002c99   Thumb Code    10  stm32g4xx_hal_gpio.o(i.HAL_GPIO_ReadPin)
    HAL_GPIO_WritePin                        0x08002ca3   Thumb Code    10  stm32g4xx_hal_gpio.o(i.HAL_GPIO_WritePin)
    HAL_GetTick                              0x08002cad   Thumb Code     6  stm32g4xx_hal.o(i.HAL_GetTick)
    HAL_IncTick                              0x08002cb9   Thumb Code    12  stm32g4xx_hal.o(i.HAL_IncTick)
    HAL_Init                                 0x08002cc9   Thumb Code    30  stm32g4xx_hal.o(i.HAL_Init)
    HAL_InitTick                             0x08002ce9   Thumb Code   108  stm32g4xx_hal_timebase_tim.o(i.HAL_InitTick)
    HAL_MspInit                              0x08002d65   Thumb Code    42  stm32g4xx_hal_msp.o(i.HAL_MspInit)
    HAL_NVIC_EnableIRQ                       0x08002d95   Thumb Code    26  stm32g4xx_hal_cortex.o(i.HAL_NVIC_EnableIRQ)
    HAL_NVIC_SetPriority                     0x08002db1   Thumb Code    60  stm32g4xx_hal_cortex.o(i.HAL_NVIC_SetPriority)
    HAL_NVIC_SetPriorityGrouping             0x08002df1   Thumb Code    26  stm32g4xx_hal_cortex.o(i.HAL_NVIC_SetPriorityGrouping)
    HAL_OPAMP_Init                           0x08002e15   Thumb Code   236  stm32g4xx_hal_opamp.o(i.HAL_OPAMP_Init)
    HAL_OPAMP_MspInit                        0x08002f09   Thumb Code   150  opamp.o(i.HAL_OPAMP_MspInit)
    HAL_OPAMP_Start                          0x08002fad   Thumb Code    44  stm32g4xx_hal_opamp.o(i.HAL_OPAMP_Start)
    HAL_PWREx_ControlVoltageScaling          0x08002fd9   Thumb Code   174  stm32g4xx_hal_pwr_ex.o(i.HAL_PWREx_ControlVoltageScaling)
    HAL_PWREx_DisableUCPDDeadBattery         0x08003095   Thumb Code    12  stm32g4xx_hal_pwr_ex.o(i.HAL_PWREx_DisableUCPDDeadBattery)
    HAL_RCCEx_PeriphCLKConfig                0x080030a5   Thumb Code   638  stm32g4xx_hal_rcc_ex.o(i.HAL_RCCEx_PeriphCLKConfig)
    HAL_RCC_ClockConfig                      0x0800332d   Thumb Code   444  stm32g4xx_hal_rcc.o(i.HAL_RCC_ClockConfig)
    HAL_RCC_GetClockConfig                   0x08003509   Thumb Code    54  stm32g4xx_hal_rcc.o(i.HAL_RCC_GetClockConfig)
    HAL_RCC_GetHCLKFreq                      0x08003549   Thumb Code     6  stm32g4xx_hal_rcc.o(i.HAL_RCC_GetHCLKFreq)
    HAL_RCC_GetPCLK1Freq                     0x08003555   Thumb Code    24  stm32g4xx_hal_rcc.o(i.HAL_RCC_GetPCLK1Freq)
    HAL_RCC_GetPCLK2Freq                     0x08003579   Thumb Code    24  stm32g4xx_hal_rcc.o(i.HAL_RCC_GetPCLK2Freq)
    HAL_RCC_GetSysClockFreq                  0x0800359d   Thumb Code    98  stm32g4xx_hal_rcc.o(i.HAL_RCC_GetSysClockFreq)
    HAL_RCC_OscConfig                        0x0800360d   Thumb Code  1036  stm32g4xx_hal_rcc.o(i.HAL_RCC_OscConfig)
    HAL_TIMEx_Break2Callback                 0x08003a19   Thumb Code     2  stm32g4xx_hal_tim_ex.o(i.HAL_TIMEx_Break2Callback)
    HAL_TIMEx_BreakCallback                  0x08003a1b   Thumb Code     2  stm32g4xx_hal_tim_ex.o(i.HAL_TIMEx_BreakCallback)
    HAL_TIMEx_CommutCallback                 0x08003a1d   Thumb Code     2  stm32g4xx_hal_tim_ex.o(i.HAL_TIMEx_CommutCallback)
    HAL_TIMEx_ConfigBreakDeadTime            0x08003a21   Thumb Code   164  stm32g4xx_hal_tim_ex.o(i.HAL_TIMEx_ConfigBreakDeadTime)
    HAL_TIMEx_ConfigBreakInput               0x08003acd   Thumb Code   190  stm32g4xx_hal_tim_ex.o(i.HAL_TIMEx_ConfigBreakInput)
    HAL_TIMEx_DirectionChangeCallback        0x08003b8b   Thumb Code     2  stm32g4xx_hal_tim_ex.o(i.HAL_TIMEx_DirectionChangeCallback)
    HAL_TIMEx_EncoderIndexCallback           0x08003b8d   Thumb Code     2  stm32g4xx_hal_tim_ex.o(i.HAL_TIMEx_EncoderIndexCallback)
    HAL_TIMEx_HallSensor_Init                0x08003b91   Thumb Code   208  stm32g4xx_hal_tim_ex.o(i.HAL_TIMEx_HallSensor_Init)
    HAL_TIMEx_HallSensor_MspInit             0x08003c6d   Thumb Code     2  stm32g4xx_hal_tim_ex.o(i.HAL_TIMEx_HallSensor_MspInit)
    HAL_TIMEx_IndexErrorCallback             0x08003c6f   Thumb Code     2  stm32g4xx_hal_tim_ex.o(i.HAL_TIMEx_IndexErrorCallback)
    HAL_TIMEx_MasterConfigSynchronization    0x08003c71   Thumb Code   132  stm32g4xx_hal_tim_ex.o(i.HAL_TIMEx_MasterConfigSynchronization)
    HAL_TIMEx_PWMN_Start                     0x08003d0d   Thumb Code   158  stm32g4xx_hal_tim_ex.o(i.HAL_TIMEx_PWMN_Start)
    HAL_TIMEx_PWMN_Stop                      0x08003dc5   Thumb Code   104  stm32g4xx_hal_tim_ex.o(i.HAL_TIMEx_PWMN_Stop)
    HAL_TIMEx_TransitionErrorCallback        0x08003e2d   Thumb Code     2  stm32g4xx_hal_tim_ex.o(i.HAL_TIMEx_TransitionErrorCallback)
    HAL_TIM_Base_Init                        0x08003e2f   Thumb Code    98  stm32g4xx_hal_tim.o(i.HAL_TIM_Base_Init)
    HAL_TIM_Base_MspInit                     0x08003e91   Thumb Code   170  tim.o(i.HAL_TIM_Base_MspInit)
    HAL_TIM_Base_Start                       0x08003f4d   Thumb Code    84  stm32g4xx_hal_tim.o(i.HAL_TIM_Base_Start)
    HAL_TIM_Base_Start_IT                    0x08003fb9   Thumb Code    94  stm32g4xx_hal_tim.o(i.HAL_TIM_Base_Start_IT)
    HAL_TIM_ConfigClockSource                0x08004031   Thumb Code   240  stm32g4xx_hal_tim.o(i.HAL_TIM_ConfigClockSource)
    HAL_TIM_IC_CaptureCallback               0x08004129   Thumb Code   234  main.o(i.HAL_TIM_IC_CaptureCallback)
    HAL_TIM_IRQHandler                       0x0800424d   Thumb Code   508  stm32g4xx_hal_tim.o(i.HAL_TIM_IRQHandler)
    HAL_TIM_MspPostInit                      0x08004449   Thumb Code   136  tim.o(i.HAL_TIM_MspPostInit)
    HAL_TIM_OC_DelayElapsedCallback          0x080044dd   Thumb Code     2  stm32g4xx_hal_tim.o(i.HAL_TIM_OC_DelayElapsedCallback)
    HAL_TIM_PWM_ConfigChannel                0x080044df   Thumb Code   286  stm32g4xx_hal_tim.o(i.HAL_TIM_PWM_ConfigChannel)
    HAL_TIM_PWM_Init                         0x080045fd   Thumb Code    98  stm32g4xx_hal_tim.o(i.HAL_TIM_PWM_Init)
    HAL_TIM_PWM_MspInit                      0x0800465f   Thumb Code     2  stm32g4xx_hal_tim.o(i.HAL_TIM_PWM_MspInit)
    HAL_TIM_PWM_PulseFinishedCallback        0x08004661   Thumb Code     2  stm32g4xx_hal_tim.o(i.HAL_TIM_PWM_PulseFinishedCallback)
    HAL_TIM_PWM_Start                        0x08004665   Thumb Code   218  stm32g4xx_hal_tim.o(i.HAL_TIM_PWM_Start)
    HAL_TIM_PWM_Stop                         0x08004761   Thumb Code   152  stm32g4xx_hal_tim.o(i.HAL_TIM_PWM_Stop)
    HAL_TIM_PeriodElapsedCallback            0x0800480d   Thumb Code    14  stm32g4xx_it.o(i.HAL_TIM_PeriodElapsedCallback)
    HAL_TIM_ReadCapturedValue                0x08004821   Thumb Code    42  stm32g4xx_hal_tim.o(i.HAL_TIM_ReadCapturedValue)
    HAL_TIM_TriggerCallback                  0x0800484b   Thumb Code     2  stm32g4xx_hal_tim.o(i.HAL_TIM_TriggerCallback)
    HAL_UARTEx_DisableFifoMode               0x0800484d   Thumb Code    62  stm32g4xx_hal_uart_ex.o(i.HAL_UARTEx_DisableFifoMode)
    HAL_UARTEx_RxEventCallback               0x0800488b   Thumb Code     2  stm32g4xx_hal_uart.o(i.HAL_UARTEx_RxEventCallback)
    HAL_UARTEx_RxFifoFullCallback            0x0800488d   Thumb Code     2  stm32g4xx_hal_uart_ex.o(i.HAL_UARTEx_RxFifoFullCallback)
    HAL_UARTEx_SetRxFifoThreshold            0x0800488f   Thumb Code    76  stm32g4xx_hal_uart_ex.o(i.HAL_UARTEx_SetRxFifoThreshold)
    HAL_UARTEx_SetTxFifoThreshold            0x080048db   Thumb Code    76  stm32g4xx_hal_uart_ex.o(i.HAL_UARTEx_SetTxFifoThreshold)
    HAL_UARTEx_TxFifoEmptyCallback           0x08004927   Thumb Code     2  stm32g4xx_hal_uart_ex.o(i.HAL_UARTEx_TxFifoEmptyCallback)
    HAL_UARTEx_WakeupCallback                0x08004929   Thumb Code     2  stm32g4xx_hal_uart_ex.o(i.HAL_UARTEx_WakeupCallback)
    HAL_UART_ErrorCallback                   0x0800492b   Thumb Code     2  stm32g4xx_hal_uart.o(i.HAL_UART_ErrorCallback)
    HAL_UART_IRQHandler                      0x0800492d   Thumb Code   632  stm32g4xx_hal_uart.o(i.HAL_UART_IRQHandler)
    HAL_UART_Init                            0x08004bb1   Thumb Code   106  stm32g4xx_hal_uart.o(i.HAL_UART_Init)
    HAL_UART_MspInit                         0x08004c1d   Thumb Code   148  usart.o(i.HAL_UART_MspInit)
    HAL_UART_Receive_IT                      0x08004cc5   Thumb Code    70  stm32g4xx_hal_uart.o(i.HAL_UART_Receive_IT)
    HAL_UART_RxCpltCallback                  0x08004d11   Thumb Code    64  sys_config.o(i.HAL_UART_RxCpltCallback)
    HAL_UART_Transmit_DMA                    0x08004d5d   Thumb Code   140  stm32g4xx_hal_uart.o(i.HAL_UART_Transmit_DMA)
    HAL_UART_TxCpltCallback                  0x08004df5   Thumb Code     2  stm32g4xx_hal_uart.o(i.HAL_UART_TxCpltCallback)
    HAL_UART_TxHalfCpltCallback              0x08004df7   Thumb Code     2  stm32g4xx_hal_uart.o(i.HAL_UART_TxHalfCpltCallback)
    MX_ADC1_Init                             0x08004e9d   Thumb Code   228  adc.o(i.MX_ADC1_Init)
    MX_ADC2_Init                             0x08004f91   Thumb Code   174  adc.o(i.MX_ADC2_Init)
    MX_COMP1_Init                            0x08005051   Thumb Code    46  comp.o(i.MX_COMP1_Init)
    MX_DAC3_Init                             0x08005089   Thumb Code    78  dac.o(i.MX_DAC3_Init)
    MX_DMA_Init                              0x080050e1   Thumb Code    56  dma.o(i.MX_DMA_Init)
    MX_GPIO_Init                             0x0800511d   Thumb Code   152  gpio.o(i.MX_GPIO_Init)
    MX_OPAMP1_Init                           0x080051c1   Thumb Code    42  opamp.o(i.MX_OPAMP1_Init)
    MX_OPAMP2_Init                           0x080051f5   Thumb Code    42  opamp.o(i.MX_OPAMP2_Init)
    MX_OPAMP3_Init                           0x08005229   Thumb Code    42  opamp.o(i.MX_OPAMP3_Init)
    MX_TIM1_Init                             0x0800525d   Thumb Code   312  tim.o(i.MX_TIM1_Init)
    MX_TIM4_Init                             0x0800539d   Thumb Code   130  tim.o(i.MX_TIM4_Init)
    MX_USART3_UART_Init                      0x08005429   Thumb Code    94  usart.o(i.MX_USART3_UART_Init)
    MemManage_Handler                        0x08005491   Thumb Code     2  stm32g4xx_it.o(i.MemManage_Handler)
    Motor_APP_GetState                       0x08005495   Thumb Code     6  motor_app_fsm.o(i.Motor_APP_GetState)
    Motor_APP_Init                           0x080054a1   Thumb Code   128  motor_app_fsm.o(i.Motor_APP_Init)
    Motor_APP_Start                          0x08005545   Thumb Code     8  motor_app_fsm.o(i.Motor_APP_Start)
    Motor_APP_Stop                           0x08005551   Thumb Code     8  motor_app_fsm.o(i.Motor_APP_Stop)
    Motor_APP_Task_10kHz                     0x0800555d   Thumb Code   512  motor_app_fsm.o(i.Motor_APP_Task_10kHz)
    Motor_FOC_Init                           0x08005791   Thumb Code    34  motor_foc.o(i.Motor_FOC_Init)
    Motor_FOC_Step                           0x080057b9   Thumb Code   356  motor_foc.o(i.Motor_FOC_Step)
    Motor_HAL_CalibrateOffsets               0x08005931   Thumb Code    88  motor_hal.o(i.Motor_HAL_CalibrateOffsets)
    Motor_HAL_DisablePWM                     0x08005995   Thumb Code    54  motor_hal.o(i.Motor_HAL_DisablePWM)
    Motor_HAL_EnablePWM                      0x080059d1   Thumb Code    62  motor_hal.o(i.Motor_HAL_EnablePWM)
    Motor_HAL_GetBusVoltage                  0x08005a15   Thumb Code    48  motor_hal.o(i.Motor_HAL_GetBusVoltage)
    Motor_HAL_GetPhaseCurrents               0x08005a51   Thumb Code    84  motor_hal.o(i.Motor_HAL_GetPhaseCurrents)
    Motor_HAL_Init                           0x08005aad   Thumb Code   122  motor_hal.o(i.Motor_HAL_Init)
    Motor_HAL_SetPWM                         0x08005b49   Thumb Code   144  motor_hal.o(i.Motor_HAL_SetPWM)
    NMI_Handler                              0x08005bf1   Thumb Code     2  stm32g4xx_it.o(i.NMI_Handler)
    SRF_PLL_Init                             0x08005c3d   Thumb Code    50  motor_pll.o(i.SRF_PLL_Init)
    SRF_PLL_Reset                            0x08005c7d   Thumb Code    58  motor_pll.o(i.SRF_PLL_Reset)
    SRF_PLL_Step                             0x08005cbd   Thumb Code   520  motor_pll.o(i.SRF_PLL_Step)
    SVC_Handler                              0x08005edd   Thumb Code     2  stm32g4xx_it.o(i.SVC_Handler)
    SysTick_Handler                          0x08005edf   Thumb Code    18  stm32g4xx_it.o(i.SysTick_Handler)
    SystemClock_Config                       0x08005ef1   Thumb Code   136  sys_config.o(i.SystemClock_Config)
    SystemInit                               0x08005f79   Thumb Code    12  system_stm32g4xx.o(i.SystemInit)
    TIM1_BRK_TIM15_IRQHandler                0x08005f89   Thumb Code     6  stm32g4xx_it.o(i.TIM1_BRK_TIM15_IRQHandler)
    TIM1_CC_IRQHandler                       0x08005f95   Thumb Code     6  stm32g4xx_it.o(i.TIM1_CC_IRQHandler)
    TIM1_UP_TIM16_IRQHandler                 0x08005fa1   Thumb Code     6  stm32g4xx_it.o(i.TIM1_UP_TIM16_IRQHandler)
    TIM4_IRQHandler                          0x08005fad   Thumb Code     6  stm32g4xx_it.o(i.TIM4_IRQHandler)
    TIM6_DAC_IRQHandler                      0x08005fb9   Thumb Code     6  stm32g4xx_it.o(i.TIM6_DAC_IRQHandler)
    TIM_Base_SetConfig                       0x08005fc5   Thumb Code   146  stm32g4xx_hal_tim.o(i.TIM_Base_SetConfig)
    TIM_CCxChannelCmd                        0x08006075   Thumb Code    26  stm32g4xx_hal_tim.o(i.TIM_CCxChannelCmd)
    TIM_ETR_SetConfig                        0x080060a9   Thumb Code    20  stm32g4xx_hal_tim.o(i.TIM_ETR_SetConfig)
    TIM_OC2_SetConfig                        0x0800616d   Thumb Code   120  stm32g4xx_hal_tim.o(i.TIM_OC2_SetConfig)
    TIM_TI1_SetConfig                        0x08006421   Thumb Code    88  stm32g4xx_hal_tim.o(i.TIM_TI1_SetConfig)
    UART_AdvFeatureConfig                    0x080064f5   Thumb Code   200  stm32g4xx_hal_uart.o(i.UART_AdvFeatureConfig)
    UART_CheckIdleState                      0x080065bd   Thumb Code    96  stm32g4xx_hal_uart.o(i.UART_CheckIdleState)
    UART_SetConfig                           0x08006a89   Thumb Code   582  stm32g4xx_hal_uart.o(i.UART_SetConfig)
    UART_Start_Receive_IT                    0x08006cfd   Thumb Code   198  stm32g4xx_hal_uart.o(i.UART_Start_Receive_IT)
    UART_WaitOnFlagUntilTimeout              0x08006dd5   Thumb Code   164  stm32g4xx_hal_uart.o(i.UART_WaitOnFlagUntilTimeout)
    USART3_IRQHandler                        0x08006e79   Thumb Code     6  stm32g4xx_it.o(i.USART3_IRQHandler)
    UsageFault_Handler                       0x08006e85   Thumb Code     2  stm32g4xx_it.o(i.UsageFault_Handler)
    __rt_ffs                                 0x08006f01   Thumb Code    64  kservice.o(i.__rt_ffs)
    __scatterload_copy                       0x08006f45   Thumb Code    14  handlers.o(i.__scatterload_copy)
    __scatterload_null                       0x08006f53   Thumb Code     2  handlers.o(i.__scatterload_null)
    __scatterload_zeroinit                   0x08006f55   Thumb Code    14  handlers.o(i.__scatterload_zeroinit)
    $Super$$main                             0x08007025   Thumb Code    64  main.o(i.main)
    main_thread_entry                        0x08007075   Thumb Code    14  components.o(i.main_thread_entry)
    rt_application_init                      0x080070d9   Thumb Code    32  components.o(i.rt_application_init)
    rt_components_board_init                 0x08007105   Thumb Code    20  components.o(i.rt_components_board_init)
    rt_components_init                       0x08007121   Thumb Code    20  components.o(i.rt_components_init)
    rt_enter_critical                        0x0800713d   Thumb Code    22  scheduler.o(i.rt_enter_critical)
    rt_exit_critical                         0x08007159   Thumb Code    52  scheduler.o(i.rt_exit_critical)
    rt_free                                  0x08007191   Thumb Code    84  mem.o(i.rt_free)
    rt_heap_begin_get                        0x080071ed   Thumb Code     4  board.o(i.rt_heap_begin_get)
    rt_heap_end_get                          0x080071f5   Thumb Code     4  board.o(i.rt_heap_end_get)
    rt_hw_board_init                         0x080071fd   Thumb Code    26  board.o(i.rt_hw_board_init)
    rt_hw_hard_fault_exception               0x08007219   Thumb Code    20  cpuport.o(i.rt_hw_hard_fault_exception)
    rt_hw_stack_init                         0x08007231   Thumb Code    54  cpuport.o(i.rt_hw_stack_init)
    rt_interrupt_enter                       0x0800726d   Thumb Code    22  irq.o(i.rt_interrupt_enter)
    rt_interrupt_leave                       0x08007289   Thumb Code    22  irq.o(i.rt_interrupt_leave)
    rt_malloc                                0x08007365   Thumb Code   232  mem.o(i.rt_malloc)
    rt_memset                                0x08007455   Thumb Code    70  kservice.o(i.rt_memset)
    rt_object_allocate                       0x0800749b   Thumb Code    80  object.o(i.rt_object_allocate)
    rt_object_delete                         0x080074eb   Thumb Code    38  object.o(i.rt_object_delete)
    rt_object_detach                         0x08007511   Thumb Code    32  object.o(i.rt_object_detach)
    rt_object_get_information                0x08007531   Thumb Code    30  object.o(i.rt_object_get_information)
    rt_object_init                           0x08007555   Thumb Code    80  object.o(i.rt_object_init)
    rt_object_is_systemobject                0x080075a5   Thumb Code    14  object.o(i.rt_object_is_systemobject)
    rt_schedule                              0x080075b5   Thumb Code    76  scheduler.o(i.rt_schedule)
    rt_schedule_insert_thread                0x0800760d   Thumb Code    70  scheduler.o(i.rt_schedule_insert_thread)
    rt_schedule_remove_thread                0x0800765d   Thumb Code    64  scheduler.o(i.rt_schedule_remove_thread)
    rt_sem_init                              0x080076a5   Thumb Code    36  ipc.o(i.rt_sem_init)
    rt_sem_release                           0x080076c9   Thumb Code    74  ipc.o(i.rt_sem_release)
    rt_sem_take                              0x08007713   Thumb Code   110  ipc.o(i.rt_sem_take)
    rt_show_version                          0x08007781   Thumb Code     2  kservice.o(i.rt_show_version)
    rt_strncpy                               0x08007783   Thumb Code    38  kservice.o(i.rt_strncpy)
    rt_system_heap_init                      0x080077a9   Thumb Code    82  mem.o(i.rt_system_heap_init)
    rt_system_scheduler_init                 0x0800780d   Thumb Code    44  scheduler.o(i.rt_system_scheduler_init)
    rt_system_scheduler_start                0x08007841   Thumb Code    32  scheduler.o(i.rt_system_scheduler_start)
    rt_system_timer_init                     0x08007869   Thumb Code     8  timer.o(i.rt_system_timer_init)
    rt_system_timer_thread_init              0x08007875   Thumb Code     2  timer.o(i.rt_system_timer_thread_init)
    rt_thread_create                         0x08007877   Thumb Code    72  thread.o(i.rt_thread_create)
    rt_thread_exit                           0x080078c1   Thumb Code    82  thread.o(i.rt_thread_exit)
    rt_thread_idle_excute                    0x08007925   Thumb Code    70  idle.o(i.rt_thread_idle_excute)
    rt_thread_idle_init                      0x08007971   Thumb Code    40  idle.o(i.rt_thread_idle_init)
    rt_thread_init                           0x080079a9   Thumb Code    48  thread.o(i.rt_thread_init)
    rt_thread_resume                         0x080079d9   Thumb Code    60  thread.o(i.rt_thread_resume)
    rt_thread_self                           0x08007a15   Thumb Code     6  thread.o(i.rt_thread_self)
    rt_thread_startup                        0x08007a21   Thumb Code    40  thread.o(i.rt_thread_startup)
    rt_thread_suspend                        0x08007a4d   Thumb Code    66  thread.o(i.rt_thread_suspend)
    rt_thread_timeout                        0x08007a8f   Thumb Code    32  thread.o(i.rt_thread_timeout)
    rt_thread_yield                          0x08007ab1   Thumb Code    86  thread.o(i.rt_thread_yield)
    rt_tick_get                              0x08007b11   Thumb Code     6  clock.o(i.rt_tick_get)
    rt_tick_increase                         0x08007b1d   Thumb Code    38  clock.o(i.rt_tick_increase)
    rt_timer_check                           0x08007b49   Thumb Code   136  timer.o(i.rt_timer_check)
    rt_timer_control                         0x08007bd5   Thumb Code    72  timer.o(i.rt_timer_control)
    rt_timer_detach                          0x08007c1d   Thumb Code    40  timer.o(i.rt_timer_detach)
    rt_timer_init                            0x08007c45   Thumb Code    40  timer.o(i.rt_timer_init)
    rt_timer_start                           0x08007c6d   Thumb Code   126  timer.o(i.rt_timer_start)
    rt_timer_stop                            0x08007cf1   Thumb Code    46  timer.o(i.rt_timer_stop)
    rtthread_startup                         0x08007d2f   Thumb Code    42  components.o(i.rtthread_startup)
    UARTPrescTable                           0x08007d68   Data          24  stm32g4xx_hal_uart.o(.constdata)
    AHBPrescTable                            0x08007d90   Data          16  system_stm32g4xx.o(.constdata)
    APBPrescTable                            0x08007da0   Data           8  system_stm32g4xx.o(.constdata)
    __lowest_bit_bitmap                      0x08007da8   Data         256  kservice.o(.constdata)
    sinTable_f32                             0x08007ecc   Data        2052  arm_common_tables.o(.rodata.sinTable_f32)
    __rt_init_rti_start                      0x080086d0   Data           4  components.o(.rti_fn.0)
    __rt_init_rti_board_start                0x080086d4   Data           4  components.o(.rti_fn.0.end)
    __rt_init_rti_board_end                  0x080086d8   Data           4  components.o(.rti_fn.1.end)
    __rt_init_rti_end                        0x080086dc   Data           4  components.o(.rti_fn.6.end)
    Region$$Table$$Base                      0x080086e0   Number         0  anon$$obj.o(Region$$Table)
    Region$$Table$$Limit                     0x08008700   Number         0  anon$$obj.o(Region$$Table)
    HallReadTemp                             0x20000000   Data           1  main.o(.data)
    HallTheta                                0x20000004   Data           4  main.o(.data)
    HallThetaAdd                             0x20000008   Data           4  main.o(.data)
    HallSpeed                                0x2000000c   Data           4  main.o(.data)
    RxData                                   0x2000002c   Data           8  sys_config.o(.data)
    Uart1_Rx_Cnt                             0x20000034   Data           1  sys_config.o(.data)
    aRxBuffer                                0x20000035   Data           1  sys_config.o(.data)
    uwTickPrio                               0x20000038   Data           4  stm32g4xx_hal.o(.data)
    uwTickFreq                               0x2000003c   Data           4  stm32g4xx_hal.o(.data)
    uwTick                                   0x20000040   Data           4  stm32g4xx_hal.o(.data)
    SystemCoreClock                          0x20000044   Data           4  system_stm32g4xx.o(.data)
    current_state                            0x20000048   Data           1  motor_app_fsm.o(.data)
    motor_cmd_run                            0x20000049   Data           1  motor_app_fsm.o(.data)
    Active_Sensor                            0x2000004c   Data           4  motor_app_fsm.o(.data)
    state_timer                              0x20000050   Data           4  motor_app_fsm.o(.data)
    open_loop_theta                          0x20000054   Data           4  motor_app_fsm.o(.data)
    open_loop_speed                          0x20000058   Data           4  motor_app_fsm.o(.data)
    global_target_speed_rpm                  0x2000005c   Data           4  motor_app_fsm.o(.data)
    Sensor_BEMF                              0x20000074   Data          20  motor_sensor.o(.data)
    rt_interrupt_from_thread                 0x2000008c   Data           4  cpuport.o(.data)
    rt_interrupt_to_thread                   0x20000090   Data           4  cpuport.o(.data)
    rt_thread_switch_interrupt_flag          0x20000094   Data           4  cpuport.o(.data)
    rt_interrupt_nest                        0x2000009c   Data           1  irq.o(.data)
    rt_current_priority                      0x200000f8   Data           1  scheduler.o(.data)
    rt_current_thread                        0x200000fc   Data           4  scheduler.o(.data)
    rt_thread_ready_priority_group           0x20000100   Data           4  scheduler.o(.data)
    rt_thread_defunct                        0x20000104   Data           8  scheduler.o(.data)
    hadc1                                    0x2000012c   Data         108  adc.o(.bss)
    hadc2                                    0x20000198   Data         108  adc.o(.bss)
    hcomp1                                   0x20000204   Data          36  comp.o(.bss)
    hdac1                                    0x20000228   Data          20  dac.o(.bss)
    hdac3                                    0x2000023c   Data          20  dac.o(.bss)
    hfdcan1                                  0x20000250   Data         100  fdcan.o(.bss)
    hopamp1                                  0x200002b4   Data          60  opamp.o(.bss)
    hopamp2                                  0x200002f0   Data          60  opamp.o(.bss)
    hopamp3                                  0x2000032c   Data          60  opamp.o(.bss)
    htim1                                    0x20000368   Data          76  tim.o(.bss)
    htim4                                    0x200003b4   Data          76  tim.o(.bss)
    huart3                                   0x20000400   Data         144  usart.o(.bss)
    hdma_usart3_tx                           0x20000490   Data          96  usart.o(.bss)
    RxHeader                                 0x200004f0   Data          40  sys_config.o(.bss)
    TxHeader                                 0x20000518   Data          36  sys_config.o(.bss)
    RxBuffer                                 0x2000053c   Data         256  sys_config.o(.bss)
    htim6                                    0x2000063c   Data          76  stm32g4xx_hal_timebase_tim.o(.bss)
    g_foc_vars                               0x20000688   Data          72  motor_app_fsm.o(.bss)
    g_pi_id                                  0x200006d0   Data          20  motor_app_fsm.o(.bss)
    g_pi_iq                                  0x200006e4   Data          20  motor_app_fsm.o(.bss)
    g_pi_speed                               0x200006f8   Data          20  motor_app_fsm.o(.bss)
    bemf_obs                                 0x2000070c   Data          56  motor_sensor.o(.bss)
    bemf_pll                                 0x20000744   Data          40  motor_sensor.o(.bss)
    rt_thread_priority_table                 0x20000904   Data         256  scheduler.o(.bss)
    __initial_sp                             0x20004a08   Data           0  startup_stm32g431xx.o(STACK)



==============================================================================

Memory Map of the image

  Image Entry point : 0x080001d9

  Load Region LR_IROM1 (Base: 0x08000000, Size: 0x00008818, Max: 0x00020000, ABSOLUTE)

    Execution Region ER_IROM1 (Exec base: 0x08000000, Load base: 0x08000000, Size: 0x00008700, Max: 0x00020000, ABSOLUTE)

    Exec Addr    Load Addr    Size         Type   Attr      Idx    E Section Name        Object

    0x08000000   0x08000000   0x000001d8   Data   RO            3    RESET               startup_stm32g431xx.o
    0x080001d8   0x080001d8   0x00000000   Code   RO         6780  * .ARM.Collect$$$$00000000  mc_w.l(entry.o)
    0x080001d8   0x080001d8   0x00000004   Code   RO         6791    .ARM.Collect$$$$00000001  mc_w.l(entry2.o)
    0x080001dc   0x080001dc   0x00000004   Code   RO         6794    .ARM.Collect$$$$00000004  mc_w.l(entry5.o)
    0x080001e0   0x080001e0   0x00000000   Code   RO         6796    .ARM.Collect$$$$00000008  mc_w.l(entry7b.o)
    0x080001e0   0x080001e0   0x00000000   Code   RO         6798    .ARM.Collect$$$$0000000A  mc_w.l(entry8b.o)
    0x080001e0   0x080001e0   0x00000008   Code   RO         6799    .ARM.Collect$$$$0000000B  mc_w.l(entry9a.o)
    0x080001e8   0x080001e8   0x00000000   Code   RO         6801    .ARM.Collect$$$$0000000D  mc_w.l(entry10a.o)
    0x080001e8   0x080001e8   0x00000000   Code   RO         6803    .ARM.Collect$$$$0000000F  mc_w.l(entry11a.o)
    0x080001e8   0x080001e8   0x00000004   Code   RO         6792    .ARM.Collect$$$$00002712  mc_w.l(entry2.o)
    0x080001ec   0x080001ec   0x00000024   Code   RO            4    .text               startup_stm32g431xx.o
    0x08000210   0x08000210   0x00000134   Code   RO         5709    .text               context_rvds.o
    0x08000344   0x08000344   0x00000062   Code   RO         6783    .text               mc_w.l(uldiv.o)
    0x080003a6   0x080003a6   0x00000024   Code   RO         6785    .text               mc_w.l(memcpya.o)
    0x080003ca   0x080003ca   0x00000024   Code   RO         6787    .text               mc_w.l(memseta.o)
    0x080003ee   0x080003ee   0x0000001e   Code   RO         6805    .text               mc_w.l(llshl.o)
    0x0800040c   0x0800040c   0x00000020   Code   RO         6807    .text               mc_w.l(llushr.o)
    0x0800042c   0x0800042c   0x00000024   Code   RO         6809    .text               mc_w.l(init.o)
    0x08000450   0x08000450   0x000000a0   Code   RO         6666    .text.arm_cos_f32   arm_cortexM4lf_math.lib(arm_cos_f32.o)
    0x080004f0   0x080004f0   0x00000098   Code   RO         6676    .text.arm_sin_f32   arm_cortexM4lf_math.lib(arm_sin_f32.o)
    0x08000588   0x08000588   0x0000000a   Code   RO         5796    i.$Sub$$main        components.o
    0x08000592   0x08000592   0x00000002   PAD
    0x08000594   0x08000594   0x0000001c   Code   RO          626    i.ADC1_2_IRQHandler  stm32g4xx_it.o
    0x080005b0   0x080005b0   0x00000074   Code   RO          911    i.ADC_Enable        stm32g4xx_hal_adc.o
    0x08000624   0x08000624   0x00000060   Code   RO         5543    i.BEMF_Observer_Init  motor_mw_foc.o
    0x08000684   0x08000684   0x000000f4   Code   RO         5544    i.BEMF_Observer_Step  motor_mw_foc.o
    0x08000778   0x08000778   0x0000000c   Code   RO         5667    i.BEMF_Wrapper_GetSpeed  motor_sensor.o
    0x08000784   0x08000784   0x00000044   Code   RO         5668    i.BEMF_Wrapper_GetTheta  motor_sensor.o
    0x080007c8   0x080007c8   0x00000080   Code   RO         5669    i.BEMF_Wrapper_Init  motor_sensor.o
    0x08000848   0x08000848   0x0000004c   Code   RO         5670    i.BEMF_Wrapper_Update  motor_sensor.o
    0x08000894   0x08000894   0x00000002   Code   RO          627    i.BusFault_Handler  stm32g4xx_it.o
    0x08000896   0x08000896   0x00000002   PAD
    0x08000898   0x08000898   0x0000000c   Code   RO          628    i.COMP1_2_3_IRQHandler  stm32g4xx_it.o
    0x080008a4   0x080008a4   0x0000000c   Code   RO          629    i.DMA1_Channel1_IRQHandler  stm32g4xx_it.o
    0x080008b0   0x080008b0   0x00000040   Code   RO         2186    i.DMA_CalcDMAMUXChannelBaseAndMask  stm32g4xx_hal_dma.o
    0x080008f0   0x080008f0   0x00000024   Code   RO         2187    i.DMA_CalcDMAMUXRequestGenBaseAndMask  stm32g4xx_hal_dma.o
    0x08000914   0x08000914   0x0000003e   Code   RO         2188    i.DMA_SetConfig     stm32g4xx_hal_dma.o
    0x08000952   0x08000952   0x00000002   Code   RO          630    i.DebugMon_Handler  stm32g4xx_it.o
    0x08000954   0x08000954   0x0000001e   Code   RO          631    i.EXTI15_10_IRQHandler  stm32g4xx_it.o
    0x08000972   0x08000972   0x00000004   Code   RO           13    i.Error_Handler     main.o
    0x08000976   0x08000976   0x00000002   PAD
    0x08000978   0x08000978   0x00000024   Code   RO          632    i.FDCAN1_IT0_IRQHandler  stm32g4xx_it.o
    0x0800099c   0x0800099c   0x0000005c   Code   RO          815    i.FDCAN_Config      sys_config.o
    0x080009f8   0x080009f8   0x00000068   Code   RO         3209    i.FDCAN_CopyMessageToRAM  stm32g4xx_hal_fdcan.o
    0x08000a60   0x08000a60   0x00000002   Code   RO         1148    i.HAL_ADCEx_EndOfSamplingCallback  stm32g4xx_hal_adc_ex.o
    0x08000a62   0x08000a62   0x00000002   PAD
    0x08000a64   0x08000a64   0x00000518   Code   RO         1150    i.HAL_ADCEx_InjectedConfigChannel  stm32g4xx_hal_adc_ex.o
    0x08000f7c   0x08000f7c   0x000000b0   Code   RO           14    i.HAL_ADCEx_InjectedConvCpltCallback  main.o
    0x0800102c   0x0800102c   0x00000002   Code   RO         1154    i.HAL_ADCEx_InjectedQueueOverflowCallback  stm32g4xx_hal_adc_ex.o
    0x0800102e   0x0800102e   0x00000002   PAD
    0x08001030   0x08001030   0x000000e8   Code   RO         1155    i.HAL_ADCEx_InjectedStart  stm32g4xx_hal_adc_ex.o
    0x08001118   0x08001118   0x00000128   Code   RO         1156    i.HAL_ADCEx_InjectedStart_IT  stm32g4xx_hal_adc_ex.o
    0x08001240   0x08001240   0x00000002   Code   RO         1159    i.HAL_ADCEx_LevelOutOfWindow2Callback  stm32g4xx_hal_adc_ex.o
    0x08001242   0x08001242   0x00000002   Code   RO         1160    i.HAL_ADCEx_LevelOutOfWindow3Callback  stm32g4xx_hal_adc_ex.o
    0x08001244   0x08001244   0x000000d8   Code   RO         1161    i.HAL_ADCEx_MultiModeConfigChannel  stm32g4xx_hal_adc_ex.o
    0x0800131c   0x0800131c   0x00000424   Code   RO          913    i.HAL_ADC_ConfigChannel  stm32g4xx_hal_adc.o
    0x08001740   0x08001740   0x00000002   Code   RO          914    i.HAL_ADC_ConvCpltCallback  stm32g4xx_hal_adc.o
    0x08001742   0x08001742   0x00000002   Code   RO          917    i.HAL_ADC_ErrorCallback  stm32g4xx_hal_adc.o
    0x08001744   0x08001744   0x00000006   Code   RO          920    i.HAL_ADC_GetValue  stm32g4xx_hal_adc.o
    0x0800174a   0x0800174a   0x00000002   PAD
    0x0800174c   0x0800174c   0x0000026c   Code   RO          921    i.HAL_ADC_IRQHandler  stm32g4xx_hal_adc.o
    0x080019b8   0x080019b8   0x000001fc   Code   RO          922    i.HAL_ADC_Init      stm32g4xx_hal_adc.o
    0x08001bb4   0x08001bb4   0x00000002   Code   RO          923    i.HAL_ADC_LevelOutOfWindowCallback  stm32g4xx_hal_adc.o
    0x08001bb6   0x08001bb6   0x00000002   PAD
    0x08001bb8   0x08001bb8   0x000000dc   Code   RO          269    i.HAL_ADC_MspInit   adc.o
    0x08001c94   0x08001c94   0x000000fc   Code   RO          926    i.HAL_ADC_PollForConversion  stm32g4xx_hal_adc.o
    0x08001d90   0x08001d90   0x000000f4   Code   RO          928    i.HAL_ADC_Start     stm32g4xx_hal_adc.o
    0x08001e84   0x08001e84   0x00000048   Code   RO         2832    i.HAL_COMP_IRQHandler  stm32g4xx_hal_comp.o
    0x08001ecc   0x08001ecc   0x00000120   Code   RO         2833    i.HAL_COMP_Init     stm32g4xx_hal_comp.o
    0x08001fec   0x08001fec   0x0000005c   Code   RO          318    i.HAL_COMP_MspInit  comp.o
    0x08002048   0x08002048   0x0000004c   Code   RO         2837    i.HAL_COMP_Start    stm32g4xx_hal_comp.o
    0x08002094   0x08002094   0x00000002   Code   RO         2839    i.HAL_COMP_TriggerCallback  stm32g4xx_hal_comp.o
    0x08002096   0x08002096   0x00000002   PAD
    0x08002098   0x08002098   0x000001b4   Code   RO         2924    i.HAL_DAC_ConfigChannel  stm32g4xx_hal_dac.o
    0x0800224c   0x0800224c   0x00000028   Code   RO         2934    i.HAL_DAC_Init      stm32g4xx_hal_dac.o
    0x08002274   0x08002274   0x00000078   Code   RO          360    i.HAL_DAC_MspInit   dac.o
    0x080022ec   0x080022ec   0x0000001a   Code   RO         2937    i.HAL_DAC_SetValue  stm32g4xx_hal_dac.o
    0x08002306   0x08002306   0x00000068   Code   RO         2938    i.HAL_DAC_Start     stm32g4xx_hal_dac.o
    0x0800236e   0x0800236e   0x0000006a   Code   RO         2189    i.HAL_DMA_Abort     stm32g4xx_hal_dma.o
    0x080023d8   0x080023d8   0x00000078   Code   RO         2190    i.HAL_DMA_Abort_IT  stm32g4xx_hal_dma.o
    0x08002450   0x08002450   0x000000ba   Code   RO         2194    i.HAL_DMA_IRQHandler  stm32g4xx_hal_dma.o
    0x0800250a   0x0800250a   0x00000002   PAD
    0x0800250c   0x0800250c   0x000000c0   Code   RO         2195    i.HAL_DMA_Init      stm32g4xx_hal_dma.o
    0x080025cc   0x080025cc   0x0000008c   Code   RO         2199    i.HAL_DMA_Start_IT  stm32g4xx_hal_dma.o
    0x08002658   0x08002658   0x00000024   Code   RO         1360    i.HAL_Delay         stm32g4xx_hal.o
    0x0800267c   0x0800267c   0x000000e0   Code   RO         3211    i.HAL_FDCAN_ActivateNotification  stm32g4xx_hal_fdcan.o
    0x0800275c   0x0800275c   0x0000004a   Code   RO         3212    i.HAL_FDCAN_AddMessageToTxFifoQ  stm32g4xx_hal_fdcan.o
    0x080027a6   0x080027a6   0x0000005c   Code   RO         3214    i.HAL_FDCAN_ConfigFilter  stm32g4xx_hal_fdcan.o
    0x08002802   0x08002802   0x00000002   Code   RO         3235    i.HAL_FDCAN_ErrorCallback  stm32g4xx_hal_fdcan.o
    0x08002804   0x08002804   0x00000002   Code   RO         3236    i.HAL_FDCAN_ErrorStatusCallback  stm32g4xx_hal_fdcan.o
    0x08002806   0x08002806   0x00000002   PAD
    0x08002808   0x08002808   0x000000f0   Code   RO         3245    i.HAL_FDCAN_GetRxMessage  stm32g4xx_hal_fdcan.o
    0x080028f8   0x080028f8   0x00000002   Code   RO         3251    i.HAL_FDCAN_HighPriorityMessageCallback  stm32g4xx_hal_fdcan.o
    0x080028fa   0x080028fa   0x00000160   Code   RO         3252    i.HAL_FDCAN_IRQHandler  stm32g4xx_hal_fdcan.o
    0x08002a5a   0x08002a5a   0x00000002   Code   RO         3260    i.HAL_FDCAN_RxFifo0Callback  stm32g4xx_hal_fdcan.o
    0x08002a5c   0x08002a5c   0x00000002   Code   RO         3261    i.HAL_FDCAN_RxFifo1Callback  stm32g4xx_hal_fdcan.o
    0x08002a5e   0x08002a5e   0x0000002c   Code   RO         3262    i.HAL_FDCAN_Start   stm32g4xx_hal_fdcan.o
    0x08002a8a   0x08002a8a   0x00000002   Code   RO         3264    i.HAL_FDCAN_TimeoutOccurredCallback  stm32g4xx_hal_fdcan.o
    0x08002a8c   0x08002a8c   0x00000002   Code   RO         3265    i.HAL_FDCAN_TimestampWraparoundCallback  stm32g4xx_hal_fdcan.o
    0x08002a8e   0x08002a8e   0x00000002   Code   RO         3266    i.HAL_FDCAN_TxBufferAbortCallback  stm32g4xx_hal_fdcan.o
    0x08002a90   0x08002a90   0x00000002   Code   RO         3267    i.HAL_FDCAN_TxBufferCompleteCallback  stm32g4xx_hal_fdcan.o
    0x08002a92   0x08002a92   0x00000002   Code   RO         3268    i.HAL_FDCAN_TxEventFifoCallback  stm32g4xx_hal_fdcan.o
    0x08002a94   0x08002a94   0x00000002   Code   RO         3269    i.HAL_FDCAN_TxFifoEmptyCallback  stm32g4xx_hal_fdcan.o
    0x08002a96   0x08002a96   0x00000020   Code   RO          816    i.HAL_GPIO_EXTI_Callback  sys_config.o
    0x08002ab6   0x08002ab6   0x00000002   PAD
    0x08002ab8   0x08002ab8   0x00000018   Code   RO         2050    i.HAL_GPIO_EXTI_IRQHandler  stm32g4xx_hal_gpio.o
    0x08002ad0   0x08002ad0   0x000001c8   Code   RO         2051    i.HAL_GPIO_Init     stm32g4xx_hal_gpio.o
    0x08002c98   0x08002c98   0x0000000a   Code   RO         2053    i.HAL_GPIO_ReadPin  stm32g4xx_hal_gpio.o
    0x08002ca2   0x08002ca2   0x0000000a   Code   RO         2055    i.HAL_GPIO_WritePin  stm32g4xx_hal_gpio.o
    0x08002cac   0x08002cac   0x0000000c   Code   RO         1364    i.HAL_GetTick       stm32g4xx_hal.o
    0x08002cb8   0x08002cb8   0x00000010   Code   RO         1367    i.HAL_IncTick       stm32g4xx_hal.o
    0x08002cc8   0x08002cc8   0x0000001e   Code   RO         1368    i.HAL_Init          stm32g4xx_hal.o
    0x08002ce6   0x08002ce6   0x00000002   PAD
    0x08002ce8   0x08002ce8   0x0000007c   Code   RO          867    i.HAL_InitTick      stm32g4xx_hal_timebase_tim.o
    0x08002d64   0x08002d64   0x00000030   Code   RO          791    i.HAL_MspInit       stm32g4xx_hal_msp.o
    0x08002d94   0x08002d94   0x0000001a   Code   RO         2698    i.HAL_NVIC_EnableIRQ  stm32g4xx_hal_cortex.o
    0x08002dae   0x08002dae   0x00000002   PAD
    0x08002db0   0x08002db0   0x00000040   Code   RO         2704    i.HAL_NVIC_SetPriority  stm32g4xx_hal_cortex.o
    0x08002df0   0x08002df0   0x00000024   Code   RO         2705    i.HAL_NVIC_SetPriorityGrouping  stm32g4xx_hal_cortex.o
    0x08002e14   0x08002e14   0x000000f4   Code   RO         3597    i.HAL_OPAMP_Init    stm32g4xx_hal_opamp.o
    0x08002f08   0x08002f08   0x000000a4   Code   RO          477    i.HAL_OPAMP_MspInit  opamp.o
    0x08002fac   0x08002fac   0x0000002c   Code   RO         3603    i.HAL_OPAMP_Start   stm32g4xx_hal_opamp.o
    0x08002fd8   0x08002fd8   0x000000bc   Code   RO         2454    i.HAL_PWREx_ControlVoltageScaling  stm32g4xx_hal_pwr_ex.o
    0x08003094   0x08003094   0x00000010   Code   RO         2466    i.HAL_PWREx_DisableUCPDDeadBattery  stm32g4xx_hal_pwr_ex.o
    0x080030a4   0x080030a4   0x00000288   Code   RO         1713    i.HAL_RCCEx_PeriphCLKConfig  stm32g4xx_hal_rcc_ex.o
    0x0800332c   0x0800332c   0x000001dc   Code   RO         1588    i.HAL_RCC_ClockConfig  stm32g4xx_hal_rcc.o
    0x08003508   0x08003508   0x00000040   Code   RO         1593    i.HAL_RCC_GetClockConfig  stm32g4xx_hal_rcc.o
    0x08003548   0x08003548   0x0000000c   Code   RO         1594    i.HAL_RCC_GetHCLKFreq  stm32g4xx_hal_rcc.o
    0x08003554   0x08003554   0x00000024   Code   RO         1596    i.HAL_RCC_GetPCLK1Freq  stm32g4xx_hal_rcc.o
    0x08003578   0x08003578   0x00000024   Code   RO         1597    i.HAL_RCC_GetPCLK2Freq  stm32g4xx_hal_rcc.o
    0x0800359c   0x0800359c   0x00000070   Code   RO         1598    i.HAL_RCC_GetSysClockFreq  stm32g4xx_hal_rcc.o
    0x0800360c   0x0800360c   0x0000040c   Code   RO         1601    i.HAL_RCC_OscConfig  stm32g4xx_hal_rcc.o
    0x08003a18   0x08003a18   0x00000002   Code   RO         4418    i.HAL_TIMEx_Break2Callback  stm32g4xx_hal_tim_ex.o
    0x08003a1a   0x08003a1a   0x00000002   Code   RO         4419    i.HAL_TIMEx_BreakCallback  stm32g4xx_hal_tim_ex.o
    0x08003a1c   0x08003a1c   0x00000002   Code   RO         4420    i.HAL_TIMEx_CommutCallback  stm32g4xx_hal_tim_ex.o
    0x08003a1e   0x08003a1e   0x00000002   PAD
    0x08003a20   0x08003a20   0x000000ac   Code   RO         4423    i.HAL_TIMEx_ConfigBreakDeadTime  stm32g4xx_hal_tim_ex.o
    0x08003acc   0x08003acc   0x000000be   Code   RO         4424    i.HAL_TIMEx_ConfigBreakInput  stm32g4xx_hal_tim_ex.o
    0x08003b8a   0x08003b8a   0x00000002   Code   RO         4431    i.HAL_TIMEx_DirectionChangeCallback  stm32g4xx_hal_tim_ex.o
    0x08003b8c   0x08003b8c   0x00000002   Code   RO         4445    i.HAL_TIMEx_EncoderIndexCallback  stm32g4xx_hal_tim_ex.o
    0x08003b8e   0x08003b8e   0x00000002   PAD
    0x08003b90   0x08003b90   0x000000dc   Code   RO         4450    i.HAL_TIMEx_HallSensor_Init  stm32g4xx_hal_tim_ex.o
    0x08003c6c   0x08003c6c   0x00000002   Code   RO         4452    i.HAL_TIMEx_HallSensor_MspInit  stm32g4xx_hal_tim_ex.o
    0x08003c6e   0x08003c6e   0x00000002   Code   RO         4459    i.HAL_TIMEx_IndexErrorCallback  stm32g4xx_hal_tim_ex.o
    0x08003c70   0x08003c70   0x0000009c   Code   RO         4460    i.HAL_TIMEx_MasterConfigSynchronization  stm32g4xx_hal_tim_ex.o
    0x08003d0c   0x08003d0c   0x000000b8   Code   RO         4472    i.HAL_TIMEx_PWMN_Start  stm32g4xx_hal_tim_ex.o
    0x08003dc4   0x08003dc4   0x00000068   Code   RO         4475    i.HAL_TIMEx_PWMN_Stop  stm32g4xx_hal_tim_ex.o
    0x08003e2c   0x08003e2c   0x00000002   Code   RO         4481    i.HAL_TIMEx_TransitionErrorCallback  stm32g4xx_hal_tim_ex.o
    0x08003e2e   0x08003e2e   0x00000062   Code   RO         3704    i.HAL_TIM_Base_Init  stm32g4xx_hal_tim.o
    0x08003e90   0x08003e90   0x000000bc   Code   RO          531    i.HAL_TIM_Base_MspInit  tim.o
    0x08003f4c   0x08003f4c   0x0000006c   Code   RO         3707    i.HAL_TIM_Base_Start  stm32g4xx_hal_tim.o
    0x08003fb8   0x08003fb8   0x00000078   Code   RO         3709    i.HAL_TIM_Base_Start_IT  stm32g4xx_hal_tim.o
    0x08004030   0x08004030   0x000000f8   Code   RO         3713    i.HAL_TIM_ConfigClockSource  stm32g4xx_hal_tim.o
    0x08004128   0x08004128   0x00000124   Code   RO           15    i.HAL_TIM_IC_CaptureCallback  main.o
    0x0800424c   0x0800424c   0x000001fc   Code   RO         3752    i.HAL_TIM_IRQHandler  stm32g4xx_hal_tim.o
    0x08004448   0x08004448   0x00000094   Code   RO          532    i.HAL_TIM_MspPostInit  tim.o
    0x080044dc   0x080044dc   0x00000002   Code   RO         3755    i.HAL_TIM_OC_DelayElapsedCallback  stm32g4xx_hal_tim.o
    0x080044de   0x080044de   0x0000011e   Code   RO         3776    i.HAL_TIM_PWM_ConfigChannel  stm32g4xx_hal_tim.o
    0x080045fc   0x080045fc   0x00000062   Code   RO         3779    i.HAL_TIM_PWM_Init  stm32g4xx_hal_tim.o
    0x0800465e   0x0800465e   0x00000002   Code   RO         3781    i.HAL_TIM_PWM_MspInit  stm32g4xx_hal_tim.o
    0x08004660   0x08004660   0x00000002   Code   RO         3782    i.HAL_TIM_PWM_PulseFinishedCallback  stm32g4xx_hal_tim.o
    0x08004662   0x08004662   0x00000002   PAD
    0x08004664   0x08004664   0x000000fc   Code   RO         3784    i.HAL_TIM_PWM_Start  stm32g4xx_hal_tim.o
    0x08004760   0x08004760   0x000000ac   Code   RO         3787    i.HAL_TIM_PWM_Stop  stm32g4xx_hal_tim.o
    0x0800480c   0x0800480c   0x00000014   Code   RO          633    i.HAL_TIM_PeriodElapsedCallback  stm32g4xx_it.o
    0x08004820   0x08004820   0x0000002a   Code   RO         3792    i.HAL_TIM_ReadCapturedValue  stm32g4xx_hal_tim.o
    0x0800484a   0x0800484a   0x00000002   Code   RO         3795    i.HAL_TIM_TriggerCallback  stm32g4xx_hal_tim.o
    0x0800484c   0x0800484c   0x0000003e   Code   RO         5267    i.HAL_UARTEx_DisableFifoMode  stm32g4xx_hal_uart_ex.o
    0x0800488a   0x0800488a   0x00000002   Code   RO         4856    i.HAL_UARTEx_RxEventCallback  stm32g4xx_hal_uart.o
    0x0800488c   0x0800488c   0x00000002   Code   RO         5274    i.HAL_UARTEx_RxFifoFullCallback  stm32g4xx_hal_uart_ex.o
    0x0800488e   0x0800488e   0x0000004c   Code   RO         5275    i.HAL_UARTEx_SetRxFifoThreshold  stm32g4xx_hal_uart_ex.o
    0x080048da   0x080048da   0x0000004c   Code   RO         5276    i.HAL_UARTEx_SetTxFifoThreshold  stm32g4xx_hal_uart_ex.o
    0x08004926   0x08004926   0x00000002   Code   RO         5278    i.HAL_UARTEx_TxFifoEmptyCallback  stm32g4xx_hal_uart_ex.o
    0x08004928   0x08004928   0x00000002   Code   RO         5279    i.HAL_UARTEx_WakeupCallback  stm32g4xx_hal_uart_ex.o
    0x0800492a   0x0800492a   0x00000002   Code   RO         4872    i.HAL_UART_ErrorCallback  stm32g4xx_hal_uart.o
    0x0800492c   0x0800492c   0x00000284   Code   RO         4875    i.HAL_UART_IRQHandler  stm32g4xx_hal_uart.o
    0x08004bb0   0x08004bb0   0x0000006a   Code   RO         4876    i.HAL_UART_Init     stm32g4xx_hal_uart.o
    0x08004c1a   0x08004c1a   0x00000002   PAD
    0x08004c1c   0x08004c1c   0x000000a8   Code   RO          585    i.HAL_UART_MspInit  usart.o
    0x08004cc4   0x08004cc4   0x0000004c   Code   RO         4881    i.HAL_UART_Receive_IT  stm32g4xx_hal_uart.o
    0x08004d10   0x08004d10   0x0000004c   Code   RO          817    i.HAL_UART_RxCpltCallback  sys_config.o
    0x08004d5c   0x08004d5c   0x00000098   Code   RO         4886    i.HAL_UART_Transmit_DMA  stm32g4xx_hal_uart.o
    0x08004df4   0x08004df4   0x00000002   Code   RO         4888    i.HAL_UART_TxCpltCallback  stm32g4xx_hal_uart.o
    0x08004df6   0x08004df6   0x00000002   Code   RO         4889    i.HAL_UART_TxHalfCpltCallback  stm32g4xx_hal_uart.o
    0x08004df8   0x08004df8   0x0000000c   Code   RO          936    i.LL_ADC_GetOffsetChannel  stm32g4xx_hal_adc.o
    0x08004e04   0x08004e04   0x0000000c   Code   RO         1169    i.LL_ADC_GetOffsetChannel  stm32g4xx_hal_adc_ex.o
    0x08004e10   0x08004e10   0x00000008   Code   RO          937    i.LL_ADC_INJ_IsConversionOngoing  stm32g4xx_hal_adc.o
    0x08004e18   0x08004e18   0x00000008   Code   RO         1170    i.LL_ADC_INJ_IsConversionOngoing  stm32g4xx_hal_adc_ex.o
    0x08004e20   0x08004e20   0x00000008   Code   RO          938    i.LL_ADC_REG_IsConversionOngoing  stm32g4xx_hal_adc.o
    0x08004e28   0x08004e28   0x00000008   Code   RO         1171    i.LL_ADC_REG_IsConversionOngoing  stm32g4xx_hal_adc_ex.o
    0x08004e30   0x08004e30   0x00000010   Code   RO          939    i.LL_ADC_REG_IsTriggerSourceSWStart  stm32g4xx_hal_adc.o
    0x08004e40   0x08004e40   0x0000001e   Code   RO          941    i.LL_ADC_SetChannelSamplingTime  stm32g4xx_hal_adc.o
    0x08004e5e   0x08004e5e   0x0000001e   Code   RO         1172    i.LL_ADC_SetChannelSamplingTime  stm32g4xx_hal_adc_ex.o
    0x08004e7c   0x08004e7c   0x00000010   Code   RO          942    i.LL_ADC_SetOffsetState  stm32g4xx_hal_adc.o
    0x08004e8c   0x08004e8c   0x00000010   Code   RO         1173    i.LL_ADC_SetOffsetState  stm32g4xx_hal_adc_ex.o
    0x08004e9c   0x08004e9c   0x000000f4   Code   RO          270    i.MX_ADC1_Init      adc.o
    0x08004f90   0x08004f90   0x000000c0   Code   RO          271    i.MX_ADC2_Init      adc.o
    0x08005050   0x08005050   0x00000038   Code   RO          319    i.MX_COMP1_Init     comp.o
    0x08005088   0x08005088   0x00000058   Code   RO          362    i.MX_DAC3_Init      dac.o
    0x080050e0   0x080050e0   0x0000003c   Code   RO          407    i.MX_DMA_Init       dma.o
    0x0800511c   0x0800511c   0x000000a4   Code   RO          241    i.MX_GPIO_Init      gpio.o
    0x080051c0   0x080051c0   0x00000034   Code   RO          478    i.MX_OPAMP1_Init    opamp.o
    0x080051f4   0x080051f4   0x00000034   Code   RO          479    i.MX_OPAMP2_Init    opamp.o
    0x08005228   0x08005228   0x00000034   Code   RO          480    i.MX_OPAMP3_Init    opamp.o
    0x0800525c   0x0800525c   0x00000140   Code   RO          533    i.MX_TIM1_Init      tim.o
    0x0800539c   0x0800539c   0x0000008c   Code   RO          534    i.MX_TIM4_Init      tim.o
    0x08005428   0x08005428   0x00000068   Code   RO          586    i.MX_USART3_UART_Init  usart.o
    0x08005490   0x08005490   0x00000002   Code   RO          634    i.MemManage_Handler  stm32g4xx_it.o
    0x08005492   0x08005492   0x00000002   PAD
    0x08005494   0x08005494   0x0000000c   Code   RO         5414    i.Motor_APP_GetState  motor_app_fsm.o
    0x080054a0   0x080054a0   0x000000a4   Code   RO         5415    i.Motor_APP_Init    motor_app_fsm.o
    0x08005544   0x08005544   0x0000000c   Code   RO         5416    i.Motor_APP_Start   motor_app_fsm.o
    0x08005550   0x08005550   0x0000000c   Code   RO         5417    i.Motor_APP_Stop    motor_app_fsm.o
    0x0800555c   0x0800555c   0x00000234   Code   RO         5418    i.Motor_APP_Task_10kHz  motor_app_fsm.o
    0x08005790   0x08005790   0x00000028   Code   RO         5635    i.Motor_FOC_Init    motor_foc.o
    0x080057b8   0x080057b8   0x00000178   Code   RO         5636    i.Motor_FOC_Step    motor_foc.o
    0x08005930   0x08005930   0x00000064   Code   RO         5464    i.Motor_HAL_CalibrateOffsets  motor_hal.o
    0x08005994   0x08005994   0x0000003c   Code   RO         5465    i.Motor_HAL_DisablePWM  motor_hal.o
    0x080059d0   0x080059d0   0x00000044   Code   RO         5466    i.Motor_HAL_EnablePWM  motor_hal.o
    0x08005a14   0x08005a14   0x0000003c   Code   RO         5467    i.Motor_HAL_GetBusVoltage  motor_hal.o
    0x08005a50   0x08005a50   0x0000005c   Code   RO         5468    i.Motor_HAL_GetPhaseCurrents  motor_hal.o
    0x08005aac   0x08005aac   0x0000009c   Code   RO         5469    i.Motor_HAL_Init    motor_hal.o
    0x08005b48   0x08005b48   0x000000a8   Code   RO         5470    i.Motor_HAL_SetPWM  motor_hal.o
    0x08005bf0   0x08005bf0   0x00000002   Code   RO          635    i.NMI_Handler       stm32g4xx_it.o
    0x08005bf2   0x08005bf2   0x00000048   Code   RO         5637    i.PI_Update         motor_foc.o
    0x08005c3a   0x08005c3a   0x00000002   PAD
    0x08005c3c   0x08005c3c   0x00000040   Code   RO         5573    i.SRF_PLL_Init      motor_pll.o
    0x08005c7c   0x08005c7c   0x00000040   Code   RO         5574    i.SRF_PLL_Reset     motor_pll.o
    0x08005cbc   0x08005cbc   0x00000220   Code   RO         5575    i.SRF_PLL_Step      motor_pll.o
    0x08005edc   0x08005edc   0x00000002   Code   RO          636    i.SVC_Handler       stm32g4xx_it.o
    0x08005ede   0x08005ede   0x00000012   Code   RO          637    i.SysTick_Handler   stm32g4xx_it.o
    0x08005ef0   0x08005ef0   0x00000088   Code   RO          818    i.SystemClock_Config  sys_config.o
    0x08005f78   0x08005f78   0x00000010   Code   RO         5380    i.SystemInit        system_stm32g4xx.o
    0x08005f88   0x08005f88   0x0000000c   Code   RO          638    i.TIM1_BRK_TIM15_IRQHandler  stm32g4xx_it.o
    0x08005f94   0x08005f94   0x0000000c   Code   RO          639    i.TIM1_CC_IRQHandler  stm32g4xx_it.o
    0x08005fa0   0x08005fa0   0x0000000c   Code   RO          640    i.TIM1_UP_TIM16_IRQHandler  stm32g4xx_it.o
    0x08005fac   0x08005fac   0x0000000c   Code   RO          641    i.TIM4_IRQHandler   stm32g4xx_it.o
    0x08005fb8   0x08005fb8   0x0000000c   Code   RO          642    i.TIM6_DAC_IRQHandler  stm32g4xx_it.o
    0x08005fc4   0x08005fc4   0x000000b0   Code   RO         3797    i.TIM_Base_SetConfig  stm32g4xx_hal_tim.o
    0x08006074   0x08006074   0x0000001a   Code   RO         3798    i.TIM_CCxChannelCmd  stm32g4xx_hal_tim.o
    0x0800608e   0x0800608e   0x0000001a   Code   RO         4484    i.TIM_CCxNChannelCmd  stm32g4xx_hal_tim_ex.o
    0x080060a8   0x080060a8   0x00000014   Code   RO         3808    i.TIM_ETR_SetConfig  stm32g4xx_hal_tim.o
    0x080060bc   0x080060bc   0x00000014   Code   RO         3809    i.TIM_ITRx_SetConfig  stm32g4xx_hal_tim.o
    0x080060d0   0x080060d0   0x0000009c   Code   RO         3810    i.TIM_OC1_SetConfig  stm32g4xx_hal_tim.o
    0x0800616c   0x0800616c   0x00000090   Code   RO         3811    i.TIM_OC2_SetConfig  stm32g4xx_hal_tim.o
    0x080061fc   0x080061fc   0x00000090   Code   RO         3812    i.TIM_OC3_SetConfig  stm32g4xx_hal_tim.o
    0x0800628c   0x0800628c   0x00000090   Code   RO         3813    i.TIM_OC4_SetConfig  stm32g4xx_hal_tim.o
    0x0800631c   0x0800631c   0x00000070   Code   RO         3814    i.TIM_OC5_SetConfig  stm32g4xx_hal_tim.o
    0x0800638c   0x0800638c   0x00000070   Code   RO         3815    i.TIM_OC6_SetConfig  stm32g4xx_hal_tim.o
    0x080063fc   0x080063fc   0x00000022   Code   RO         3817    i.TIM_TI1_ConfigInputStage  stm32g4xx_hal_tim.o
    0x0800641e   0x0800641e   0x00000002   PAD
    0x08006420   0x08006420   0x0000006c   Code   RO         3818    i.TIM_TI1_SetConfig  stm32g4xx_hal_tim.o
    0x0800648c   0x0800648c   0x00000024   Code   RO         3819    i.TIM_TI2_ConfigInputStage  stm32g4xx_hal_tim.o
    0x080064b0   0x080064b0   0x00000044   Code   RO         5280    i.UARTEx_SetNbDataToProcess  stm32g4xx_hal_uart_ex.o
    0x080064f4   0x080064f4   0x000000c8   Code   RO         4890    i.UART_AdvFeatureConfig  stm32g4xx_hal_uart.o
    0x080065bc   0x080065bc   0x00000060   Code   RO         4891    i.UART_CheckIdleState  stm32g4xx_hal_uart.o
    0x0800661c   0x0800661c   0x00000014   Code   RO         4892    i.UART_DMAAbortOnError  stm32g4xx_hal_uart.o
    0x08006630   0x08006630   0x00000050   Code   RO         4893    i.UART_DMAError     stm32g4xx_hal_uart.o
    0x08006680   0x08006680   0x00000030   Code   RO         4898    i.UART_DMATransmitCplt  stm32g4xx_hal_uart.o
    0x080066b0   0x080066b0   0x0000000a   Code   RO         4900    i.UART_DMATxHalfCplt  stm32g4xx_hal_uart.o
    0x080066ba   0x080066ba   0x00000002   PAD
    0x080066bc   0x080066bc   0x00000038   Code   RO         4902    i.UART_EndRxTransfer  stm32g4xx_hal_uart.o
    0x080066f4   0x080066f4   0x0000001c   Code   RO         4903    i.UART_EndTxTransfer  stm32g4xx_hal_uart.o
    0x08006710   0x08006710   0x00000080   Code   RO         4904    i.UART_RxISR_16BIT  stm32g4xx_hal_uart.o
    0x08006790   0x08006790   0x0000013c   Code   RO         4905    i.UART_RxISR_16BIT_FIFOEN  stm32g4xx_hal_uart.o
    0x080068cc   0x080068cc   0x00000080   Code   RO         4906    i.UART_RxISR_8BIT   stm32g4xx_hal_uart.o
    0x0800694c   0x0800694c   0x0000013c   Code   RO         4907    i.UART_RxISR_8BIT_FIFOEN  stm32g4xx_hal_uart.o
    0x08006a88   0x08006a88   0x00000274   Code   RO         4908    i.UART_SetConfig    stm32g4xx_hal_uart.o
    0x08006cfc   0x08006cfc   0x000000d8   Code   RO         4910    i.UART_Start_Receive_IT  stm32g4xx_hal_uart.o
    0x08006dd4   0x08006dd4   0x000000a4   Code   RO         4915    i.UART_WaitOnFlagUntilTimeout  stm32g4xx_hal_uart.o
    0x08006e78   0x08006e78   0x0000000c   Code   RO          643    i.USART3_IRQHandler  stm32g4xx_it.o
    0x08006e84   0x08006e84   0x00000002   Code   RO          644    i.UsageFault_Handler  stm32g4xx_it.o
    0x08006e86   0x08006e86   0x00000002   PAD
    0x08006e88   0x08006e88   0x0000002c   Code   RO         5576    i.Wrap_0_2pi        motor_pll.o
    0x08006eb4   0x08006eb4   0x0000000e   Code   RO         5545    i.__ARM_isfinitef   motor_mw_foc.o
    0x08006ec2   0x08006ec2   0x0000000e   Code   RO         5577    i.__ARM_isfinitef   motor_pll.o
    0x08006ed0   0x08006ed0   0x0000000e   Code   RO         5671    i.__ARM_isfinitef   motor_sensor.o
    0x08006ede   0x08006ede   0x00000020   Code   RO         2711    i.__NVIC_SetPriority  stm32g4xx_hal_cortex.o
    0x08006efe   0x08006efe   0x00000002   PAD
    0x08006f00   0x08006f00   0x00000044   Code   RO         6045    i.__rt_ffs          kservice.o
    0x08006f44   0x08006f44   0x0000000e   Code   RO         6813    i.__scatterload_copy  mc_w.l(handlers.o)
    0x08006f52   0x08006f52   0x00000002   Code   RO         6814    i.__scatterload_null  mc_w.l(handlers.o)
    0x08006f54   0x08006f54   0x0000000e   Code   RO         6815    i.__scatterload_zeroinit  mc_w.l(handlers.o)
    0x08006f62   0x08006f62   0x00000002   PAD
    0x08006f64   0x08006f64   0x00000080   Code   RO         6406    i._rt_thread_init   thread.o
    0x08006fe4   0x08006fe4   0x0000001c   Code   RO         6536    i._rt_timer_init    timer.o
    0x08007000   0x08007000   0x00000006   Code   RO         6537    i._rt_timer_remove  timer.o
    0x08007006   0x08007006   0x0000001c   Code   RO         6407    i._thread_cleanup_execute  thread.o
    0x08007022   0x08007022   0x00000002   PAD
    0x08007024   0x08007024   0x00000050   Code   RO           17    i.main              main.o
    0x08007074   0x08007074   0x0000000e   Code   RO         5797    i.main_thread_entry  components.o
    0x08007082   0x08007082   0x00000002   PAD
    0x08007084   0x08007084   0x00000054   Code   RO         6201    i.plug_holes        mem.o
    0x080070d8   0x080070d8   0x0000002c   Code   RO         5798    i.rt_application_init  components.o
    0x08007104   0x08007104   0x0000001c   Code   RO         5799    i.rt_components_board_init  components.o
    0x08007120   0x08007120   0x0000001c   Code   RO         5800    i.rt_components_init  components.o
    0x0800713c   0x0800713c   0x0000001c   Code   RO         6345    i.rt_enter_critical  scheduler.o
    0x08007158   0x08007158   0x00000038   Code   RO         6346    i.rt_exit_critical  scheduler.o
    0x08007190   0x08007190   0x0000005c   Code   RO         6203    i.rt_free           mem.o
    0x080071ec   0x080071ec   0x00000008   Code   RO         6633    i.rt_heap_begin_get  board.o
    0x080071f4   0x080071f4   0x00000008   Code   RO         6634    i.rt_heap_end_get   board.o
    0x080071fc   0x080071fc   0x0000001a   Code   RO         6635    i.rt_hw_board_init  board.o
    0x08007216   0x08007216   0x00000002   PAD
    0x08007218   0x08007218   0x00000018   Code   RO         5716    i.rt_hw_hard_fault_exception  cpuport.o
    0x08007230   0x08007230   0x0000003c   Code   RO         5717    i.rt_hw_stack_init  cpuport.o
    0x0800726c   0x0800726c   0x0000001c   Code   RO         6018    i.rt_interrupt_enter  irq.o
    0x08007288   0x08007288   0x0000001c   Code   RO         6020    i.rt_interrupt_leave  irq.o
    0x080072a4   0x080072a4   0x00000052   Code   RO         5899    i.rt_ipc_list_suspend  ipc.o
    0x080072f6   0x080072f6   0x0000000e   Code   RO         6257    i.rt_list_insert_after  object.o
    0x08007304   0x08007304   0x0000000e   Code   RO         6408    i.rt_list_insert_after  thread.o
    0x08007312   0x08007312   0x0000000e   Code   RO         6538    i.rt_list_insert_after  timer.o
    0x08007320   0x08007320   0x0000000e   Code   RO         5900    i.rt_list_insert_before  ipc.o
    0x0800732e   0x0800732e   0x00000012   Code   RO         6258    i.rt_list_remove    object.o
    0x08007340   0x08007340   0x00000012   Code   RO         6409    i.rt_list_remove    thread.o
    0x08007352   0x08007352   0x00000012   Code   RO         6539    i.rt_list_remove    timer.o
    0x08007364   0x08007364   0x000000f0   Code   RO         6204    i.rt_malloc         mem.o
    0x08007454   0x08007454   0x00000046   Code   RO         6054    i.rt_memset         kservice.o
    0x0800749a   0x0800749a   0x00000050   Code   RO         6259    i.rt_object_allocate  object.o
    0x080074ea   0x080074ea   0x00000026   Code   RO         6260    i.rt_object_delete  object.o
    0x08007510   0x08007510   0x00000020   Code   RO         6261    i.rt_object_detach  object.o
    0x08007530   0x08007530   0x00000024   Code   RO         6263    i.rt_object_get_information  object.o
    0x08007554   0x08007554   0x00000050   Code   RO         6267    i.rt_object_init    object.o
    0x080075a4   0x080075a4   0x0000000e   Code   RO         6268    i.rt_object_is_systemobject  object.o
    0x080075b2   0x080075b2   0x00000002   PAD
    0x080075b4   0x080075b4   0x00000058   Code   RO         6347    i.rt_schedule       scheduler.o
    0x0800760c   0x0800760c   0x00000050   Code   RO         6348    i.rt_schedule_insert_thread  scheduler.o
    0x0800765c   0x0800765c   0x00000048   Code   RO         6349    i.rt_schedule_remove_thread  scheduler.o
    0x080076a4   0x080076a4   0x00000024   Code   RO         5913    i.rt_sem_init       ipc.o
    0x080076c8   0x080076c8   0x0000004a   Code   RO         5914    i.rt_sem_release    ipc.o
    0x08007712   0x08007712   0x0000006e   Code   RO         5915    i.rt_sem_take       ipc.o
    0x08007780   0x08007780   0x00000002   Code   RO         6056    i.rt_show_version   kservice.o
    0x08007782   0x08007782   0x00000026   Code   RO         6064    i.rt_strncpy        kservice.o
    0x080077a8   0x080077a8   0x00000064   Code   RO         6207    i.rt_system_heap_init  mem.o
    0x0800780c   0x0800780c   0x00000034   Code   RO         6350    i.rt_system_scheduler_init  scheduler.o
    0x08007840   0x08007840   0x00000028   Code   RO         6351    i.rt_system_scheduler_start  scheduler.o
    0x08007868   0x08007868   0x0000000c   Code   RO         6540    i.rt_system_timer_init  timer.o
    0x08007874   0x08007874   0x00000002   Code   RO         6541    i.rt_system_timer_thread_init  timer.o
    0x08007876   0x08007876   0x00000048   Code   RO         6411    i.rt_thread_create  thread.o
    0x080078be   0x080078be   0x00000002   PAD
    0x080078c0   0x080078c0   0x0000005c   Code   RO         6416    i.rt_thread_exit    thread.o
    0x0800791c   0x0800791c   0x00000006   Code   RO         5863    i.rt_thread_idle_entry  idle.o
    0x08007922   0x08007922   0x00000002   PAD
    0x08007924   0x08007924   0x0000004c   Code   RO         5864    i.rt_thread_idle_excute  idle.o
    0x08007970   0x08007970   0x00000038   Code   RO         5866    i.rt_thread_idle_init  idle.o
    0x080079a8   0x080079a8   0x00000030   Code   RO         6418    i.rt_thread_init    thread.o
    0x080079d8   0x080079d8   0x0000003c   Code   RO         6420    i.rt_thread_resume  thread.o
    0x08007a14   0x08007a14   0x0000000c   Code   RO         6421    i.rt_thread_self    thread.o
    0x08007a20   0x08007a20   0x0000002c   Code   RO         6423    i.rt_thread_startup  thread.o
    0x08007a4c   0x08007a4c   0x00000042   Code   RO         6424    i.rt_thread_suspend  thread.o
    0x08007a8e   0x08007a8e   0x00000020   Code   RO         6425    i.rt_thread_timeout  thread.o
    0x08007aae   0x08007aae   0x00000002   PAD
    0x08007ab0   0x08007ab0   0x00000060   Code   RO         6426    i.rt_thread_yield   thread.o
    0x08007b10   0x08007b10   0x0000000c   Code   RO         5757    i.rt_tick_get       clock.o
    0x08007b1c   0x08007b1c   0x0000002c   Code   RO         5758    i.rt_tick_increase  clock.o
    0x08007b48   0x08007b48   0x0000008c   Code   RO         6542    i.rt_timer_check    timer.o
    0x08007bd4   0x08007bd4   0x00000048   Code   RO         6543    i.rt_timer_control  timer.o
    0x08007c1c   0x08007c1c   0x00000028   Code   RO         6546    i.rt_timer_detach   timer.o
    0x08007c44   0x08007c44   0x00000028   Code   RO         6547    i.rt_timer_init     timer.o
    0x08007c6c   0x08007c6c   0x00000084   Code   RO         6549    i.rt_timer_start    timer.o
    0x08007cf0   0x08007cf0   0x0000002e   Code   RO         6550    i.rt_timer_stop     timer.o
    0x08007d1e   0x08007d1e   0x00000004   Code   RO         5801    i.rti_board_end     components.o
    0x08007d22   0x08007d22   0x00000004   Code   RO         5802    i.rti_board_start   components.o
    0x08007d26   0x08007d26   0x00000004   Code   RO         5803    i.rti_end           components.o
    0x08007d2a   0x08007d2a   0x00000004   Code   RO         5804    i.rti_start         components.o
    0x08007d2e   0x08007d2e   0x0000002a   Code   RO         5805    i.rtthread_startup  components.o
    0x08007d58   0x08007d58   0x00000010   Data   RO         3270    .constdata          stm32g4xx_hal_fdcan.o
    0x08007d68   0x08007d68   0x00000018   Data   RO         4916    .constdata          stm32g4xx_hal_uart.o
    0x08007d80   0x08007d80   0x00000010   Data   RO         5281    .constdata          stm32g4xx_hal_uart_ex.o
    0x08007d90   0x08007d90   0x00000010   Data   RO         5381    .constdata          system_stm32g4xx.o
    0x08007da0   0x08007da0   0x00000008   Data   RO         5382    .constdata          system_stm32g4xx.o
    0x08007da8   0x08007da8   0x00000122   Data   RO         6070    .constdata          kservice.o
    0x08007eca   0x08007eca   0x00000002   PAD
    0x08007ecc   0x08007ecc   0x00000804   Data   RO         6772    .rodata.sinTable_f32  arm_cortexM4lf_math.lib(arm_common_tables.o)
    0x080086d0   0x080086d0   0x00000004   Data   RO         5806    .rti_fn.0           components.o
    0x080086d4   0x080086d4   0x00000004   Data   RO         5807    .rti_fn.0.end       components.o
    0x080086d8   0x080086d8   0x00000004   Data   RO         5808    .rti_fn.1.end       components.o
    0x080086dc   0x080086dc   0x00000004   Data   RO         5809    .rti_fn.6.end       components.o
    0x080086e0   0x080086e0   0x00000020   Data   RO         6811    Region$$Table       anon$$obj.o


    Execution Region RW_IRAM1 (Exec base: 0x20000000, Load base: 0x08008700, Size: 0x00004a08, Max: 0x00008000, ABSOLUTE)

    Exec Addr    Load Addr    Size         Type   Attr      Idx    E Section Name        Object

    0x20000000   0x08008700   0x00000028   Data   RW           19    .data               main.o
    0x20000028   0x08008728   0x00000004   Data   RW          273    .data               adc.o
    0x2000002c   0x0800872c   0x00000008   Data   RW          821    .data               sys_config.o
    0x20000034   0x08008734   0x00000002   Data   RW          823    .data               sys_config.o
    0x20000036   0x08008736   0x00000002   PAD
    0x20000038   0x08008738   0x0000000c   Data   RW         1388    .data               stm32g4xx_hal.o
    0x20000044   0x08008744   0x00000004   Data   RW         5383    .data               system_stm32g4xx.o
    0x20000048   0x08008748   0x0000001c   Data   RW         5420    .data               motor_app_fsm.o
    0x20000064   0x08008764   0x0000000c   Data   RW         5471    .data               motor_hal.o
    0x20000070   0x08008770   0x00000018   Data   RW         5673    .data               motor_sensor.o
    0x20000088   0x08008788   0x00000004   Data   RW         5718    .data               cpuport.o
    0x2000008c   0x0800878c   0x00000004   Data   RW         5719    .data               cpuport.o
    0x20000090   0x08008790   0x00000004   Data   RW         5720    .data               cpuport.o
    0x20000094   0x08008794   0x00000004   Data   RW         5721    .data               cpuport.o
    0x20000098   0x08008798   0x00000004   Data   RW         5760    .data               clock.o
    0x2000009c   0x0800879c   0x00000001   Data   RW         6021    .data               irq.o
    0x2000009d   0x0800879d   0x00000003   PAD
    0x200000a0   0x080087a0   0x00000018   Data   RW         6209    .data               mem.o
    0x200000b8   0x080087b8   0x00000040   Data   RW         6270    .data               object.o
    0x200000f8   0x080087f8   0x00000014   Data   RW         6353    .data               scheduler.o
    0x2000010c   0x0800880c   0x0000000c   Data   RW         6551    .data               timer.o
    0x20000118        -       0x00000014   Zero   RW           18    .bss                main.o
    0x2000012c        -       0x000000d8   Zero   RW          272    .bss                adc.o
    0x20000204        -       0x00000024   Zero   RW          320    .bss                comp.o
    0x20000228        -       0x00000028   Zero   RW          363    .bss                dac.o
    0x20000250        -       0x00000064   Zero   RW          437    .bss                fdcan.o
    0x200002b4        -       0x000000b4   Zero   RW          481    .bss                opamp.o
    0x20000368        -       0x00000098   Zero   RW          535    .bss                tim.o
    0x20000400        -       0x000000f0   Zero   RW          587    .bss                usart.o
    0x200004f0        -       0x00000028   Zero   RW          819    .bss                sys_config.o
    0x20000518        -       0x00000124   Zero   RW          820    .bss                sys_config.o
    0x2000063c        -       0x0000004c   Zero   RW          870    .bss                stm32g4xx_hal_timebase_tim.o
    0x20000688        -       0x00000084   Zero   RW         5419    .bss                motor_app_fsm.o
    0x2000070c        -       0x00000060   Zero   RW         5672    .bss                motor_sensor.o
    0x2000076c        -       0x00000178   Zero   RW         5867    .bss                idle.o
    0x200008e4        -       0x00000020   Zero   RW         6208    .bss                mem.o
    0x20000904        -       0x00000100   Zero   RW         6352    .bss                scheduler.o
    0x20000a04        -       0x00003c00   Zero   RW         6637    .bss                board.o
    0x20004604   0x08008818   0x00000004   PAD
    0x20004608        -       0x00000400   Zero   RW            1    STACK               startup_stm32g431xx.o


==============================================================================

Image component sizes


      Code (inc. data)   RO Data    RW Data    ZI Data      Debug   Object Name

       656         52          0          4        216       2946   adc.o
        42          8          0          0      15360       2117   board.o
        56         12          0          4          0       1357   clock.o
       148         22          0          0         36       1780   comp.o
       182         28         16          0          0       6638   components.o
       308         28          0          0          0        960   context_rvds.o
        84         10          0         16          0       4178   cpuport.o
       208         24          0          0         40       1923   dac.o
        60          4          0          0          0        870   dma.o
         0          0          0          0        100        230   fdcan.o
       164         12          0          0          0       1027   gpio.o
       138         22          0          0        376       5362   idle.o
       316          0          0          0          0       7209   ipc.o
        56         12          0          1          0       1822   irq.o
       178          4        290          0          0       6294   kservice.o
       552        104          0         40         20     731389   main.o
       516         38          0         24         32       4192   mem.o
       764        102          0         28        132       5185   motor_app_fsm.o
       488         26          0          0          0       3130   motor_foc.o
       704        102          0         12          0       5385   motor_hal.o
       354         10          0          0          0       7249   motor_mw_foc.o
       730         52          0          0          0       9123   motor_pll.o
       298         64          0         24         96       3850   motor_sensor.o
       312          6          0         64          0       9048   object.o
       320         44          0          0        180       3137   opamp.o
       416         56          0         20        256       8854   scheduler.o
        36          8        472          0       1024        860   startup_stm32g431xx.o
        94         14          0         12          0       3790   stm32g4xx_hal.o
      2902        124          0          0          0      81658   stm32g4xx_hal_adc.o
      2130         90          0          0          0      78224   stm32g4xx_hal_adc_ex.o
       438         40          0          0          0       8270   stm32g4xx_hal_comp.o
       158         14          0          0          0      33174   stm32g4xx_hal_cortex.o
       606          8          0          0          0       4266   stm32g4xx_hal_dac.o
       906         30          0          0          0       6798   stm32g4xx_hal_dma.o
      1152         12         16          0          0      16413   stm32g4xx_hal_fdcan.o
       500         40          0          0          0       3858   stm32g4xx_hal_gpio.o
        48          6          0          0          0        914   stm32g4xx_hal_msp.o
       288          8          0          0          0       2539   stm32g4xx_hal_opamp.o
       204         18          0          0          0       1457   stm32g4xx_hal_pwr_ex.o
      1772        108          0          0          0       7329   stm32g4xx_hal_rcc.o
       648         10          0          0          0       1928   stm32g4xx_hal_rcc_ex.o
      3172        322          0          0          0      21969   stm32g4xx_hal_tim.o
      1068         70          0          0          0      11657   stm32g4xx_hal_tim_ex.o
       124         16          0          0         76       1531   stm32g4xx_hal_timebase_tim.o
      3420        140         24          0          0      38884   stm32g4xx_hal_uart.o
       288          6         16          0          0       5566   stm32g4xx_hal_uart_ex.o
       240         76          0          0          0      16111   stm32g4xx_it.o
       336         22          0         10        332       3585   sys_config.o
        16          4         24          4          0       1207   system_stm32g4xx.o
       710         40          0          0          0      12462   thread.o
       796         48          0          0        152       3701   tim.o
       550         20          0         12          0      12008   timer.o
       272         30          0          0        240       1949   usart.o

    ----------------------------------------------------------------------
     30984       2166        892        280      18672    1217363   Object Totals
         0          0         32          0          0          0   (incl. Generated)
        60          0          2          5          4          0   (incl. Padding)

    ----------------------------------------------------------------------

      Code (inc. data)   RO Data    RW Data    ZI Data      Debug   Library Member Name

         0          0       2052          0          0       4961   arm_common_tables.o
       160         12          0          0          0       1103   arm_cos_f32.o
       152         12          0          0          0       1098   arm_sin_f32.o
         0          0          0          0          0          0   entry.o
         0          0          0          0          0          0   entry10a.o
         0          0          0          0          0          0   entry11a.o
         8          4          0          0          0          0   entry2.o
         4          0          0          0          0          0   entry5.o
         0          0          0          0          0          0   entry7b.o
         0          0          0          0          0          0   entry8b.o
         8          4          0          0          0          0   entry9a.o
        30          0          0          0          0          0   handlers.o
        36          8          0          0          0         68   init.o
        30          0          0          0          0         68   llshl.o
        32          0          0          0          0         68   llushr.o
        36          0          0          0          0         68   memcpya.o
        36          0          0          0          0        108   memseta.o
        98          0          0          0          0         92   uldiv.o

    ----------------------------------------------------------------------
       632         40       2052          0          0       7634   Library Totals
         2          0          0          0          0          0   (incl. Padding)

    ----------------------------------------------------------------------

      Code (inc. data)   RO Data    RW Data    ZI Data      Debug   Library Name

       312         24       2052          0          0       7162   arm_cortexM4lf_math.lib
       318         16          0          0          0        472   mc_w.l

    ----------------------------------------------------------------------
       632         40       2052          0          0       7634   Library Totals

    ----------------------------------------------------------------------

==============================================================================


      Code (inc. data)   RO Data    RW Data    ZI Data      Debug   

     31616       2206       2944        280      18672    1195029   Grand Totals
     31616       2206       2944        280      18672    1195029   ELF Image Totals
     31616       2206       2944        280          0          0   ROM Totals

==============================================================================

    Total RO  Size (Code + RO Data)                34560 (  33.75kB)
    Total RW  Size (RW Data + ZI Data)             18952 (  18.51kB)
    Total ROM Size (Code + RO Data + RW Data)      34840 (  34.02kB)

==============================================================================

