Component: ARM Compiler 5.06 update 6 (build 750) Tool: armlink [4d35ed]

==============================================================================

Section Cross References

    startup_stm32g431xx.o(RESET) refers to startup_stm32g431xx.o(STACK) for __initial_sp
    startup_stm32g431xx.o(RESET) refers to startup_stm32g431xx.o(.text) for Reset_Handler
    startup_stm32g431xx.o(RESET) refers to stm32g4xx_it.o(i.NMI_Handler) for NMI_Handler
    startup_stm32g431xx.o(RESET) refers to stm32g4xx_it.o(i.HardFault_Handler) for HardFault_Handler
    startup_stm32g431xx.o(RESET) refers to stm32g4xx_it.o(i.MemManage_Handler) for MemManage_Handler
    startup_stm32g431xx.o(RESET) refers to stm32g4xx_it.o(i.BusFault_Handler) for BusFault_Handler
    startup_stm32g431xx.o(RESET) refers to stm32g4xx_it.o(i.UsageFault_Handler) for UsageFault_Handler
    startup_stm32g431xx.o(RESET) refers to stm32g4xx_it.o(i.SVC_Handler) for SVC_Handler
    startup_stm32g431xx.o(RESET) refers to stm32g4xx_it.o(i.DebugMon_Handler) for DebugMon_Handler
    startup_stm32g431xx.o(RESET) refers to stm32g4xx_it.o(i.PendSV_Handler) for PendSV_Handler
    startup_stm32g431xx.o(RESET) refers to stm32g4xx_it.o(i.SysTick_Handler) for SysTick_Handler
    startup_stm32g431xx.o(RESET) refers to stm32g4xx_it.o(i.DMA1_Channel1_IRQHandler) for DMA1_Channel1_IRQHandler
    startup_stm32g431xx.o(RESET) refers to stm32g4xx_it.o(i.ADC1_2_IRQHandler) for ADC1_2_IRQHandler
    startup_stm32g431xx.o(RESET) refers to stm32g4xx_it.o(i.FDCAN1_IT0_IRQHandler) for FDCAN1_IT0_IRQHandler
    startup_stm32g431xx.o(RESET) refers to stm32g4xx_it.o(i.TIM1_BRK_TIM15_IRQHandler) for TIM1_BRK_TIM15_IRQHandler
    startup_stm32g431xx.o(RESET) refers to stm32g4xx_it.o(i.TIM1_UP_TIM16_IRQHandler) for TIM1_UP_TIM16_IRQHandler
    startup_stm32g431xx.o(RESET) refers to stm32g4xx_it.o(i.TIM1_CC_IRQHandler) for TIM1_CC_IRQHandler
    startup_stm32g431xx.o(RESET) refers to stm32g4xx_it.o(i.TIM4_IRQHandler) for TIM4_IRQHandler
    startup_stm32g431xx.o(RESET) refers to stm32g4xx_it.o(i.USART3_IRQHandler) for USART3_IRQHandler
    startup_stm32g431xx.o(RESET) refers to stm32g4xx_it.o(i.EXTI15_10_IRQHandler) for EXTI15_10_IRQHandler
    startup_stm32g431xx.o(RESET) refers to stm32g4xx_it.o(i.COMP1_2_3_IRQHandler) for COMP1_2_3_IRQHandler
    startup_stm32g431xx.o(.text) refers to system_stm32g4xx.o(i.SystemInit) for SystemInit
    startup_stm32g431xx.o(.text) refers to entry.o(.ARM.Collect$$$$00000000) for __main
    main.o(i.HAL_ADCEx_InjectedConvCpltCallback) refers to motor_app_fsm.o(i.Motor_APP_Task_10kHz) for Motor_APP_Task_10kHz
    main.o(i.HAL_ADCEx_InjectedConvCpltCallback) refers to memcpya.o(.text) for __aeabi_memcpy4
    main.o(i.HAL_ADCEx_InjectedConvCpltCallback) refers to stm32g4xx_hal_uart.o(i.HAL_UART_Transmit_DMA) for HAL_UART_Transmit_DMA
    main.o(i.HAL_ADCEx_InjectedConvCpltCallback) refers to main.o(.data) for .data
    main.o(i.HAL_ADCEx_InjectedConvCpltCallback) refers to motor_app_fsm.o(.bss) for foc_in
    main.o(i.HAL_ADCEx_InjectedConvCpltCallback) refers to main.o(.bss) for .bss
    main.o(i.HAL_ADCEx_InjectedConvCpltCallback) refers to motor_app_fsm.o(.data) for theta_elec_est
    main.o(i.HAL_ADCEx_InjectedConvCpltCallback) refers to usart.o(.bss) for huart3
    main.o(i.HAL_TIM_IC_CaptureCallback) refers to stm32g4xx_hal_tim.o(i.HAL_TIM_ReadCapturedValue) for HAL_TIM_ReadCapturedValue
    main.o(i.HAL_TIM_IC_CaptureCallback) refers to stm32g4xx_hal_gpio.o(i.HAL_GPIO_ReadPin) for HAL_GPIO_ReadPin
    main.o(i.HAL_TIM_IC_CaptureCallback) refers to main.o(.data) for .data
    main.o(i.main) refers to stm32g4xx_hal.o(i.HAL_Init) for HAL_Init
    main.o(i.main) refers to sys_config.o(i.SystemClock_Config) for SystemClock_Config
    main.o(i.main) refers to motor_app_fsm.o(i.Motor_APP_Init) for Motor_APP_Init
    main.o(i.main) refers to usart.o(i.MX_USART3_UART_Init) for MX_USART3_UART_Init
    main.o(i.main) refers to sys_config.o(i.FDCAN_Config) for FDCAN_Config
    main.o(i.main) refers to stm32g4xx_hal_uart.o(i.HAL_UART_Receive_IT) for HAL_UART_Receive_IT
    main.o(i.main) refers to motor_app_fsm.o(i.Motor_APP_GetState) for Motor_APP_GetState
    main.o(i.main) refers to stm32g4xx_hal_fdcan.o(i.HAL_FDCAN_AddMessageToTxFifoQ) for HAL_FDCAN_AddMessageToTxFifoQ
    main.o(i.main) refers to stm32g4xx_hal.o(i.HAL_Delay) for HAL_Delay
    main.o(i.main) refers to sys_config.o(.data) for aRxBuffer
    main.o(i.main) refers to usart.o(.bss) for huart3
    main.o(i.main) refers to sys_config.o(.bss) for TxHeader
    main.o(i.main) refers to fdcan.o(.bss) for hfdcan1
    gpio.o(i.MX_GPIO_Init) refers to memseta.o(.text) for __aeabi_memclr4
    gpio.o(i.MX_GPIO_Init) refers to stm32g4xx_hal_gpio.o(i.HAL_GPIO_WritePin) for HAL_GPIO_WritePin
    gpio.o(i.MX_GPIO_Init) refers to stm32g4xx_hal_gpio.o(i.HAL_GPIO_Init) for HAL_GPIO_Init
    gpio.o(i.MX_GPIO_Init) refers to stm32g4xx_hal_cortex.o(i.HAL_NVIC_SetPriority) for HAL_NVIC_SetPriority
[...]
    i.MX_ADC1_Init                           0x08004b6c   Section        0  adc.o(i.MX_ADC1_Init)
    i.MX_ADC2_Init                           0x08004c60   Section        0  adc.o(i.MX_ADC2_Init)
    i.MX_COMP1_Init                          0x08004d20   Section        0  comp.o(i.MX_COMP1_Init)
    i.MX_DAC3_Init                           0x08004d58   Section        0  dac.o(i.MX_DAC3_Init)
    i.MX_DMA_Init                            0x08004db0   Section        0  dma.o(i.MX_DMA_Init)
    i.MX_GPIO_Init                           0x08004dec   Section        0  gpio.o(i.MX_GPIO_Init)
    i.MX_OPAMP1_Init                         0x08004e90   Section        0  opamp.o(i.MX_OPAMP1_Init)
    i.MX_OPAMP2_Init                         0x08004ec4   Section        0  opamp.o(i.MX_OPAMP2_Init)
    i.MX_OPAMP3_Init                         0x08004ef8   Section        0  opamp.o(i.MX_OPAMP3_Init)
    i.MX_TIM1_Init                           0x08004f2c   Section        0  tim.o(i.MX_TIM1_Init)
    i.MX_TIM4_Init                           0x0800506c   Section        0  tim.o(i.MX_TIM4_Init)
    i.MX_USART3_UART_Init                    0x080050f8   Section        0  usart.o(i.MX_USART3_UART_Init)
    i.MemManage_Handler                      0x08005160   Section        0  stm32g4xx_it.o(i.MemManage_Handler)
    i.Motor_APP_GetState                     0x08005164   Section        0  motor_app_fsm.o(i.Motor_APP_GetState)
    i.Motor_APP_Init                         0x08005170   Section        0  motor_app_fsm.o(i.Motor_APP_Init)
    i.Motor_APP_Start                        0x08005210   Section        0  motor_app_fsm.o(i.Motor_APP_Start)
    i.Motor_APP_Stop                         0x0800521c   Section        0  motor_app_fsm.o(i.Motor_APP_Stop)
    i.Motor_APP_Task_10kHz                   0x08005228   Section        0  motor_app_fsm.o(i.Motor_APP_Task_10kHz)
    i.Motor_HAL_CalibrateOffsets             0x080055f8   Section        0  motor_hal.o(i.Motor_HAL_CalibrateOffsets)
    i.Motor_HAL_DisablePWM                   0x0800565c   Section        0  motor_hal.o(i.Motor_HAL_DisablePWM)
    i.Motor_HAL_EnablePWM                    0x08005698   Section        0  motor_hal.o(i.Motor_HAL_EnablePWM)
    i.Motor_HAL_GetBusVoltage                0x080056dc   Section        0  motor_hal.o(i.Motor_HAL_GetBusVoltage)
    i.Motor_HAL_GetPhaseCurrents             0x08005718   Section        0  motor_hal.o(i.Motor_HAL_GetPhaseCurrents)
    i.Motor_HAL_Init                         0x08005774   Section        0  motor_hal.o(i.Motor_HAL_Init)
    i.Motor_HAL_SetPWM                       0x08005810   Section        0  motor_hal.o(i.Motor_HAL_SetPWM)
    i.Motor_MW_FOC_Init                      0x080058b8   Section        0  motor_mw_foc.o(i.Motor_MW_FOC_Init)
    i.Motor_MW_FOC_Step                      0x0800591c   Section        0  motor_mw_foc.o(i.Motor_MW_FOC_Step)
    i.NMI_Handler                            0x08005a78   Section        0  stm32g4xx_it.o(i.NMI_Handler)
    i.PI_Update                              0x08005a7a   Section        0  motor_mw_foc.o(i.PI_Update)
    PI_Update                                0x08005a7b   Thumb Code    82  motor_mw_foc.o(i.PI_Update)
    i.PendSV_Handler                         0x08005acc   Section        0  stm32g4xx_it.o(i.PendSV_Handler)
    i.SRF_PLL_Init                           0x08005ad0   Section        0  motor_pll.o(i.SRF_PLL_Init)
    i.SRF_PLL_Reset                          0x08005b10   Section        0  motor_pll.o(i.SRF_PLL_Reset)
    i.SRF_PLL_Step                           0x08005b50   Section        0  motor_pll.o(i.SRF_PLL_Step)
    i.SVC_Handler                            0x08005d70   Section        0  stm32g4xx_it.o(i.SVC_Handler)
    i.Speed_Loop_PI                          0x08005d74   Section        0  motor_app_fsm.o(i.Speed_Loop_PI)
    Speed_Loop_PI                            0x08005d75   Thumb Code    76  motor_app_fsm.o(i.Speed_Loop_PI)
    i.SysTick_Handler                        0x08005dc4   Section        0  stm32g4xx_it.o(i.SysTick_Handler)
    i.SystemClock_Config                     0x08005dc8   Section        0  sys_config.o(i.SystemClock_Config)
    i.SystemInit                             0x08005e50   Section        0  system_stm32g4xx.o(i.SystemInit)
    i.TIM1_BRK_TIM15_IRQHandler              0x08005e60   Section        0  stm32g4xx_it.o(i.TIM1_BRK_TIM15_IRQHandler)
    i.TIM1_CC_IRQHandler                     0x08005e6c   Section        0  stm32g4xx_it.o(i.TIM1_CC_IRQHandler)
    i.TIM1_UP_TIM16_IRQHandler               0x08005e78   Section        0  stm32g4xx_it.o(i.TIM1_UP_TIM16_IRQHandler)
    i.TIM4_IRQHandler                        0x08005e84   Section        0  stm32g4xx_it.o(i.TIM4_IRQHandler)
    i.TIM_Base_SetConfig                     0x08005e90   Section        0  stm32g4xx_hal_tim.o(i.TIM_Base_SetConfig)
    i.TIM_CCxChannelCmd                      0x08005f40   Section        0  stm32g4xx_hal_tim.o(i.TIM_CCxChannelCmd)
    i.TIM_CCxNChannelCmd                     0x08005f5a   Section        0  stm32g4xx_hal_tim_ex.o(i.TIM_CCxNChannelCmd)
    TIM_CCxNChannelCmd                       0x08005f5b   Thumb Code    26  stm32g4xx_hal_tim_ex.o(i.TIM_CCxNChannelCmd)
    i.TIM_ETR_SetConfig                      0x08005f74   Section        0  stm32g4xx_hal_tim.o(i.TIM_ETR_SetConfig)
    i.TIM_ITRx_SetConfig                     0x08005f88   Section        0  stm32g4xx_hal_tim.o(i.TIM_ITRx_SetConfig)
    TIM_ITRx_SetConfig                       0x08005f89   Thumb Code    16  stm32g4xx_hal_tim.o(i.TIM_ITRx_SetConfig)
    i.TIM_OC1_SetConfig                      0x08005f9c   Section        0  stm32g4xx_hal_tim.o(i.TIM_OC1_SetConfig)
    TIM_OC1_SetConfig                        0x08005f9d   Thumb Code   132  stm32g4xx_hal_tim.o(i.TIM_OC1_SetConfig)
    i.TIM_OC2_SetConfig                      0x08006038   Section        0  stm32g4xx_hal_tim.o(i.TIM_OC2_SetConfig)
    i.TIM_OC3_SetConfig                      0x080060c8   Section        0  stm32g4xx_hal_tim.o(i.TIM_OC3_SetConfig)
    TIM_OC3_SetConfig                        0x080060c9   Thumb Code   118  stm32g4xx_hal_tim.o(i.TIM_OC3_SetConfig)
    i.TIM_OC4_SetConfig                      0x08006158   Section        0  stm32g4xx_hal_tim.o(i.TIM_OC4_SetConfig)
    TIM_OC4_SetConfig                        0x08006159   Thumb Code   120  stm32g4xx_hal_tim.o(i.TIM_OC4_SetConfig)
    i.TIM_OC5_SetConfig                      0x080061e8   Section        0  stm32g4xx_hal_tim.o(i.TIM_OC5_SetConfig)
    TIM_OC5_SetConfig                        0x080061e9   Thumb Code    86  stm32g4xx_hal_tim.o(i.TIM_OC5_SetConfig)
    i.TIM_OC6_SetConfig                      0x08006258   Section        0  stm32g4xx_hal_tim.o(i.TIM_OC6_SetConfig)
    TIM_OC6_SetConfig                        0x08006259   Thumb Code    88  stm32g4xx_hal_tim.o(i.TIM_OC6_SetConfig)
    i.TIM_TI1_ConfigInputStage               0x080062c8   Section        0  stm32g4xx_hal_tim.o(i.TIM_TI1_ConfigInputStage)
    TIM_TI1_ConfigInputStage                 0x080062c9   Thumb Code    34  stm32g4xx_hal_tim.o(i.TIM_TI1_ConfigInputStage)
    i.TIM_TI1_SetConfig                      0x080062ec   Section        0  stm32g4xx_hal_tim.o(i.TIM_TI1_SetConfig)
    i.TIM_TI2_ConfigInputStage               0x08006358   Section        0  stm32g4xx_hal_tim.o(i.TIM_TI2_ConfigInputStage)
    TIM_TI2_ConfigInputStage                 0x08006359   Thumb Code    36  stm32g4xx_hal_tim.o(i.TIM_TI2_ConfigInputStage)
    i.UARTEx_SetNbDataToProcess              0x0800637c   Section        0  stm32g4xx_hal_uart_ex.o(i.UARTEx_SetNbDataToProcess)
    UARTEx_SetNbDataToProcess                0x0800637d   Thumb Code    62  stm32g4xx_hal_uart_ex.o(i.UARTEx_SetNbDataToProcess)
    i.UART_AdvFeatureConfig                  0x080063c0   Section        0  stm32g4xx_hal_uart.o(i.UART_AdvFeatureConfig)
    i.UART_CheckIdleState                    0x08006488   Section        0  stm32g4xx_hal_uart.o(i.UART_CheckIdleState)
    i.UART_DMAAbortOnError                   0x080064e8   Section        0  stm32g4xx_hal_uart.o(i.UART_DMAAbortOnError)
    UART_DMAAbortOnError                     0x080064e9   Thumb Code    20  stm32g4xx_hal_uart.o(i.UART_DMAAbortOnError)
    i.UART_DMAError                          0x080064fc   Section        0  stm32g4xx_hal_uart.o(i.UART_DMAError)
    UART_DMAError                            0x080064fd   Thumb Code    80  stm32g4xx_hal_uart.o(i.UART_DMAError)
    i.UART_DMATransmitCplt                   0x0800654c   Section        0  stm32g4xx_hal_uart.o(i.UART_DMATransmitCplt)
    UART_DMATransmitCplt                     0x0800654d   Thumb Code    48  stm32g4xx_hal_uart.o(i.UART_DMATransmitCplt)
    i.UART_DMATxHalfCplt                     0x0800657c   Section        0  stm32g4xx_hal_uart.o(i.UART_DMATxHalfCplt)
    UART_DMATxHalfCplt                       0x0800657d   Thumb Code    10  stm32g4xx_hal_uart.o(i.UART_DMATxHalfCplt)
    i.UART_EndRxTransfer                     0x08006588   Section        0  stm32g4xx_hal_uart.o(i.UART_EndRxTransfer)
    UART_EndRxTransfer                       0x08006589   Thumb Code    50  stm32g4xx_hal_uart.o(i.UART_EndRxTransfer)
    i.UART_EndTxTransfer                     0x080065c0   Section        0  stm32g4xx_hal_uart.o(i.UART_EndTxTransfer)
    UART_EndTxTransfer                       0x080065c1   Thumb Code    28  stm32g4xx_hal_uart.o(i.UART_EndTxTransfer)
    i.UART_RxISR_16BIT                       0x080065dc   Section        0  stm32g4xx_hal_uart.o(i.UART_RxISR_16BIT)
    UART_RxISR_16BIT                         0x080065dd   Thumb Code   128  stm32g4xx_hal_uart.o(i.UART_RxISR_16BIT)
    i.UART_RxISR_16BIT_FIFOEN                0x0800665c   Section        0  stm32g4xx_hal_uart.o(i.UART_RxISR_16BIT_FIFOEN)
    UART_RxISR_16BIT_FIFOEN                  0x0800665d   Thumb Code   306  stm32g4xx_hal_uart.o(i.UART_RxISR_16BIT_FIFOEN)
    i.UART_RxISR_8BIT                        0x08006798   Section        0  stm32g4xx_hal_uart.o(i.UART_RxISR_8BIT)
    UART_RxISR_8BIT                          0x08006799   Thumb Code   128  stm32g4xx_hal_uart.o(i.UART_RxISR_8BIT)
    i.UART_RxISR_8BIT_FIFOEN                 0x08006818   Section        0  stm32g4xx_hal_uart.o(i.UART_RxISR_8BIT_FIFOEN)
    UART_RxISR_8BIT_FIFOEN                   0x08006819   Thumb Code   306  stm32g4xx_hal_uart.o(i.UART_RxISR_8BIT_FIFOEN)
    i.UART_SetConfig                         0x08006954   Section        0  stm32g4xx_hal_uart.o(i.UART_SetConfig)
    i.UART_Start_Receive_IT                  0x08006bc8   Section        0  stm32g4xx_hal_uart.o(i.UART_Start_Receive_IT)
    i.UART_WaitOnFlagUntilTimeout            0x08006ca0   Section        0  stm32g4xx_hal_uart.o(i.UART_WaitOnFlagUntilTimeout)
    i.USART3_IRQHandler                      0x08006d44   Section        0  stm32g4xx_it.o(i.USART3_IRQHandler)
    i.UsageFault_Handler                     0x08006d50   Section        0  stm32g4xx_it.o(i.UsageFault_Handler)
    i.Wrap_0_2pi                             0x08006d54   Section        0  motor_pll.o(i.Wrap_0_2pi)
    Wrap_0_2pi                               0x08006d55   Thumb Code    36  motor_pll.o(i.Wrap_0_2pi)
    i.__ARM_isfinitef                        0x08006d80   Section        0  motor_app_fsm.o(i.__ARM_isfinitef)
    __ARM_isfinitef                          0x08006d81   Thumb Code    14  motor_app_fsm.o(i.__ARM_isfinitef)
    i.__ARM_isfinitef                        0x08006d8e   Section        0  motor_mw_foc.o(i.__ARM_isfinitef)
    __ARM_isfinitef                          0x08006d8f   Thumb Code    14  motor_mw_foc.o(i.__ARM_isfinitef)
    i.__ARM_isfinitef                        0x08006d9c   Section        0  motor_pll.o(i.__ARM_isfinitef)
    __ARM_isfinitef                          0x08006d9d   Thumb Code    14  motor_pll.o(i.__ARM_isfinitef)
    i.__NVIC_SetPriority                     0x08006daa   Section        0  stm32g4xx_hal_cortex.o(i.__NVIC_SetPriority)
    __NVIC_SetPriority                       0x08006dab   Thumb Code    32  stm32g4xx_hal_cortex.o(i.__NVIC_SetPriority)
    i.__scatterload_copy                     0x08006dca   Section       14  handlers.o(i.__scatterload_copy)
    i.__scatterload_null                     0x08006dd8   Section        2  handlers.o(i.__scatterload_null)
    i.__scatterload_zeroinit                 0x08006dda   Section       14  handlers.o(i.__scatterload_zeroinit)
    i.main                                   0x08006de8   Section        0  main.o(i.main)
    .constdata                               0x08006e38   Section       16  stm32g4xx_hal_fdcan.o(.constdata)
    DLCtoBytes                               0x08006e38   Data          16  stm32g4xx_hal_fdcan.o(.constdata)
    .constdata                               0x08006e48   Section       24  stm32g4xx_hal_uart.o(.constdata)
    .constdata                               0x08006e60   Section       16  stm32g4xx_hal_uart_ex.o(.constdata)
    numerator                                0x08006e60   Data           8  stm32g4xx_hal_uart_ex.o(.constdata)
    denominator                              0x08006e68   Data           8  stm32g4xx_hal_uart_ex.o(.constdata)
    .constdata                               0x08006e70   Section       16  system_stm32g4xx.o(.constdata)
    .constdata                               0x08006e80   Section        8  system_stm32g4xx.o(.constdata)
    .data                                    0x20000000   Section       40  main.o(.data)
    tempData                                 0x20000010   Data          24  main.o(.data)
    .data                                    0x20000028   Section        4  adc.o(.data)
    HAL_RCC_ADC12_CLK_ENABLED                0x20000028   Data           4  adc.o(.data)
    .data                                    0x2000002c   Section        8  sys_config.o(.data)
    .data                                    0x20000034   Section        2  sys_config.o(.data)
    .data                                    0x20000038   Section       12  stm32g4xx_hal.o(.data)
    .data                                    0x20000044   Section        4  system_stm32g4xx.o(.data)
    .data                                    0x20000048   Section       72  motor_app_fsm.o(.data)
    run_timer                                0x20000050   Data           4  motor_app_fsm.o(.data)
    spd_kp                                   0x20000068   Data           4  motor_app_fsm.o(.data)
    spd_ki                                   0x2000006c   Data           4  motor_app_fsm.o(.data)
    spd_integral                             0x20000070   Data           4  motor_app_fsm.o(.data)
    target_speed_rpm                         0x20000074   Data           4  motor_app_fsm.o(.data)
    .data                                    0x20000090   Section       12  motor_hal.o(.data)
    Offset_Ia                                0x20000090   Data           4  motor_hal.o(.data)
    Offset_Ib                                0x20000094   Data           4  motor_hal.o(.data)
    Offset_Ic                                0x20000098   Data           4  motor_hal.o(.data)
    .bss                                     0x2000009c   Section       20  main.o(.bss)
    load_data                                0x2000009c   Data          20  main.o(.bss)
    .bss                                     0x200000b0   Section      216  adc.o(.bss)
    .bss                                     0x20000188   Section       36  comp.o(.bss)
    .bss                                     0x200001ac   Section       40  dac.o(.bss)
    .bss                                     0x200001d4   Section      100  fdcan.o(.bss)
    .bss                                     0x20000238   Section      180  opamp.o(.bss)
    .bss                                     0x200002ec   Section      152  tim.o(.bss)
    .bss                                     0x20000384   Section      240  usart.o(.bss)
    .bss                                     0x20000474   Section       40  sys_config.o(.bss)
    .bss                                     0x2000049c   Section      292  sys_config.o(.bss)
    .bss                                     0x200005c0   Section      152  motor_app_fsm.o(.bss)
    .bss                                     0x20000658   Section       48  motor_mw_foc.o(.bss)
    pi_id                                    0x20000658   Data          24  motor_mw_foc.o(.bss)
    pi_iq                                    0x20000670   Data          24  motor_mw_foc.o(.bss)
    STACK                                    0x20000688   Section     1024  startup_stm32g431xx.o(STACK)

    Global Symbols

    Symbol Name                              Value     Ov Type        Size  Object(Section)

    BuildAttributes$$THM_ISAv4$E$P$D$K$B$S$7EM$VFPi3$EXTD16$VFPS$VFMA$PE$A:L22UL41UL21$X:L11$S22US41US21$IEEE1$IW$USESV6$~STKCKD$USESV7$~SHL$OTIME$ROPI$IEEEX$EBA8$MICROLIB$REQ8$PRES8$EABIv2 0x00000000   Number         0  anon$$obj.o ABSOLUTE
    __ARM_use_no_argv                        0x00000000   Number         0  main.o ABSOLUTE
    __cpp_initialize__aeabi_                  - Undefined Weak Reference
    __cxa_finalize                            - Undefined Weak Reference
    __decompress                              - Undefined Weak Reference
    _clock_init                               - Undefined Weak Reference
    _microlib_exit                            - Undefined Weak Reference
    __Vectors_Size                           0x000001d8   Number         0  startup_stm32g431xx.o ABSOLUTE
    __Vectors                                0x08000000   Data           4  startup_stm32g431xx.o(RESET)
    __Vectors_End                            0x080001d8   Data           0  startup_stm32g431xx.o(RESET)
    __main                                   0x080001d9   Thumb Code     0  entry.o(.ARM.Collect$$$$00000000)
    _main_stk                                0x080001d9   Thumb Code     0  entry2.o(.ARM.Collect$$$$00000001)
    _main_scatterload                        0x080001dd   Thumb Code     0  entry5.o(.ARM.Collect$$$$00000004)
    __main_after_scatterload                 0x080001e1   Thumb Code     0  entry5.o(.ARM.Collect$$$$00000004)
    _main_clock                              0x080001e1   Thumb Code     0  entry7b.o(.ARM.Collect$$$$00000008)
    _main_cpp_init                           0x080001e1   Thumb Code     0  entry8b.o(.ARM.Collect$$$$0000000A)
    _main_init                               0x080001e1   Thumb Code     0  entry9a.o(.ARM.Collect$$$$0000000B)
    __rt_final_cpp                           0x080001e9   Thumb Code     0  entry10a.o(.ARM.Collect$$$$0000000D)
    __rt_final_exit                          0x080001e9   Thumb Code     0  entry11a.o(.ARM.Collect$$$$0000000F)
    Reset_Handler                            0x080001ed   Thumb Code     8  startup_stm32g431xx.o(.text)
    COMP4_IRQHandler                         0x08000207   Thumb Code     0  startup_stm32g431xx.o(.text)
    CORDIC_IRQHandler                        0x08000207   Thumb Code     0  startup_stm32g431xx.o(.text)
    CRS_IRQHandler                           0x08000207   Thumb Code     0  startup_stm32g431xx.o(.text)
    DMA1_Channel2_IRQHandler                 0x08000207   Thumb Code     0  startup_stm32g431xx.o(.text)
    DMA1_Channel3_IRQHandler                 0x08000207   Thumb Code     0  startup_stm32g431xx.o(.text)
    DMA1_Channel4_IRQHandler                 0x08000207   Thumb Code     0  startup_stm32g431xx.o(.text)
    DMA1_Channel5_IRQHandler                 0x08000207   Thumb Code     0  startup_stm32g431xx.o(.text)
    DMA1_Channel6_IRQHandler                 0x08000207   Thumb Code     0  startup_stm32g431xx.o(.text)
    DMA2_Channel1_IRQHandler                 0x08000207   Thumb Code     0  startup_stm32g431xx.o(.text)
    DMA2_Channel2_IRQHandler                 0x08000207   Thumb Code     0  startup_stm32g431xx.o(.text)
    DMA2_Channel3_IRQHandler                 0x08000207   Thumb Code     0  startup_stm32g431xx.o(.text)
    DMA2_Channel4_IRQHandler                 0x08000207   Thumb Code     0  startup_stm32g431xx.o(.text)
    DMA2_Channel5_IRQHandler                 0x08000207   Thumb Code     0  startup_stm32g431xx.o(.text)
    DMA2_Channel6_IRQHandler                 0x08000207   Thumb Code     0  startup_stm32g431xx.o(.text)
    DMAMUX_OVR_IRQHandler                    0x08000207   Thumb Code     0  startup_stm32g431xx.o(.text)
    EXTI0_IRQHandler                         0x08000207   Thumb Code     0  startup_stm32g431xx.o(.text)
    EXTI1_IRQHandler                         0x08000207   Thumb Code     0  startup_stm32g431xx.o(.text)
    EXTI2_IRQHandler                         0x08000207   Thumb Code     0  startup_stm32g431xx.o(.text)
    EXTI3_IRQHandler                         0x08000207   Thumb Code     0  startup_stm32g431xx.o(.text)
    EXTI4_IRQHandler                         0x08000207   Thumb Code     0  startup_stm32g431xx.o(.text)
    EXTI9_5_IRQHandler                       0x08000207   Thumb Code     0  startup_stm32g431xx.o(.text)
    FDCAN1_IT1_IRQHandler                    0x08000207   Thumb Code     0  startup_stm32g431xx.o(.text)
    FLASH_IRQHandler                         0x08000207   Thumb Code     0  startup_stm32g431xx.o(.text)
    FMAC_IRQHandler                          0x08000207   Thumb Code     0  startup_stm32g431xx.o(.text)
    FPU_IRQHandler                           0x08000207   Thumb Code     0  startup_stm32g431xx.o(.text)
    I2C1_ER_IRQHandler                       0x08000207   Thumb Code     0  startup_stm32g431xx.o(.text)
    I2C1_EV_IRQHandler                       0x08000207   Thumb Code     0  startup_stm32g431xx.o(.text)
    I2C2_ER_IRQHandler                       0x08000207   Thumb Code     0  startup_stm32g431xx.o(.text)
    I2C2_EV_IRQHandler                       0x08000207   Thumb Code     0  startup_stm32g431xx.o(.text)
    I2C3_ER_IRQHandler                       0x08000207   Thumb Code     0  startup_stm32g431xx.o(.text)
    I2C3_EV_IRQHandler                       0x08000207   Thumb Code     0  startup_stm32g431xx.o(.text)
    LPTIM1_IRQHandler                        0x08000207   Thumb Code     0  startup_stm32g431xx.o(.text)
    LPUART1_IRQHandler                       0x08000207   Thumb Code     0  startup_stm32g431xx.o(.text)
    PVD_PVM_IRQHandler                       0x08000207   Thumb Code     0  startup_stm32g431xx.o(.text)
    RCC_IRQHandler                           0x08000207   Thumb Code     0  startup_stm32g431xx.o(.text)
    RNG_IRQHandler                           0x08000207   Thumb Code     0  startup_stm32g431xx.o(.text)
    RTC_Alarm_IRQHandler                     0x08000207   Thumb Code     0  startup_stm32g431xx.o(.text)
    RTC_TAMP_LSECSS_IRQHandler               0x08000207   Thumb Code     0  startup_stm32g431xx.o(.text)
    RTC_WKUP_IRQHandler                      0x08000207   Thumb Code     0  startup_stm32g431xx.o(.text)
    SAI1_IRQHandler                          0x08000207   Thumb Code     0  startup_stm32g431xx.o(.text)
    SPI1_IRQHandler                          0x08000207   Thumb Code     0  startup_stm32g431xx.o(.text)
    SPI2_IRQHandler                          0x08000207   Thumb Code     0  startup_stm32g431xx.o(.text)
    SPI3_IRQHandler                          0x08000207   Thumb Code     0  startup_stm32g431xx.o(.text)
    TIM1_TRG_COM_TIM17_IRQHandler            0x08000207   Thumb Code     0  startup_stm32g431xx.o(.text)
    TIM2_IRQHandler                          0x08000207   Thumb Code     0  startup_stm32g431xx.o(.text)
    TIM3_IRQHandler                          0x08000207   Thumb Code     0  startup_stm32g431xx.o(.text)
    TIM6_DAC_IRQHandler                      0x08000207   Thumb Code     0  startup_stm32g431xx.o(.text)
    TIM7_IRQHandler                          0x08000207   Thumb Code     0  startup_stm32g431xx.o(.text)
    TIM8_BRK_IRQHandler                      0x08000207   Thumb Code     0  startup_stm32g431xx.o(.text)
    TIM8_CC_IRQHandler                       0x08000207   Thumb Code     0  startup_stm32g431xx.o(.text)
    TIM8_TRG_COM_IRQHandler                  0x08000207   Thumb Code     0  startup_stm32g431xx.o(.text)
    TIM8_UP_IRQHandler                       0x08000207   Thumb Code     0  startup_stm32g431xx.o(.text)
    UART4_IRQHandler                         0x08000207   Thumb Code     0  startup_stm32g431xx.o(.text)
    UCPD1_IRQHandler                         0x08000207   Thumb Code     0  startup_stm32g431xx.o(.text)
    USART1_IRQHandler                        0x08000207   Thumb Code     0  startup_stm32g431xx.o(.text)
    USART2_IRQHandler                        0x08000207   Thumb Code     0  startup_stm32g431xx.o(.text)
    USBWakeUp_IRQHandler                     0x08000207   Thumb Code     0  startup_stm32g431xx.o(.text)
    USB_HP_IRQHandler                        0x08000207   Thumb Code     0  startup_stm32g431xx.o(.text)
    USB_LP_IRQHandler                        0x08000207   Thumb Code     0  startup_stm32g431xx.o(.text)
    WWDG_IRQHandler                          0x08000207   Thumb Code     0  startup_stm32g431xx.o(.text)
    __aeabi_uldivmod                         0x08000211   Thumb Code    98  uldiv.o(.text)
    __aeabi_memcpy                           0x08000273   Thumb Code    36  memcpya.o(.text)
    __aeabi_memcpy4                          0x08000273   Thumb Code     0  memcpya.o(.text)
    __aeabi_memcpy8                          0x08000273   Thumb Code     0  memcpya.o(.text)
    __aeabi_memset                           0x08000297   Thumb Code    14  memseta.o(.text)
    __aeabi_memset4                          0x08000297   Thumb Code     0  memseta.o(.text)
    __aeabi_memset8                          0x08000297   Thumb Code     0  memseta.o(.text)
    __aeabi_memclr                           0x080002a5   Thumb Code     4  memseta.o(.text)
    __aeabi_memclr4                          0x080002a5   Thumb Code     0  memseta.o(.text)
    __aeabi_memclr8                          0x080002a5   Thumb Code     0  memseta.o(.text)
    _memset$wrapper                          0x080002a9   Thumb Code    18  memseta.o(.text)
    __aeabi_llsl                             0x080002bb   Thumb Code    30  llshl.o(.text)
    _ll_shift_l                              0x080002bb   Thumb Code     0  llshl.o(.text)
    __aeabi_llsr                             0x080002d9   Thumb Code    32  llushr.o(.text)
    _ll_ushift_r                             0x080002d9   Thumb Code     0  llushr.o(.text)
    __scatterload                            0x080002f9   Thumb Code    28  init.o(.text)
    __scatterload_rt2                        0x080002f9   Thumb Code     0  init.o(.text)
    arm_cos_f32                              0x0800031d   Thumb Code   160  arm_cos_f32.o(.text.arm_cos_f32)
    arm_sin_f32                              0x080003bd   Thumb Code   152  arm_sin_f32.o(.text.arm_sin_f32)
    ADC1_2_IRQHandler                        0x08000455   Thumb Code    18  stm32g4xx_it.o(i.ADC1_2_IRQHandler)
    ADC_Enable                               0x08000471   Thumb Code   110  stm32g4xx_hal_adc.o(i.ADC_Enable)
    BEMF_Observer_Init                       0x080004e5   Thumb Code    90  motor_mw_foc.o(i.BEMF_Observer_Init)
    BEMF_Observer_Step                       0x08000545   Thumb Code   240  motor_mw_foc.o(i.BEMF_Observer_Step)
    BusFault_Handler                         0x08000639   Thumb Code     2  stm32g4xx_it.o(i.BusFault_Handler)
    COMP1_2_3_IRQHandler                     0x0800063d   Thumb Code     6  stm32g4xx_it.o(i.COMP1_2_3_IRQHandler)
    DMA1_Channel1_IRQHandler                 0x08000649   Thumb Code     6  stm32g4xx_it.o(i.DMA1_Channel1_IRQHandler)
    DebugMon_Handler                         0x080006f7   Thumb Code     2  stm32g4xx_it.o(i.DebugMon_Handler)
    EXTI15_10_IRQHandler                     0x080006f9   Thumb Code    30  stm32g4xx_it.o(i.EXTI15_10_IRQHandler)
    Error_Handler                            0x08000717   Thumb Code     4  main.o(i.Error_Handler)
    FDCAN1_IT0_IRQHandler                    0x0800071d   Thumb Code    24  stm32g4xx_it.o(i.FDCAN1_IT0_IRQHandler)
    FDCAN_Config                             0x08000741   Thumb Code    82  sys_config.o(i.FDCAN_Config)
    HAL_ADCEx_EndOfSamplingCallback          0x08000805   Thumb Code     2  stm32g4xx_hal_adc_ex.o(i.HAL_ADCEx_EndOfSamplingCallback)
    HAL_ADCEx_InjectedConfigChannel          0x08000809   Thumb Code  1264  stm32g4xx_hal_adc_ex.o(i.HAL_ADCEx_InjectedConfigChannel)
    HAL_ADCEx_InjectedConvCpltCallback       0x08000d21   Thumb Code   146  main.o(i.HAL_ADCEx_InjectedConvCpltCallback)
    HAL_ADCEx_InjectedQueueOverflowCallback  0x08000dd1   Thumb Code     2  stm32g4xx_hal_adc_ex.o(i.HAL_ADCEx_InjectedQueueOverflowCallback)
    HAL_ADCEx_InjectedStart                  0x08000dd5   Thumb Code   220  stm32g4xx_hal_adc_ex.o(i.HAL_ADCEx_InjectedStart)
    HAL_ADCEx_InjectedStart_IT               0x08000ebd   Thumb Code   282  stm32g4xx_hal_adc_ex.o(i.HAL_ADCEx_InjectedStart_IT)
    HAL_ADCEx_LevelOutOfWindow2Callback      0x08000fe5   Thumb Code     2  stm32g4xx_hal_adc_ex.o(i.HAL_ADCEx_LevelOutOfWindow2Callback)
    HAL_ADCEx_LevelOutOfWindow3Callback      0x08000fe7   Thumb Code     2  stm32g4xx_hal_adc_ex.o(i.HAL_ADCEx_LevelOutOfWindow3Callback)
    HAL_ADCEx_MultiModeConfigChannel         0x08000fe9   Thumb Code   208  stm32g4xx_hal_adc_ex.o(i.HAL_ADCEx_MultiModeConfigChannel)
    HAL_ADC_ConfigChannel                    0x080010c1   Thumb Code  1006  stm32g4xx_hal_adc.o(i.HAL_ADC_ConfigChannel)
    HAL_ADC_ConvCpltCallback                 0x080014e5   Thumb Code     2  stm32g4xx_hal_adc.o(i.HAL_ADC_ConvCpltCallback)
    HAL_ADC_ErrorCallback                    0x080014e7   Thumb Code     2  stm32g4xx_hal_adc.o(i.HAL_ADC_ErrorCallback)
    HAL_ADC_GetValue                         0x080014e9   Thumb Code     6  stm32g4xx_hal_adc.o(i.HAL_ADC_GetValue)
    HAL_ADC_IRQHandler                       0x080014f1   Thumb Code   612  stm32g4xx_hal_adc.o(i.HAL_ADC_IRQHandler)
    HAL_ADC_Init                             0x0800175d   Thumb Code   476  stm32g4xx_hal_adc.o(i.HAL_ADC_Init)
    HAL_ADC_LevelOutOfWindowCallback         0x08001959   Thumb Code     2  stm32g4xx_hal_adc.o(i.HAL_ADC_LevelOutOfWindowCallback)
    HAL_ADC_MspInit                          0x0800195d   Thumb Code   202  adc.o(i.HAL_ADC_MspInit)
    HAL_ADC_PollForConversion                0x08001a39   Thumb Code   242  stm32g4xx_hal_adc.o(i.HAL_ADC_PollForConversion)
    HAL_ADC_Start                            0x08001b35   Thumb Code   230  stm32g4xx_hal_adc.o(i.HAL_ADC_Start)
    HAL_COMP_IRQHandler                      0x08001c29   Thumb Code    64  stm32g4xx_hal_comp.o(i.HAL_COMP_IRQHandler)
    HAL_COMP_Init                            0x08001c71   Thumb Code   264  stm32g4xx_hal_comp.o(i.HAL_COMP_Init)
    HAL_COMP_MspInit                         0x08001d91   Thumb Code    80  comp.o(i.HAL_COMP_MspInit)
    HAL_COMP_Start                           0x08001ded   Thumb Code    68  stm32g4xx_hal_comp.o(i.HAL_COMP_Start)
    HAL_COMP_TriggerCallback                 0x08001e39   Thumb Code     2  stm32g4xx_hal_comp.o(i.HAL_COMP_TriggerCallback)
    HAL_DAC_ConfigChannel                    0x08001e3d   Thumb Code   428  stm32g4xx_hal_dac.o(i.HAL_DAC_ConfigChannel)
    HAL_DAC_Init                             0x08001ff1   Thumb Code    40  stm32g4xx_hal_dac.o(i.HAL_DAC_Init)
    HAL_DAC_MspInit                          0x08002019   Thumb Code   106  dac.o(i.HAL_DAC_MspInit)
    HAL_DAC_SetValue                         0x08002091   Thumb Code    26  stm32g4xx_hal_dac.o(i.HAL_DAC_SetValue)
    HAL_DAC_Start                            0x080020ab   Thumb Code   104  stm32g4xx_hal_dac.o(i.HAL_DAC_Start)
    HAL_DMA_Abort                            0x08002113   Thumb Code   106  stm32g4xx_hal_dma.o(i.HAL_DMA_Abort)
    HAL_DMA_Abort_IT                         0x0800217d   Thumb Code   120  stm32g4xx_hal_dma.o(i.HAL_DMA_Abort_IT)
    HAL_DMA_IRQHandler                       0x080021f5   Thumb Code   186  stm32g4xx_hal_dma.o(i.HAL_DMA_IRQHandler)
    HAL_DMA_Init                             0x080022b1   Thumb Code   178  stm32g4xx_hal_dma.o(i.HAL_DMA_Init)
    HAL_DMA_Start_IT                         0x08002371   Thumb Code   140  stm32g4xx_hal_dma.o(i.HAL_DMA_Start_IT)
    HAL_Delay                                0x080023fd   Thumb Code    32  stm32g4xx_hal.o(i.HAL_Delay)
    HAL_FDCAN_ActivateNotification           0x08002421   Thumb Code   224  stm32g4xx_hal_fdcan.o(i.HAL_FDCAN_ActivateNotification)
    HAL_FDCAN_AddMessageToTxFifoQ            0x08002501   Thumb Code    74  stm32g4xx_hal_fdcan.o(i.HAL_FDCAN_AddMessageToTxFifoQ)
    HAL_FDCAN_ConfigFilter                   0x0800254b   Thumb Code    92  stm32g4xx_hal_fdcan.o(i.HAL_FDCAN_ConfigFilter)
    HAL_FDCAN_ErrorCallback                  0x080025a7   Thumb Code     2  stm32g4xx_hal_fdcan.o(i.HAL_FDCAN_ErrorCallback)
    HAL_FDCAN_ErrorStatusCallback            0x080025a9   Thumb Code     2  stm32g4xx_hal_fdcan.o(i.HAL_FDCAN_ErrorStatusCallback)
    HAL_FDCAN_GetRxMessage                   0x080025ad   Thumb Code   234  stm32g4xx_hal_fdcan.o(i.HAL_FDCAN_GetRxMessage)
    HAL_FDCAN_HighPriorityMessageCallback    0x0800269d   Thumb Code     2  stm32g4xx_hal_fdcan.o(i.HAL_FDCAN_HighPriorityMessageCallback)
    HAL_FDCAN_IRQHandler                     0x0800269f   Thumb Code   352  stm32g4xx_hal_fdcan.o(i.HAL_FDCAN_IRQHandler)
    HAL_FDCAN_RxFifo0Callback                0x080027ff   Thumb Code     2  stm32g4xx_hal_fdcan.o(i.HAL_FDCAN_RxFifo0Callback)
    HAL_FDCAN_RxFifo1Callback                0x08002801   Thumb Code     2  stm32g4xx_hal_fdcan.o(i.HAL_FDCAN_RxFifo1Callback)
    HAL_FDCAN_Start                          0x08002803   Thumb Code    44  stm32g4xx_hal_fdcan.o(i.HAL_FDCAN_Start)
    HAL_FDCAN_TimeoutOccurredCallback        0x0800282f   Thumb Code     2  stm32g4xx_hal_fdcan.o(i.HAL_FDCAN_TimeoutOccurredCallback)
    HAL_FDCAN_TimestampWraparoundCallback    0x08002831   Thumb Code     2  stm32g4xx_hal_fdcan.o(i.HAL_FDCAN_TimestampWraparoundCallback)
    HAL_FDCAN_TxBufferAbortCallback          0x08002833   Thumb Code     2  stm32g4xx_hal_fdcan.o(i.HAL_FDCAN_TxBufferAbortCallback)
    HAL_FDCAN_TxBufferCompleteCallback       0x08002835   Thumb Code     2  stm32g4xx_hal_fdcan.o(i.HAL_FDCAN_TxBufferCompleteCallback)
    HAL_FDCAN_TxEventFifoCallback            0x08002837   Thumb Code     2  stm32g4xx_hal_fdcan.o(i.HAL_FDCAN_TxEventFifoCallback)
    HAL_FDCAN_TxFifoEmptyCallback            0x08002839   Thumb Code     2  stm32g4xx_hal_fdcan.o(i.HAL_FDCAN_TxFifoEmptyCallback)
    HAL_GPIO_EXTI_Callback                   0x0800283b   Thumb Code    32  sys_config.o(i.HAL_GPIO_EXTI_Callback)
    HAL_GPIO_EXTI_IRQHandler                 0x0800285d   Thumb Code    18  stm32g4xx_hal_gpio.o(i.HAL_GPIO_EXTI_IRQHandler)
    HAL_GPIO_Init                            0x08002875   Thumb Code   422  stm32g4xx_hal_gpio.o(i.HAL_GPIO_Init)
    HAL_GPIO_ReadPin                         0x08002a3d   Thumb Code    10  stm32g4xx_hal_gpio.o(i.HAL_GPIO_ReadPin)
    HAL_GPIO_WritePin                        0x08002a47   Thumb Code    10  stm32g4xx_hal_gpio.o(i.HAL_GPIO_WritePin)
    HAL_GetTick                              0x08002a51   Thumb Code     6  stm32g4xx_hal.o(i.HAL_GetTick)
    HAL_IncTick                              0x08002a5d   Thumb Code    12  stm32g4xx_hal.o(i.HAL_IncTick)
    HAL_Init                                 0x08002a6d   Thumb Code    30  stm32g4xx_hal.o(i.HAL_Init)
    HAL_InitTick                             0x08002a8d   Thumb Code    58  stm32g4xx_hal.o(i.HAL_InitTick)
    HAL_MspInit                              0x08002ad1   Thumb Code    42  stm32g4xx_hal_msp.o(i.HAL_MspInit)
    HAL_NVIC_EnableIRQ                       0x08002b01   Thumb Code    26  stm32g4xx_hal_cortex.o(i.HAL_NVIC_EnableIRQ)
    HAL_NVIC_SetPriority                     0x08002b1d   Thumb Code    60  stm32g4xx_hal_cortex.o(i.HAL_NVIC_SetPriority)
    HAL_NVIC_SetPriorityGrouping             0x08002b5d   Thumb Code    26  stm32g4xx_hal_cortex.o(i.HAL_NVIC_SetPriorityGrouping)
    HAL_OPAMP_Init                           0x08002b81   Thumb Code   236  stm32g4xx_hal_opamp.o(i.HAL_OPAMP_Init)
    HAL_OPAMP_MspInit                        0x08002c75   Thumb Code   150  opamp.o(i.HAL_OPAMP_MspInit)
    HAL_OPAMP_Start                          0x08002d19   Thumb Code    44  stm32g4xx_hal_opamp.o(i.HAL_OPAMP_Start)
    HAL_PWREx_ControlVoltageScaling          0x08002d45   Thumb Code   174  stm32g4xx_hal_pwr_ex.o(i.HAL_PWREx_ControlVoltageScaling)
    HAL_PWREx_DisableUCPDDeadBattery         0x08002e01   Thumb Code    12  stm32g4xx_hal_pwr_ex.o(i.HAL_PWREx_DisableUCPDDeadBattery)
    HAL_RCCEx_PeriphCLKConfig                0x08002e11   Thumb Code   638  stm32g4xx_hal_rcc_ex.o(i.HAL_RCCEx_PeriphCLKConfig)
    HAL_RCC_ClockConfig                      0x08003099   Thumb Code   444  stm32g4xx_hal_rcc.o(i.HAL_RCC_ClockConfig)
    HAL_RCC_GetHCLKFreq                      0x08003275   Thumb Code     6  stm32g4xx_hal_rcc.o(i.HAL_RCC_GetHCLKFreq)
    HAL_RCC_GetPCLK1Freq                     0x08003281   Thumb Code    24  stm32g4xx_hal_rcc.o(i.HAL_RCC_GetPCLK1Freq)
    HAL_RCC_GetPCLK2Freq                     0x080032a5   Thumb Code    24  stm32g4xx_hal_rcc.o(i.HAL_RCC_GetPCLK2Freq)
    HAL_RCC_GetSysClockFreq                  0x080032c9   Thumb Code    98  stm32g4xx_hal_rcc.o(i.HAL_RCC_GetSysClockFreq)
    HAL_RCC_OscConfig                        0x08003339   Thumb Code  1036  stm32g4xx_hal_rcc.o(i.HAL_RCC_OscConfig)
    HAL_SYSTICK_Config                       0x08003745   Thumb Code    40  stm32g4xx_hal_cortex.o(i.HAL_SYSTICK_Config)
    HAL_TIMEx_Break2Callback                 0x0800376d   Thumb Code     2  stm32g4xx_hal_tim_ex.o(i.HAL_TIMEx_Break2Callback)
    HAL_TIMEx_BreakCallback                  0x0800376f   Thumb Code     2  stm32g4xx_hal_tim_ex.o(i.HAL_TIMEx_BreakCallback)
    HAL_TIMEx_CommutCallback                 0x08003771   Thumb Code     2  stm32g4xx_hal_tim_ex.o(i.HAL_TIMEx_CommutCallback)
    HAL_TIMEx_ConfigBreakDeadTime            0x08003775   Thumb Code   164  stm32g4xx_hal_tim_ex.o(i.HAL_TIMEx_ConfigBreakDeadTime)
    HAL_TIMEx_ConfigBreakInput               0x08003821   Thumb Code   190  stm32g4xx_hal_tim_ex.o(i.HAL_TIMEx_ConfigBreakInput)
    HAL_TIMEx_DirectionChangeCallback        0x080038df   Thumb Code     2  stm32g4xx_hal_tim_ex.o(i.HAL_TIMEx_DirectionChangeCallback)
    HAL_TIMEx_EncoderIndexCallback           0x080038e1   Thumb Code     2  stm32g4xx_hal_tim_ex.o(i.HAL_TIMEx_EncoderIndexCallback)
    HAL_TIMEx_HallSensor_Init                0x080038e5   Thumb Code   208  stm32g4xx_hal_tim_ex.o(i.HAL_TIMEx_HallSensor_Init)
    HAL_TIMEx_HallSensor_MspInit             0x080039c1   Thumb Code     2  stm32g4xx_hal_tim_ex.o(i.HAL_TIMEx_HallSensor_MspInit)
    HAL_TIMEx_IndexErrorCallback             0x080039c3   Thumb Code     2  stm32g4xx_hal_tim_ex.o(i.HAL_TIMEx_IndexErrorCallback)
    HAL_TIMEx_MasterConfigSynchronization    0x080039c5   Thumb Code   132  stm32g4xx_hal_tim_ex.o(i.HAL_TIMEx_MasterConfigSynchronization)
    HAL_TIMEx_PWMN_Start                     0x08003a61   Thumb Code   158  stm32g4xx_hal_tim_ex.o(i.HAL_TIMEx_PWMN_Start)
    HAL_TIMEx_PWMN_Stop                      0x08003b19   Thumb Code   104  stm32g4xx_hal_tim_ex.o(i.HAL_TIMEx_PWMN_Stop)
    HAL_TIMEx_TransitionErrorCallback        0x08003b81   Thumb Code     2  stm32g4xx_hal_tim_ex.o(i.HAL_TIMEx_TransitionErrorCallback)
    HAL_TIM_Base_Init                        0x08003b83   Thumb Code    98  stm32g4xx_hal_tim.o(i.HAL_TIM_Base_Init)
    HAL_TIM_Base_MspInit                     0x08003be5   Thumb Code   170  tim.o(i.HAL_TIM_Base_MspInit)
    HAL_TIM_Base_Start                       0x08003ca1   Thumb Code    84  stm32g4xx_hal_tim.o(i.HAL_TIM_Base_Start)
    HAL_TIM_ConfigClockSource                0x08003d0d   Thumb Code   240  stm32g4xx_hal_tim.o(i.HAL_TIM_ConfigClockSource)
    HAL_TIM_IC_CaptureCallback               0x08003e05   Thumb Code   234  main.o(i.HAL_TIM_IC_CaptureCallback)
    HAL_TIM_IRQHandler                       0x08003f29   Thumb Code   508  stm32g4xx_hal_tim.o(i.HAL_TIM_IRQHandler)
    HAL_TIM_MspPostInit                      0x08004125   Thumb Code   136  tim.o(i.HAL_TIM_MspPostInit)
    HAL_TIM_OC_DelayElapsedCallback          0x080041b9   Thumb Code     2  stm32g4xx_hal_tim.o(i.HAL_TIM_OC_DelayElapsedCallback)
    HAL_TIM_PWM_ConfigChannel                0x080041bb   Thumb Code   286  stm32g4xx_hal_tim.o(i.HAL_TIM_PWM_ConfigChannel)
    HAL_TIM_PWM_Init                         0x080042d9   Thumb Code    98  stm32g4xx_hal_tim.o(i.HAL_TIM_PWM_Init)
    HAL_TIM_PWM_MspInit                      0x0800433b   Thumb Code     2  stm32g4xx_hal_tim.o(i.HAL_TIM_PWM_MspInit)
    HAL_TIM_PWM_PulseFinishedCallback        0x0800433d   Thumb Code     2  stm32g4xx_hal_tim.o(i.HAL_TIM_PWM_PulseFinishedCallback)
    HAL_TIM_PWM_Start                        0x08004341   Thumb Code   218  stm32g4xx_hal_tim.o(i.HAL_TIM_PWM_Start)
    HAL_TIM_PWM_Stop                         0x0800443d   Thumb Code   152  stm32g4xx_hal_tim.o(i.HAL_TIM_PWM_Stop)
    HAL_TIM_PeriodElapsedCallback            0x080044e9   Thumb Code     2  stm32g4xx_hal_tim.o(i.HAL_TIM_PeriodElapsedCallback)
    HAL_TIM_ReadCapturedValue                0x080044eb   Thumb Code    42  stm32g4xx_hal_tim.o(i.HAL_TIM_ReadCapturedValue)
    HAL_TIM_TriggerCallback                  0x08004515   Thumb Code     2  stm32g4xx_hal_tim.o(i.HAL_TIM_TriggerCallback)
    HAL_UARTEx_DisableFifoMode               0x08004517   Thumb Code    62  stm32g4xx_hal_uart_ex.o(i.HAL_UARTEx_DisableFifoMode)
    HAL_UARTEx_RxEventCallback               0x08004555   Thumb Code     2  stm32g4xx_hal_uart.o(i.HAL_UARTEx_RxEventCallback)
    HAL_UARTEx_RxFifoFullCallback            0x08004557   Thumb Code     2  stm32g4xx_hal_uart_ex.o(i.HAL_UARTEx_RxFifoFullCallback)
    HAL_UARTEx_SetRxFifoThreshold            0x08004559   Thumb Code    76  stm32g4xx_hal_uart_ex.o(i.HAL_UARTEx_SetRxFifoThreshold)
    HAL_UARTEx_SetTxFifoThreshold            0x080045a5   Thumb Code    76  stm32g4xx_hal_uart_ex.o(i.HAL_UARTEx_SetTxFifoThreshold)
    HAL_UARTEx_TxFifoEmptyCallback           0x080045f1   Thumb Code     2  stm32g4xx_hal_uart_ex.o(i.HAL_UARTEx_TxFifoEmptyCallback)
    HAL_UARTEx_WakeupCallback                0x080045f3   Thumb Code     2  stm32g4xx_hal_uart_ex.o(i.HAL_UARTEx_WakeupCallback)
    HAL_UART_ErrorCallback                   0x080045f5   Thumb Code     2  stm32g4xx_hal_uart.o(i.HAL_UART_ErrorCallback)
    HAL_UART_IRQHandler                      0x080045f9   Thumb Code   632  stm32g4xx_hal_uart.o(i.HAL_UART_IRQHandler)
    HAL_UART_Init                            0x0800487d   Thumb Code   106  stm32g4xx_hal_uart.o(i.HAL_UART_Init)
    HAL_UART_MspInit                         0x080048e9   Thumb Code   148  usart.o(i.HAL_UART_MspInit)
    HAL_UART_Receive_IT                      0x08004991   Thumb Code    70  stm32g4xx_hal_uart.o(i.HAL_UART_Receive_IT)
    HAL_UART_RxCpltCallback                  0x080049dd   Thumb Code    64  sys_config.o(i.HAL_UART_RxCpltCallback)
    HAL_UART_Transmit_DMA                    0x08004a29   Thumb Code   140  stm32g4xx_hal_uart.o(i.HAL_UART_Transmit_DMA)
    HAL_UART_TxCpltCallback                  0x08004ac1   Thumb Code     2  stm32g4xx_hal_uart.o(i.HAL_UART_TxCpltCallback)
    HAL_UART_TxHalfCpltCallback              0x08004ac3   Thumb Code     2  stm32g4xx_hal_uart.o(i.HAL_UART_TxHalfCpltCallback)
    HardFault_Handler                        0x08004ac5   Thumb Code     2  stm32g4xx_it.o(i.HardFault_Handler)
    MX_ADC1_Init                             0x08004b6d   Thumb Code   228  adc.o(i.MX_ADC1_Init)
    MX_ADC2_Init                             0x08004c61   Thumb Code   174  adc.o(i.MX_ADC2_Init)
    MX_COMP1_Init                            0x08004d21   Thumb Code    46  comp.o(i.MX_COMP1_Init)
    MX_DAC3_Init                             0x08004d59   Thumb Code    78  dac.o(i.MX_DAC3_Init)
    MX_DMA_Init                              0x08004db1   Thumb Code    56  dma.o(i.MX_DMA_Init)
    MX_GPIO_Init                             0x08004ded   Thumb Code   152  gpio.o(i.MX_GPIO_Init)
    MX_OPAMP1_Init                           0x08004e91   Thumb Code    42  opamp.o(i.MX_OPAMP1_Init)
    MX_OPAMP2_Init                           0x08004ec5   Thumb Code    42  opamp.o(i.MX_OPAMP2_Init)
    MX_OPAMP3_Init                           0x08004ef9   Thumb Code    42  opamp.o(i.MX_OPAMP3_Init)
    MX_TIM1_Init                             0x08004f2d   Thumb Code   312  tim.o(i.MX_TIM1_Init)
    MX_TIM4_Init                             0x0800506d   Thumb Code   130  tim.o(i.MX_TIM4_Init)
    MX_USART3_UART_Init                      0x080050f9   Thumb Code    94  usart.o(i.MX_USART3_UART_Init)
    MemManage_Handler                        0x08005161   Thumb Code     2  stm32g4xx_it.o(i.MemManage_Handler)
    Motor_APP_GetState                       0x08005165   Thumb Code     6  motor_app_fsm.o(i.Motor_APP_GetState)
    Motor_APP_Init                           0x08005171   Thumb Code   118  motor_app_fsm.o(i.Motor_APP_Init)
    Motor_APP_Start                          0x08005211   Thumb Code     8  motor_app_fsm.o(i.Motor_APP_Start)
    Motor_APP_Stop                           0x0800521d   Thumb Code     8  motor_app_fsm.o(i.Motor_APP_Stop)
    Motor_APP_Task_10kHz                     0x08005229   Thumb Code   924  motor_app_fsm.o(i.Motor_APP_Task_10kHz)
    Motor_HAL_CalibrateOffsets               0x080055f9   Thumb Code    88  motor_hal.o(i.Motor_HAL_CalibrateOffsets)
    Motor_HAL_DisablePWM                     0x0800565d   Thumb Code    54  motor_hal.o(i.Motor_HAL_DisablePWM)
    Motor_HAL_EnablePWM                      0x08005699   Thumb Code    62  motor_hal.o(i.Motor_HAL_EnablePWM)
    Motor_HAL_GetBusVoltage                  0x080056dd   Thumb Code    48  motor_hal.o(i.Motor_HAL_GetBusVoltage)
    Motor_HAL_GetPhaseCurrents               0x08005719   Thumb Code    84  motor_hal.o(i.Motor_HAL_GetPhaseCurrents)
    Motor_HAL_Init                           0x08005775   Thumb Code   122  motor_hal.o(i.Motor_HAL_Init)
    Motor_HAL_SetPWM                         0x08005811   Thumb Code   144  motor_hal.o(i.Motor_HAL_SetPWM)
    Motor_MW_FOC_Init                        0x080058b9   Thumb Code    70  motor_mw_foc.o(i.Motor_MW_FOC_Init)
    Motor_MW_FOC_Step                        0x0800591d   Thumb Code   328  motor_mw_foc.o(i.Motor_MW_FOC_Step)
    NMI_Handler                              0x08005a79   Thumb Code     2  stm32g4xx_it.o(i.NMI_Handler)
    PendSV_Handler                           0x08005acd   Thumb Code     2  stm32g4xx_it.o(i.PendSV_Handler)
    SRF_PLL_Init                             0x08005ad1   Thumb Code    50  motor_pll.o(i.SRF_PLL_Init)
    SRF_PLL_Reset                            0x08005b11   Thumb Code    58  motor_pll.o(i.SRF_PLL_Reset)
    SRF_PLL_Step                             0x08005b51   Thumb Code   520  motor_pll.o(i.SRF_PLL_Step)
    SVC_Handler                              0x08005d71   Thumb Code     2  stm32g4xx_it.o(i.SVC_Handler)
    SysTick_Handler                          0x08005dc5   Thumb Code     4  stm32g4xx_it.o(i.SysTick_Handler)
    SystemClock_Config                       0x08005dc9   Thumb Code   136  sys_config.o(i.SystemClock_Config)
    SystemInit                               0x08005e51   Thumb Code    12  system_stm32g4xx.o(i.SystemInit)
    TIM1_BRK_TIM15_IRQHandler                0x08005e61   Thumb Code     6  stm32g4xx_it.o(i.TIM1_BRK_TIM15_IRQHandler)
    TIM1_CC_IRQHandler                       0x08005e6d   Thumb Code     6  stm32g4xx_it.o(i.TIM1_CC_IRQHandler)
    TIM1_UP_TIM16_IRQHandler                 0x08005e79   Thumb Code     6  stm32g4xx_it.o(i.TIM1_UP_TIM16_IRQHandler)
    TIM4_IRQHandler                          0x08005e85   Thumb Code     6  stm32g4xx_it.o(i.TIM4_IRQHandler)
    TIM_Base_SetConfig                       0x08005e91   Thumb Code   146  stm32g4xx_hal_tim.o(i.TIM_Base_SetConfig)
    TIM_CCxChannelCmd                        0x08005f41   Thumb Code    26  stm32g4xx_hal_tim.o(i.TIM_CCxChannelCmd)
    TIM_ETR_SetConfig                        0x08005f75   Thumb Code    20  stm32g4xx_hal_tim.o(i.TIM_ETR_SetConfig)
    TIM_OC2_SetConfig                        0x08006039   Thumb Code   120  stm32g4xx_hal_tim.o(i.TIM_OC2_SetConfig)
    TIM_TI1_SetConfig                        0x080062ed   Thumb Code    88  stm32g4xx_hal_tim.o(i.TIM_TI1_SetConfig)
    UART_AdvFeatureConfig                    0x080063c1   Thumb Code   200  stm32g4xx_hal_uart.o(i.UART_AdvFeatureConfig)
    UART_CheckIdleState                      0x08006489   Thumb Code    96  stm32g4xx_hal_uart.o(i.UART_CheckIdleState)
    UART_SetConfig                           0x08006955   Thumb Code   582  stm32g4xx_hal_uart.o(i.UART_SetConfig)
    UART_Start_Receive_IT                    0x08006bc9   Thumb Code   198  stm32g4xx_hal_uart.o(i.UART_Start_Receive_IT)
    UART_WaitOnFlagUntilTimeout              0x08006ca1   Thumb Code   164  stm32g4xx_hal_uart.o(i.UART_WaitOnFlagUntilTimeout)
    USART3_IRQHandler                        0x08006d45   Thumb Code     6  stm32g4xx_it.o(i.USART3_IRQHandler)
    UsageFault_Handler                       0x08006d51   Thumb Code     2  stm32g4xx_it.o(i.UsageFault_Handler)
    __scatterload_copy                       0x08006dcb   Thumb Code    14  handlers.o(i.__scatterload_copy)
    __scatterload_null                       0x08006dd9   Thumb Code     2  handlers.o(i.__scatterload_null)
    __scatterload_zeroinit                   0x08006ddb   Thumb Code    14  handlers.o(i.__scatterload_zeroinit)
    main                                     0x08006de9   Thumb Code    64  main.o(i.main)
    UARTPrescTable                           0x08006e48   Data          24  stm32g4xx_hal_uart.o(.constdata)
    AHBPrescTable                            0x08006e70   Data          16  system_stm32g4xx.o(.constdata)
    APBPrescTable                            0x08006e80   Data           8  system_stm32g4xx.o(.constdata)
    sinTable_f32                             0x08006e88   Data        2052  arm_common_tables.o(.rodata.sinTable_f32)
    Region$$Table$$Base                      0x0800768c   Number         0  anon$$obj.o(Region$$Table)
    Region$$Table$$Limit                     0x080076ac   Number         0  anon$$obj.o(Region$$Table)
    HallReadTemp                             0x20000000   Data           1  main.o(.data)
    HallTheta                                0x20000004   Data           4  main.o(.data)
    HallThetaAdd                             0x20000008   Data           4  main.o(.data)
    HallSpeed                                0x2000000c   Data           4  main.o(.data)
    RxData                                   0x2000002c   Data           8  sys_config.o(.data)
    Uart1_Rx_Cnt                             0x20000034   Data           1  sys_config.o(.data)
    aRxBuffer                                0x20000035   Data           1  sys_config.o(.data)
    uwTickPrio                               0x20000038   Data           4  stm32g4xx_hal.o(.data)
    uwTickFreq                               0x2000003c   Data           4  stm32g4xx_hal.o(.data)
    uwTick                                   0x20000040   Data           4  stm32g4xx_hal.o(.data)
    SystemCoreClock                          0x20000044   Data           4  system_stm32g4xx.o(.data)
    current_state                            0x20000048   Data           1  motor_app_fsm.o(.data)
    motor_cmd_run                            0x20000049   Data           1  motor_app_fsm.o(.data)
    state_timer                              0x2000004c   Data           4  motor_app_fsm.o(.data)
    open_loop_theta                          0x20000054   Data           4  motor_app_fsm.o(.data)
    open_loop_speed                          0x20000058   Data           4  motor_app_fsm.o(.data)
    theta_elec_est                           0x2000005c   Data           4  motor_app_fsm.o(.data)
    omega_elec_est                           0x20000060   Data           4  motor_app_fsm.o(.data)
    sensorless_theta_offset                  0x20000064   Data           4  motor_app_fsm.o(.data)
    looptest_i                               0x20000078   Data           4  motor_app_fsm.o(.data)
    VF_Theta                                 0x2000007c   Data           4  motor_app_fsm.o(.data)
    VF_Omega                                 0x20000080   Data           4  motor_app_fsm.o(.data)
    VF_Accel                                 0x20000084   Data           4  motor_app_fsm.o(.data)
    VF_Target_Omega                          0x20000088   Data           4  motor_app_fsm.o(.data)
    VF_Modulation                            0x2000008c   Data           4  motor_app_fsm.o(.data)
    hadc1                                    0x200000b0   Data         108  adc.o(.bss)
    hadc2                                    0x2000011c   Data         108  adc.o(.bss)
    hcomp1                                   0x20000188   Data          36  comp.o(.bss)
    hdac1                                    0x200001ac   Data          20  dac.o(.bss)
    hdac3                                    0x200001c0   Data          20  dac.o(.bss)
    hfdcan1                                  0x200001d4   Data         100  fdcan.o(.bss)
    hopamp1                                  0x20000238   Data          60  opamp.o(.bss)
    hopamp2                                  0x20000274   Data          60  opamp.o(.bss)
    hopamp3                                  0x200002b0   Data          60  opamp.o(.bss)
    htim1                                    0x200002ec   Data          76  tim.o(.bss)
    htim4                                    0x20000338   Data          76  tim.o(.bss)
    huart3                                   0x20000384   Data         144  usart.o(.bss)
    hdma_usart3_tx                           0x20000414   Data          96  usart.o(.bss)
    RxHeader                                 0x20000474   Data          40  sys_config.o(.bss)
    TxHeader                                 0x2000049c   Data          36  sys_config.o(.bss)
    RxBuffer                                 0x200004c0   Data         256  sys_config.o(.bss)
    foc_in                                   0x200005c0   Data          28  motor_app_fsm.o(.bss)
    foc_out                                  0x200005dc   Data          28  motor_app_fsm.o(.bss)
    bemf_obs                                 0x200005f8   Data          56  motor_app_fsm.o(.bss)
    bemf_pll                                 0x20000630   Data          40  motor_app_fsm.o(.bss)
    __initial_sp                             0x20000a88   Data           0  startup_stm32g431xx.o(STACK)



==============================================================================

Memory Map of the image

  Image Entry point : 0x080001d9

  Load Region LR_IROM1 (Base: 0x08000000, Size: 0x00007748, Max: 0x00020000, ABSOLUTE)

    Execution Region ER_IROM1 (Exec base: 0x08000000, Load base: 0x08000000, Size: 0x000076ac, Max: 0x00020000, ABSOLUTE)

    Exec Addr    Load Addr    Size         Type   Attr      Idx    E Section Name        Object

    0x08000000   0x08000000   0x000001d8   Data   RO            3    RESET               startup_stm32g431xx.o
    0x080001d8   0x080001d8   0x00000000   Code   RO         5978  * .ARM.Collect$$$$00000000  mc_w.l(entry.o)
    0x080001d8   0x080001d8   0x00000004   Code   RO         6016    .ARM.Collect$$$$00000001  mc_w.l(entry2.o)
    0x080001dc   0x080001dc   0x00000004   Code   RO         6019    .ARM.Collect$$$$00000004  mc_w.l(entry5.o)
    0x080001e0   0x080001e0   0x00000000   Code   RO         6021    .ARM.Collect$$$$00000008  mc_w.l(entry7b.o)
    0x080001e0   0x080001e0   0x00000000   Code   RO         6023    .ARM.Collect$$$$0000000A  mc_w.l(entry8b.o)
    0x080001e0   0x080001e0   0x00000008   Code   RO         6024    .ARM.Collect$$$$0000000B  mc_w.l(entry9a.o)
    0x080001e8   0x080001e8   0x00000000   Code   RO         6026    .ARM.Collect$$$$0000000D  mc_w.l(entry10a.o)
    0x080001e8   0x080001e8   0x00000000   Code   RO         6028    .ARM.Collect$$$$0000000F  mc_w.l(entry11a.o)
    0x080001e8   0x080001e8   0x00000004   Code   RO         6017    .ARM.Collect$$$$00002712  mc_w.l(entry2.o)
    0x080001ec   0x080001ec   0x00000024   Code   RO            4    .text               startup_stm32g431xx.o
    0x08000210   0x08000210   0x00000062   Code   RO         5981    .text               mc_w.l(uldiv.o)
    0x08000272   0x08000272   0x00000024   Code   RO         5983    .text               mc_w.l(memcpya.o)
    0x08000296   0x08000296   0x00000024   Code   RO         5985    .text               mc_w.l(memseta.o)
    0x080002ba   0x080002ba   0x0000001e   Code   RO         6030    .text               mc_w.l(llshl.o)
    0x080002d8   0x080002d8   0x00000020   Code   RO         6032    .text               mc_w.l(llushr.o)
    0x080002f8   0x080002f8   0x00000024   Code   RO         6048    .text               mc_w.l(init.o)
    0x0800031c   0x0800031c   0x000000a0   Code   RO         5814    .text.arm_cos_f32   arm_cortexM4lf_math.lib(arm_cos_f32.o)
    0x080003bc   0x080003bc   0x00000098   Code   RO         5824    .text.arm_sin_f32   arm_cortexM4lf_math.lib(arm_sin_f32.o)
    0x08000454   0x08000454   0x0000001c   Code   RO          740    i.ADC1_2_IRQHandler  stm32g4xx_it.o
    0x08000470   0x08000470   0x00000074   Code   RO          971    i.ADC_Enable        stm32g4xx_hal_adc.o
    0x080004e4   0x080004e4   0x00000060   Code   RO         5703    i.BEMF_Observer_Init  motor_mw_foc.o
    0x08000544   0x08000544   0x000000f4   Code   RO         5704    i.BEMF_Observer_Step  motor_mw_foc.o
    0x08000638   0x08000638   0x00000002   Code   RO          741    i.BusFault_Handler  stm32g4xx_it.o
    0x0800063a   0x0800063a   0x00000002   PAD
    0x0800063c   0x0800063c   0x0000000c   Code   RO          742    i.COMP1_2_3_IRQHandler  stm32g4xx_it.o
    0x08000648   0x08000648   0x0000000c   Code   RO          743    i.DMA1_Channel1_IRQHandler  stm32g4xx_it.o
    0x08000654   0x08000654   0x00000040   Code   RO         2246    i.DMA_CalcDMAMUXChannelBaseAndMask  stm32g4xx_hal_dma.o
    0x08000694   0x08000694   0x00000024   Code   RO         2247    i.DMA_CalcDMAMUXRequestGenBaseAndMask  stm32g4xx_hal_dma.o
    0x080006b8   0x080006b8   0x0000003e   Code   RO         2248    i.DMA_SetConfig     stm32g4xx_hal_dma.o
    0x080006f6   0x080006f6   0x00000002   Code   RO          744    i.DebugMon_Handler  stm32g4xx_it.o
    0x080006f8   0x080006f8   0x0000001e   Code   RO          745    i.EXTI15_10_IRQHandler  stm32g4xx_it.o
    0x08000716   0x08000716   0x00000004   Code   RO           13    i.Error_Handler     main.o
    0x0800071a   0x0800071a   0x00000002   PAD
    0x0800071c   0x0800071c   0x00000024   Code   RO          746    i.FDCAN1_IT0_IRQHandler  stm32g4xx_it.o
    0x08000740   0x08000740   0x0000005c   Code   RO          914    i.FDCAN_Config      sys_config.o
    0x0800079c   0x0800079c   0x00000068   Code   RO         3269    i.FDCAN_CopyMessageToRAM  stm32g4xx_hal_fdcan.o
    0x08000804   0x08000804   0x00000002   Code   RO         1208    i.HAL_ADCEx_EndOfSamplingCallback  stm32g4xx_hal_adc_ex.o
    0x08000806   0x08000806   0x00000002   PAD
    0x08000808   0x08000808   0x00000518   Code   RO         1210    i.HAL_ADCEx_InjectedConfigChannel  stm32g4xx_hal_adc_ex.o
    0x08000d20   0x08000d20   0x000000b0   Code   RO           14    i.HAL_ADCEx_InjectedConvCpltCallback  main.o
    0x08000dd0   0x08000dd0   0x00000002   Code   RO         1214    i.HAL_ADCEx_InjectedQueueOverflowCallback  stm32g4xx_hal_adc_ex.o
    0x08000dd2   0x08000dd2   0x00000002   PAD
    0x08000dd4   0x08000dd4   0x000000e8   Code   RO         1215    i.HAL_ADCEx_InjectedStart  stm32g4xx_hal_adc_ex.o
    0x08000ebc   0x08000ebc   0x00000128   Code   RO         1216    i.HAL_ADCEx_InjectedStart_IT  stm32g4xx_hal_adc_ex.o
    0x08000fe4   0x08000fe4   0x00000002   Code   RO         1219    i.HAL_ADCEx_LevelOutOfWindow2Callback  stm32g4xx_hal_adc_ex.o
    0x08000fe6   0x08000fe6   0x00000002   Code   RO         1220    i.HAL_ADCEx_LevelOutOfWindow3Callback  stm32g4xx_hal_adc_ex.o
    0x08000fe8   0x08000fe8   0x000000d8   Code   RO         1221    i.HAL_ADCEx_MultiModeConfigChannel  stm32g4xx_hal_adc_ex.o
    0x080010c0   0x080010c0   0x00000424   Code   RO          973    i.HAL_ADC_ConfigChannel  stm32g4xx_hal_adc.o
    0x080014e4   0x080014e4   0x00000002   Code   RO          974    i.HAL_ADC_ConvCpltCallback  stm32g4xx_hal_adc.o
    0x080014e6   0x080014e6   0x00000002   Code   RO          977    i.HAL_ADC_ErrorCallback  stm32g4xx_hal_adc.o
    0x080014e8   0x080014e8   0x00000006   Code   RO          980    i.HAL_ADC_GetValue  stm32g4xx_hal_adc.o
    0x080014ee   0x080014ee   0x00000002   PAD
    0x080014f0   0x080014f0   0x0000026c   Code   RO          981    i.HAL_ADC_IRQHandler  stm32g4xx_hal_adc.o
    0x0800175c   0x0800175c   0x000001fc   Code   RO          982    i.HAL_ADC_Init      stm32g4xx_hal_adc.o
    0x08001958   0x08001958   0x00000002   Code   RO          983    i.HAL_ADC_LevelOutOfWindowCallback  stm32g4xx_hal_adc.o
    0x0800195a   0x0800195a   0x00000002   PAD
    0x0800195c   0x0800195c   0x000000dc   Code   RO          383    i.HAL_ADC_MspInit   adc.o
    0x08001a38   0x08001a38   0x000000fc   Code   RO          986    i.HAL_ADC_PollForConversion  stm32g4xx_hal_adc.o
    0x08001b34   0x08001b34   0x000000f4   Code   RO          988    i.HAL_ADC_Start     stm32g4xx_hal_adc.o
    0x08001c28   0x08001c28   0x00000048   Code   RO         2892    i.HAL_COMP_IRQHandler  stm32g4xx_hal_comp.o
    0x08001c70   0x08001c70   0x00000120   Code   RO         2893    i.HAL_COMP_Init     stm32g4xx_hal_comp.o
    0x08001d90   0x08001d90   0x0000005c   Code   RO          432    i.HAL_COMP_MspInit  comp.o
    0x08001dec   0x08001dec   0x0000004c   Code   RO         2897    i.HAL_COMP_Start    stm32g4xx_hal_comp.o
    0x08001e38   0x08001e38   0x00000002   Code   RO         2899    i.HAL_COMP_TriggerCallback  stm32g4xx_hal_comp.o
    0x08001e3a   0x08001e3a   0x00000002   PAD
    0x08001e3c   0x08001e3c   0x000001b4   Code   RO         2984    i.HAL_DAC_ConfigChannel  stm32g4xx_hal_dac.o
    0x08001ff0   0x08001ff0   0x00000028   Code   RO         2994    i.HAL_DAC_Init      stm32g4xx_hal_dac.o
    0x08002018   0x08002018   0x00000078   Code   RO          474    i.HAL_DAC_MspInit   dac.o
    0x08002090   0x08002090   0x0000001a   Code   RO         2997    i.HAL_DAC_SetValue  stm32g4xx_hal_dac.o
    0x080020aa   0x080020aa   0x00000068   Code   RO         2998    i.HAL_DAC_Start     stm32g4xx_hal_dac.o
    0x08002112   0x08002112   0x0000006a   Code   RO         2249    i.HAL_DMA_Abort     stm32g4xx_hal_dma.o
    0x0800217c   0x0800217c   0x00000078   Code   RO         2250    i.HAL_DMA_Abort_IT  stm32g4xx_hal_dma.o
    0x080021f4   0x080021f4   0x000000ba   Code   RO         2254    i.HAL_DMA_IRQHandler  stm32g4xx_hal_dma.o
    0x080022ae   0x080022ae   0x00000002   PAD
    0x080022b0   0x080022b0   0x000000c0   Code   RO         2255    i.HAL_DMA_Init      stm32g4xx_hal_dma.o
    0x08002370   0x08002370   0x0000008c   Code   RO         2259    i.HAL_DMA_Start_IT  stm32g4xx_hal_dma.o
    0x080023fc   0x080023fc   0x00000024   Code   RO         1420    i.HAL_Delay         stm32g4xx_hal.o
    0x08002420   0x08002420   0x000000e0   Code   RO         3271    i.HAL_FDCAN_ActivateNotification  stm32g4xx_hal_fdcan.o
    0x08002500   0x08002500   0x0000004a   Code   RO         3272    i.HAL_FDCAN_AddMessageToTxFifoQ  stm32g4xx_hal_fdcan.o
    0x0800254a   0x0800254a   0x0000005c   Code   RO         3274    i.HAL_FDCAN_ConfigFilter  stm32g4xx_hal_fdcan.o
    0x080025a6   0x080025a6   0x00000002   Code   RO         3295    i.HAL_FDCAN_ErrorCallback  stm32g4xx_hal_fdcan.o
    0x080025a8   0x080025a8   0x00000002   Code   RO         3296    i.HAL_FDCAN_ErrorStatusCallback  stm32g4xx_hal_fdcan.o
    0x080025aa   0x080025aa   0x00000002   PAD
    0x080025ac   0x080025ac   0x000000f0   Code   RO         3305    i.HAL_FDCAN_GetRxMessage  stm32g4xx_hal_fdcan.o
    0x0800269c   0x0800269c   0x00000002   Code   RO         3311    i.HAL_FDCAN_HighPriorityMessageCallback  stm32g4xx_hal_fdcan.o
    0x0800269e   0x0800269e   0x00000160   Code   RO         3312    i.HAL_FDCAN_IRQHandler  stm32g4xx_hal_fdcan.o
    0x080027fe   0x080027fe   0x00000002   Code   RO         3320    i.HAL_FDCAN_RxFifo0Callback  stm32g4xx_hal_fdcan.o
    0x08002800   0x08002800   0x00000002   Code   RO         3321    i.HAL_FDCAN_RxFifo1Callback  stm32g4xx_hal_fdcan.o
    0x08002802   0x08002802   0x0000002c   Code   RO         3322    i.HAL_FDCAN_Start   stm32g4xx_hal_fdcan.o
    0x0800282e   0x0800282e   0x00000002   Code   RO         3324    i.HAL_FDCAN_TimeoutOccurredCallback  stm32g4xx_hal_fdcan.o
    0x08002830   0x08002830   0x00000002   Code   RO         3325    i.HAL_FDCAN_TimestampWraparoundCallback  stm32g4xx_hal_fdcan.o
    0x08002832   0x08002832   0x00000002   Code   RO         3326    i.HAL_FDCAN_TxBufferAbortCallback  stm32g4xx_hal_fdcan.o
    0x08002834   0x08002834   0x00000002   Code   RO         3327    i.HAL_FDCAN_TxBufferCompleteCallback  stm32g4xx_hal_fdcan.o
    0x08002836   0x08002836   0x00000002   Code   RO         3328    i.HAL_FDCAN_TxEventFifoCallback  stm32g4xx_hal_fdcan.o
    0x08002838   0x08002838   0x00000002   Code   RO         3329    i.HAL_FDCAN_TxFifoEmptyCallback  stm32g4xx_hal_fdcan.o
    0x0800283a   0x0800283a   0x00000020   Code   RO          915    i.HAL_GPIO_EXTI_Callback  sys_config.o
    0x0800285a   0x0800285a   0x00000002   PAD
    0x0800285c   0x0800285c   0x00000018   Code   RO         2110    i.HAL_GPIO_EXTI_IRQHandler  stm32g4xx_hal_gpio.o
    0x08002874   0x08002874   0x000001c8   Code   RO         2111    i.HAL_GPIO_Init     stm32g4xx_hal_gpio.o
    0x08002a3c   0x08002a3c   0x0000000a   Code   RO         2113    i.HAL_GPIO_ReadPin  stm32g4xx_hal_gpio.o
    0x08002a46   0x08002a46   0x0000000a   Code   RO         2115    i.HAL_GPIO_WritePin  stm32g4xx_hal_gpio.o
    0x08002a50   0x08002a50   0x0000000c   Code   RO         1424    i.HAL_GetTick       stm32g4xx_hal.o
    0x08002a5c   0x08002a5c   0x00000010   Code   RO         1427    i.HAL_IncTick       stm32g4xx_hal.o
    0x08002a6c   0x08002a6c   0x0000001e   Code   RO         1428    i.HAL_Init          stm32g4xx_hal.o
    0x08002a8a   0x08002a8a   0x00000002   PAD
    0x08002a8c   0x08002a8c   0x00000044   Code   RO         1429    i.HAL_InitTick      stm32g4xx_hal.o
    0x08002ad0   0x08002ad0   0x00000030   Code   RO          890    i.HAL_MspInit       stm32g4xx_hal_msp.o
    0x08002b00   0x08002b00   0x0000001a   Code   RO         2758    i.HAL_NVIC_EnableIRQ  stm32g4xx_hal_cortex.o
    0x08002b1a   0x08002b1a   0x00000002   PAD
    0x08002b1c   0x08002b1c   0x00000040   Code   RO         2764    i.HAL_NVIC_SetPriority  stm32g4xx_hal_cortex.o
    0x08002b5c   0x08002b5c   0x00000024   Code   RO         2765    i.HAL_NVIC_SetPriorityGrouping  stm32g4xx_hal_cortex.o
    0x08002b80   0x08002b80   0x000000f4   Code   RO         3657    i.HAL_OPAMP_Init    stm32g4xx_hal_opamp.o
    0x08002c74   0x08002c74   0x000000a4   Code   RO          591    i.HAL_OPAMP_MspInit  opamp.o
    0x08002d18   0x08002d18   0x0000002c   Code   RO         3663    i.HAL_OPAMP_Start   stm32g4xx_hal_opamp.o
    0x08002d44   0x08002d44   0x000000bc   Code   RO         2514    i.HAL_PWREx_ControlVoltageScaling  stm32g4xx_hal_pwr_ex.o
    0x08002e00   0x08002e00   0x00000010   Code   RO         2526    i.HAL_PWREx_DisableUCPDDeadBattery  stm32g4xx_hal_pwr_ex.o
    0x08002e10   0x08002e10   0x00000288   Code   RO         1773    i.HAL_RCCEx_PeriphCLKConfig  stm32g4xx_hal_rcc_ex.o
    0x08003098   0x08003098   0x000001dc   Code   RO         1648    i.HAL_RCC_ClockConfig  stm32g4xx_hal_rcc.o
    0x08003274   0x08003274   0x0000000c   Code   RO         1654    i.HAL_RCC_GetHCLKFreq  stm32g4xx_hal_rcc.o
    0x08003280   0x08003280   0x00000024   Code   RO         1656    i.HAL_RCC_GetPCLK1Freq  stm32g4xx_hal_rcc.o
    0x080032a4   0x080032a4   0x00000024   Code   RO         1657    i.HAL_RCC_GetPCLK2Freq  stm32g4xx_hal_rcc.o
    0x080032c8   0x080032c8   0x00000070   Code   RO         1658    i.HAL_RCC_GetSysClockFreq  stm32g4xx_hal_rcc.o
    0x08003338   0x08003338   0x0000040c   Code   RO         1661    i.HAL_RCC_OscConfig  stm32g4xx_hal_rcc.o
    0x08003744   0x08003744   0x00000028   Code   RO         2769    i.HAL_SYSTICK_Config  stm32g4xx_hal_cortex.o
    0x0800376c   0x0800376c   0x00000002   Code   RO         4478    i.HAL_TIMEx_Break2Callback  stm32g4xx_hal_tim_ex.o
    0x0800376e   0x0800376e   0x00000002   Code   RO         4479    i.HAL_TIMEx_BreakCallback  stm32g4xx_hal_tim_ex.o
    0x08003770   0x08003770   0x00000002   Code   RO         4480    i.HAL_TIMEx_CommutCallback  stm32g4xx_hal_tim_ex.o
    0x08003772   0x08003772   0x00000002   PAD
    0x08003774   0x08003774   0x000000ac   Code   RO         4483    i.HAL_TIMEx_ConfigBreakDeadTime  stm32g4xx_hal_tim_ex.o
    0x08003820   0x08003820   0x000000be   Code   RO         4484    i.HAL_TIMEx_ConfigBreakInput  stm32g4xx_hal_tim_ex.o
    0x080038de   0x080038de   0x00000002   Code   RO         4491    i.HAL_TIMEx_DirectionChangeCallback  stm32g4xx_hal_tim_ex.o
    0x080038e0   0x080038e0   0x00000002   Code   RO         4505    i.HAL_TIMEx_EncoderIndexCallback  stm32g4xx_hal_tim_ex.o
    0x080038e2   0x080038e2   0x00000002   PAD
    0x080038e4   0x080038e4   0x000000dc   Code   RO         4510    i.HAL_TIMEx_HallSensor_Init  stm32g4xx_hal_tim_ex.o
    0x080039c0   0x080039c0   0x00000002   Code   RO         4512    i.HAL_TIMEx_HallSensor_MspInit  stm32g4xx_hal_tim_ex.o
    0x080039c2   0x080039c2   0x00000002   Code   RO         4519    i.HAL_TIMEx_IndexErrorCallback  stm32g4xx_hal_tim_ex.o
    0x080039c4   0x080039c4   0x0000009c   Code   RO         4520    i.HAL_TIMEx_MasterConfigSynchronization  stm32g4xx_hal_tim_ex.o
    0x08003a60   0x08003a60   0x000000b8   Code   RO         4532    i.HAL_TIMEx_PWMN_Start  stm32g4xx_hal_tim_ex.o
    0x08003b18   0x08003b18   0x00000068   Code   RO         4535    i.HAL_TIMEx_PWMN_Stop  stm32g4xx_hal_tim_ex.o
    0x08003b80   0x08003b80   0x00000002   Code   RO         4541    i.HAL_TIMEx_TransitionErrorCallback  stm32g4xx_hal_tim_ex.o
    0x08003b82   0x08003b82   0x00000062   Code   RO         3764    i.HAL_TIM_Base_Init  stm32g4xx_hal_tim.o
    0x08003be4   0x08003be4   0x000000bc   Code   RO          645    i.HAL_TIM_Base_MspInit  tim.o
    0x08003ca0   0x08003ca0   0x0000006c   Code   RO         3767    i.HAL_TIM_Base_Start  stm32g4xx_hal_tim.o
    0x08003d0c   0x08003d0c   0x000000f8   Code   RO         3773    i.HAL_TIM_ConfigClockSource  stm32g4xx_hal_tim.o
    0x08003e04   0x08003e04   0x00000124   Code   RO           15    i.HAL_TIM_IC_CaptureCallback  main.o
    0x08003f28   0x08003f28   0x000001fc   Code   RO         3812    i.HAL_TIM_IRQHandler  stm32g4xx_hal_tim.o
    0x08004124   0x08004124   0x00000094   Code   RO          646    i.HAL_TIM_MspPostInit  tim.o
    0x080041b8   0x080041b8   0x00000002   Code   RO         3815    i.HAL_TIM_OC_DelayElapsedCallback  stm32g4xx_hal_tim.o
    0x080041ba   0x080041ba   0x0000011e   Code   RO         3836    i.HAL_TIM_PWM_ConfigChannel  stm32g4xx_hal_tim.o
    0x080042d8   0x080042d8   0x00000062   Code   RO         3839    i.HAL_TIM_PWM_Init  stm32g4xx_hal_tim.o
    0x0800433a   0x0800433a   0x00000002   Code   RO         3841    i.HAL_TIM_PWM_MspInit  stm32g4xx_hal_tim.o
    0x0800433c   0x0800433c   0x00000002   Code   RO         3842    i.HAL_TIM_PWM_PulseFinishedCallback  stm32g4xx_hal_tim.o
    0x0800433e   0x0800433e   0x00000002   PAD
    0x08004340   0x08004340   0x000000fc   Code   RO         3844    i.HAL_TIM_PWM_Start  stm32g4xx_hal_tim.o
    0x0800443c   0x0800443c   0x000000ac   Code   RO         3847    i.HAL_TIM_PWM_Stop  stm32g4xx_hal_tim.o
    0x080044e8   0x080044e8   0x00000002   Code   RO         3850    i.HAL_TIM_PeriodElapsedCallback  stm32g4xx_hal_tim.o
    0x080044ea   0x080044ea   0x0000002a   Code   RO         3852    i.HAL_TIM_ReadCapturedValue  stm32g4xx_hal_tim.o
    0x08004514   0x08004514   0x00000002   Code   RO         3855    i.HAL_TIM_TriggerCallback  stm32g4xx_hal_tim.o
    0x08004516   0x08004516   0x0000003e   Code   RO         5327    i.HAL_UARTEx_DisableFifoMode  stm32g4xx_hal_uart_ex.o
    0x08004554   0x08004554   0x00000002   Code   RO         4916    i.HAL_UARTEx_RxEventCallback  stm32g4xx_hal_uart.o
    0x08004556   0x08004556   0x00000002   Code   RO         5334    i.HAL_UARTEx_RxFifoFullCallback  stm32g4xx_hal_uart_ex.o
    0x08004558   0x08004558   0x0000004c   Code   RO         5335    i.HAL_UARTEx_SetRxFifoThreshold  stm32g4xx_hal_uart_ex.o
    0x080045a4   0x080045a4   0x0000004c   Code   RO         5336    i.HAL_UARTEx_SetTxFifoThreshold  stm32g4xx_hal_uart_ex.o
    0x080045f0   0x080045f0   0x00000002   Code   RO         5338    i.HAL_UARTEx_TxFifoEmptyCallback  stm32g4xx_hal_uart_ex.o
    0x080045f2   0x080045f2   0x00000002   Code   RO         5339    i.HAL_UARTEx_WakeupCallback  stm32g4xx_hal_uart_ex.o
    0x080045f4   0x080045f4   0x00000002   Code   RO         4932    i.HAL_UART_ErrorCallback  stm32g4xx_hal_uart.o
    0x080045f6   0x080045f6   0x00000002   PAD
    0x080045f8   0x080045f8   0x00000284   Code   RO         4935    i.HAL_UART_IRQHandler  stm32g4xx_hal_uart.o
    0x0800487c   0x0800487c   0x0000006a   Code   RO         4936    i.HAL_UART_Init     stm32g4xx_hal_uart.o
    0x080048e6   0x080048e6   0x00000002   PAD
    0x080048e8   0x080048e8   0x000000a8   Code   RO          699    i.HAL_UART_MspInit  usart.o
    0x08004990   0x08004990   0x0000004c   Code   RO         4941    i.HAL_UART_Receive_IT  stm32g4xx_hal_uart.o
    0x080049dc   0x080049dc   0x0000004c   Code   RO          916    i.HAL_UART_RxCpltCallback  sys_config.o
    0x08004a28   0x08004a28   0x00000098   Code   RO         4946    i.HAL_UART_Transmit_DMA  stm32g4xx_hal_uart.o
    0x08004ac0   0x08004ac0   0x00000002   Code   RO         4948    i.HAL_UART_TxCpltCallback  stm32g4xx_hal_uart.o
    0x08004ac2   0x08004ac2   0x00000002   Code   RO         4949    i.HAL_UART_TxHalfCpltCallback  stm32g4xx_hal_uart.o
    0x08004ac4   0x08004ac4   0x00000002   Code   RO          747    i.HardFault_Handler  stm32g4xx_it.o
    0x08004ac6   0x08004ac6   0x0000000c   Code   RO          996    i.LL_ADC_GetOffsetChannel  stm32g4xx_hal_adc.o
    0x08004ad2   0x08004ad2   0x0000000c   Code   RO         1229    i.LL_ADC_GetOffsetChannel  stm32g4xx_hal_adc_ex.o
    0x08004ade   0x08004ade   0x00000008   Code   RO          997    i.LL_ADC_INJ_IsConversionOngoing  stm32g4xx_hal_adc.o
    0x08004ae6   0x08004ae6   0x00000008   Code   RO         1230    i.LL_ADC_INJ_IsConversionOngoing  stm32g4xx_hal_adc_ex.o
    0x08004aee   0x08004aee   0x00000008   Code   RO          998    i.LL_ADC_REG_IsConversionOngoing  stm32g4xx_hal_adc.o
    0x08004af6   0x08004af6   0x00000008   Code   RO         1231    i.LL_ADC_REG_IsConversionOngoing  stm32g4xx_hal_adc_ex.o
    0x08004afe   0x08004afe   0x00000010   Code   RO          999    i.LL_ADC_REG_IsTriggerSourceSWStart  stm32g4xx_hal_adc.o
    0x08004b0e   0x08004b0e   0x0000001e   Code   RO         1001    i.LL_ADC_SetChannelSamplingTime  stm32g4xx_hal_adc.o
    0x08004b2c   0x08004b2c   0x0000001e   Code   RO         1232    i.LL_ADC_SetChannelSamplingTime  stm32g4xx_hal_adc_ex.o
    0x08004b4a   0x08004b4a   0x00000010   Code   RO         1002    i.LL_ADC_SetOffsetState  stm32g4xx_hal_adc.o
    0x08004b5a   0x08004b5a   0x00000010   Code   RO         1233    i.LL_ADC_SetOffsetState  stm32g4xx_hal_adc_ex.o
    0x08004b6a   0x08004b6a   0x00000002   PAD
    0x08004b6c   0x08004b6c   0x000000f4   Code   RO          384    i.MX_ADC1_Init      adc.o
    0x08004c60   0x08004c60   0x000000c0   Code   RO          385    i.MX_ADC2_Init      adc.o
    0x08004d20   0x08004d20   0x00000038   Code   RO          433    i.MX_COMP1_Init     comp.o
    0x08004d58   0x08004d58   0x00000058   Code   RO          476    i.MX_DAC3_Init      dac.o
    0x08004db0   0x08004db0   0x0000003c   Code   RO          521    i.MX_DMA_Init       dma.o
    0x08004dec   0x08004dec   0x000000a4   Code   RO          230    i.MX_GPIO_Init      gpio.o
    0x08004e90   0x08004e90   0x00000034   Code   RO          592    i.MX_OPAMP1_Init    opamp.o
    0x08004ec4   0x08004ec4   0x00000034   Code   RO          593    i.MX_OPAMP2_Init    opamp.o
    0x08004ef8   0x08004ef8   0x00000034   Code   RO          594    i.MX_OPAMP3_Init    opamp.o
    0x08004f2c   0x08004f2c   0x00000140   Code   RO          647    i.MX_TIM1_Init      tim.o
    0x0800506c   0x0800506c   0x0000008c   Code   RO          648    i.MX_TIM4_Init      tim.o
    0x080050f8   0x080050f8   0x00000068   Code   RO          700    i.MX_USART3_UART_Init  usart.o
    0x08005160   0x08005160   0x00000002   Code   RO          748    i.MemManage_Handler  stm32g4xx_it.o
    0x08005162   0x08005162   0x00000002   PAD
    0x08005164   0x08005164   0x0000000c   Code   RO         5542    i.Motor_APP_GetState  motor_app_fsm.o
    0x08005170   0x08005170   0x000000a0   Code   RO         5543    i.Motor_APP_Init    motor_app_fsm.o
    0x08005210   0x08005210   0x0000000c   Code   RO         5544    i.Motor_APP_Start   motor_app_fsm.o
    0x0800521c   0x0800521c   0x0000000c   Code   RO         5545    i.Motor_APP_Stop    motor_app_fsm.o
    0x08005228   0x08005228   0x000003d0   Code   RO         5546    i.Motor_APP_Task_10kHz  motor_app_fsm.o
    0x080055f8   0x080055f8   0x00000064   Code   RO         5621    i.Motor_HAL_CalibrateOffsets  motor_hal.o
    0x0800565c   0x0800565c   0x0000003c   Code   RO         5622    i.Motor_HAL_DisablePWM  motor_hal.o
    0x08005698   0x08005698   0x00000044   Code   RO         5623    i.Motor_HAL_EnablePWM  motor_hal.o
    0x080056dc   0x080056dc   0x0000003c   Code   RO         5624    i.Motor_HAL_GetBusVoltage  motor_hal.o
    0x08005718   0x08005718   0x0000005c   Code   RO         5625    i.Motor_HAL_GetPhaseCurrents  motor_hal.o
    0x08005774   0x08005774   0x0000009c   Code   RO         5626    i.Motor_HAL_Init    motor_hal.o
    0x08005810   0x08005810   0x000000a8   Code   RO         5627    i.Motor_HAL_SetPWM  motor_hal.o
    0x080058b8   0x080058b8   0x00000064   Code   RO         5705    i.Motor_MW_FOC_Init  motor_mw_foc.o
    0x0800591c   0x0800591c   0x0000015c   Code   RO         5706    i.Motor_MW_FOC_Step  motor_mw_foc.o
    0x08005a78   0x08005a78   0x00000002   Code   RO          749    i.NMI_Handler       stm32g4xx_it.o
    0x08005a7a   0x08005a7a   0x00000052   Code   RO         5707    i.PI_Update         motor_mw_foc.o
    0x08005acc   0x08005acc   0x00000002   Code   RO          750    i.PendSV_Handler    stm32g4xx_it.o
    0x08005ace   0x08005ace   0x00000002   PAD
    0x08005ad0   0x08005ad0   0x00000040   Code   RO         5766    i.SRF_PLL_Init      motor_pll.o
    0x08005b10   0x08005b10   0x00000040   Code   RO         5767    i.SRF_PLL_Reset     motor_pll.o
    0x08005b50   0x08005b50   0x00000220   Code   RO         5768    i.SRF_PLL_Step      motor_pll.o
    0x08005d70   0x08005d70   0x00000002   Code   RO          751    i.SVC_Handler       stm32g4xx_it.o
    0x08005d72   0x08005d72   0x00000002   PAD
    0x08005d74   0x08005d74   0x00000050   Code   RO         5548    i.Speed_Loop_PI     motor_app_fsm.o
    0x08005dc4   0x08005dc4   0x00000004   Code   RO          752    i.SysTick_Handler   stm32g4xx_it.o
    0x08005dc8   0x08005dc8   0x00000088   Code   RO          917    i.SystemClock_Config  sys_config.o
    0x08005e50   0x08005e50   0x00000010   Code   RO         5440    i.SystemInit        system_stm32g4xx.o
    0x08005e60   0x08005e60   0x0000000c   Code   RO          753    i.TIM1_BRK_TIM15_IRQHandler  stm32g4xx_it.o
    0x08005e6c   0x08005e6c   0x0000000c   Code   RO          754    i.TIM1_CC_IRQHandler  stm32g4xx_it.o
    0x08005e78   0x08005e78   0x0000000c   Code   RO          755    i.TIM1_UP_TIM16_IRQHandler  stm32g4xx_it.o
    0x08005e84   0x08005e84   0x0000000c   Code   RO          756    i.TIM4_IRQHandler   stm32g4xx_it.o
    0x08005e90   0x08005e90   0x000000b0   Code   RO         3857    i.TIM_Base_SetConfig  stm32g4xx_hal_tim.o
    0x08005f40   0x08005f40   0x0000001a   Code   RO         3858    i.TIM_CCxChannelCmd  stm32g4xx_hal_tim.o
    0x08005f5a   0x08005f5a   0x0000001a   Code   RO         4544    i.TIM_CCxNChannelCmd  stm32g4xx_hal_tim_ex.o
    0x08005f74   0x08005f74   0x00000014   Code   RO         3868    i.TIM_ETR_SetConfig  stm32g4xx_hal_tim.o
    0x08005f88   0x08005f88   0x00000014   Code   RO         3869    i.TIM_ITRx_SetConfig  stm32g4xx_hal_tim.o
    0x08005f9c   0x08005f9c   0x0000009c   Code   RO         3870    i.TIM_OC1_SetConfig  stm32g4xx_hal_tim.o
    0x08006038   0x08006038   0x00000090   Code   RO         3871    i.TIM_OC2_SetConfig  stm32g4xx_hal_tim.o
    0x080060c8   0x080060c8   0x00000090   Code   RO         3872    i.TIM_OC3_SetConfig  stm32g4xx_hal_tim.o
    0x08006158   0x08006158   0x00000090   Code   RO         3873    i.TIM_OC4_SetConfig  stm32g4xx_hal_tim.o
    0x080061e8   0x080061e8   0x00000070   Code   RO         3874    i.TIM_OC5_SetConfig  stm32g4xx_hal_tim.o
    0x08006258   0x08006258   0x00000070   Code   RO         3875    i.TIM_OC6_SetConfig  stm32g4xx_hal_tim.o
    0x080062c8   0x080062c8   0x00000022   Code   RO         3877    i.TIM_TI1_ConfigInputStage  stm32g4xx_hal_tim.o
    0x080062ea   0x080062ea   0x00000002   PAD
    0x080062ec   0x080062ec   0x0000006c   Code   RO         3878    i.TIM_TI1_SetConfig  stm32g4xx_hal_tim.o
    0x08006358   0x08006358   0x00000024   Code   RO         3879    i.TIM_TI2_ConfigInputStage  stm32g4xx_hal_tim.o
    0x0800637c   0x0800637c   0x00000044   Code   RO         5340    i.UARTEx_SetNbDataToProcess  stm32g4xx_hal_uart_ex.o
    0x080063c0   0x080063c0   0x000000c8   Code   RO         4950    i.UART_AdvFeatureConfig  stm32g4xx_hal_uart.o
    0x08006488   0x08006488   0x00000060   Code   RO         4951    i.UART_CheckIdleState  stm32g4xx_hal_uart.o
    0x080064e8   0x080064e8   0x00000014   Code   RO         4952    i.UART_DMAAbortOnError  stm32g4xx_hal_uart.o
    0x080064fc   0x080064fc   0x00000050   Code   RO         4953    i.UART_DMAError     stm32g4xx_hal_uart.o
    0x0800654c   0x0800654c   0x00000030   Code   RO         4958    i.UART_DMATransmitCplt  stm32g4xx_hal_uart.o
    0x0800657c   0x0800657c   0x0000000a   Code   RO         4960    i.UART_DMATxHalfCplt  stm32g4xx_hal_uart.o
    0x08006586   0x08006586   0x00000002   PAD
    0x08006588   0x08006588   0x00000038   Code   RO         4962    i.UART_EndRxTransfer  stm32g4xx_hal_uart.o
    0x080065c0   0x080065c0   0x0000001c   Code   RO         4963    i.UART_EndTxTransfer  stm32g4xx_hal_uart.o
    0x080065dc   0x080065dc   0x00000080   Code   RO         4964    i.UART_RxISR_16BIT  stm32g4xx_hal_uart.o
    0x0800665c   0x0800665c   0x0000013c   Code   RO         4965    i.UART_RxISR_16BIT_FIFOEN  stm32g4xx_hal_uart.o
    0x08006798   0x08006798   0x00000080   Code   RO         4966    i.UART_RxISR_8BIT   stm32g4xx_hal_uart.o
    0x08006818   0x08006818   0x0000013c   Code   RO         4967    i.UART_RxISR_8BIT_FIFOEN  stm32g4xx_hal_uart.o
    0x08006954   0x08006954   0x00000274   Code   RO         4968    i.UART_SetConfig    stm32g4xx_hal_uart.o
    0x08006bc8   0x08006bc8   0x000000d8   Code   RO         4970    i.UART_Start_Receive_IT  stm32g4xx_hal_uart.o
    0x08006ca0   0x08006ca0   0x000000a4   Code   RO         4975    i.UART_WaitOnFlagUntilTimeout  stm32g4xx_hal_uart.o
    0x08006d44   0x08006d44   0x0000000c   Code   RO          757    i.USART3_IRQHandler  stm32g4xx_it.o
    0x08006d50   0x08006d50   0x00000002   Code   RO          758    i.UsageFault_Handler  stm32g4xx_it.o
    0x08006d52   0x08006d52   0x00000002   PAD
    0x08006d54   0x08006d54   0x0000002c   Code   RO         5769    i.Wrap_0_2pi        motor_pll.o
    0x08006d80   0x08006d80   0x0000000e   Code   RO         5549    i.__ARM_isfinitef   motor_app_fsm.o
    0x08006d8e   0x08006d8e   0x0000000e   Code   RO         5708    i.__ARM_isfinitef   motor_mw_foc.o
    0x08006d9c   0x08006d9c   0x0000000e   Code   RO         5770    i.__ARM_isfinitef   motor_pll.o
    0x08006daa   0x08006daa   0x00000020   Code   RO         2771    i.__NVIC_SetPriority  stm32g4xx_hal_cortex.o
    0x08006dca   0x08006dca   0x0000000e   Code   RO         6052    i.__scatterload_copy  mc_w.l(handlers.o)
    0x08006dd8   0x08006dd8   0x00000002   Code   RO         6053    i.__scatterload_null  mc_w.l(handlers.o)
    0x08006dda   0x08006dda   0x0000000e   Code   RO         6054    i.__scatterload_zeroinit  mc_w.l(handlers.o)
    0x08006de8   0x08006de8   0x00000050   Code   RO           17    i.main              main.o
    0x08006e38   0x08006e38   0x00000010   Data   RO         3330    .constdata          stm32g4xx_hal_fdcan.o
    0x08006e48   0x08006e48   0x00000018   Data   RO         4976    .constdata          stm32g4xx_hal_uart.o
    0x08006e60   0x08006e60   0x00000010   Data   RO         5341    .constdata          stm32g4xx_hal_uart_ex.o
    0x08006e70   0x08006e70   0x00000010   Data   RO         5441    .constdata          system_stm32g4xx.o
    0x08006e80   0x08006e80   0x00000008   Data   RO         5442    .constdata          system_stm32g4xx.o
    0x08006e88   0x08006e88   0x00000804   Data   RO         5920    .rodata.sinTable_f32  arm_cortexM4lf_math.lib(arm_common_tables.o)
    0x0800768c   0x0800768c   0x00000020   Data   RO         6050    Region$$Table       anon$$obj.o


    Execution Region RW_IRAM1 (Exec base: 0x20000000, Load base: 0x080076ac, Size: 0x00000a88, Max: 0x00008000, ABSOLUTE)

    Exec Addr    Load Addr    Size         Type   Attr      Idx    E Section Name        Object

    0x20000000   0x080076ac   0x00000028   Data   RW           19    .data               main.o
    0x20000028   0x080076d4   0x00000004   Data   RW          387    .data               adc.o
    0x2000002c   0x080076d8   0x00000008   Data   RW          920    .data               sys_config.o
    0x20000034   0x080076e0   0x00000002   Data   RW          922    .data               sys_config.o
    0x20000036   0x080076e2   0x00000002   PAD
    0x20000038   0x080076e4   0x0000000c   Data   RW         1448    .data               stm32g4xx_hal.o
    0x20000044   0x080076f0   0x00000004   Data   RW         5443    .data               system_stm32g4xx.o
    0x20000048   0x080076f4   0x00000048   Data   RW         5551    .data               motor_app_fsm.o
    0x20000090   0x0800773c   0x0000000c   Data   RW         5628    .data               motor_hal.o
    0x2000009c        -       0x00000014   Zero   RW           18    .bss                main.o
    0x200000b0        -       0x000000d8   Zero   RW          386    .bss                adc.o
    0x20000188        -       0x00000024   Zero   RW          434    .bss                comp.o
    0x200001ac        -       0x00000028   Zero   RW          477    .bss                dac.o
    0x200001d4        -       0x00000064   Zero   RW          551    .bss                fdcan.o
    0x20000238        -       0x000000b4   Zero   RW          595    .bss                opamp.o
    0x200002ec        -       0x00000098   Zero   RW          649    .bss                tim.o
    0x20000384        -       0x000000f0   Zero   RW          701    .bss                usart.o
    0x20000474        -       0x00000028   Zero   RW          918    .bss                sys_config.o
    0x2000049c        -       0x00000124   Zero   RW          919    .bss                sys_config.o
    0x200005c0        -       0x00000098   Zero   RW         5550    .bss                motor_app_fsm.o
    0x20000658        -       0x00000030   Zero   RW         5709    .bss                motor_mw_foc.o
    0x20000688        -       0x00000400   Zero   RW            1    STACK               startup_stm32g431xx.o


==============================================================================

Image component sizes


      Code (inc. data)   RO Data    RW Data    ZI Data      Debug   Object Name

       656         52          0          4        216       2946   adc.o
       148         22          0          0         36       1852   comp.o
       208         24          0          0         40       1999   dac.o
        60          4          0          0          0        910   dma.o
         0          0          0          0        100        250   fdcan.o
       164         12          0          0          0     720864   gpio.o
       552        104          0         40         20     695254   main.o
      1266        112          0         72        152      12002   motor_app_fsm.o
       704        102          0         12          0       5385   motor_hal.o
       884         60          0          0         48       5710   motor_mw_foc.o
       730         52          0          0          0       9123   motor_pll.o
       320         44          0          0        180       3241   opamp.o
        36          8        472          0       1024        880   startup_stm32g431xx.o
       162         24          0         12          0       4641   stm32g4xx_hal.o
      2902        124          0          0          0      82002   stm32g4xx_hal_adc.o
      2130         90          0          0          0      78496   stm32g4xx_hal_adc_ex.o
       438         40          0          0          0       8378   stm32g4xx_hal_comp.o
       198         14          0          0          0      34103   stm32g4xx_hal_cortex.o
       606          8          0          0          0       4362   stm32g4xx_hal_dac.o
       906         30          0          0          0       6974   stm32g4xx_hal_dma.o
      1152         12         16          0          0      16789   stm32g4xx_hal_fdcan.o
       500         40          0          0          0       3950   stm32g4xx_hal_gpio.o
        48          6          0          0          0        954   stm32g4xx_hal_msp.o
       288          8          0          0          0       2599   stm32g4xx_hal_opamp.o
       204         18          0          0          0       1497   stm32g4xx_hal_pwr_ex.o
      1708         98          0          0          0       6768   stm32g4xx_hal_rcc.o
       648         10          0          0          0       1964   stm32g4xx_hal_rcc_ex.o
      3054        296          0          0          0      22337   stm32g4xx_hal_tim.o
      1068         70          0          0          0      11957   stm32g4xx_hal_tim_ex.o
      3420        140         24          0          0      39396   stm32g4xx_hal_uart.o
       288          6         16          0          0       5714   stm32g4xx_hal_uart_ex.o
       198         64          0          0          0       9893   stm32g4xx_it.o
       336         22          0         10        332       3585   sys_config.o
        16          4         24          4          0       1259   system_stm32g4xx.o
       796         48          0          0        152       3701   tim.o
       272         30          0          0        240       2025   usart.o

    ----------------------------------------------------------------------
     27114       1798        584        156       2540    1813760   Object Totals
         0          0         32          0          0          0   (incl. Generated)
        48          0          0          2          0          0   (incl. Padding)

    ----------------------------------------------------------------------

      Code (inc. data)   RO Data    RW Data    ZI Data      Debug   Library Member Name

         0          0       2052          0          0       4961   arm_common_tables.o
       160         12          0          0          0       1103   arm_cos_f32.o
       152         12          0          0          0       1098   arm_sin_f32.o
         0          0          0          0          0          0   entry.o
         0          0          0          0          0          0   entry10a.o
         0          0          0          0          0          0   entry11a.o
         8          4          0          0          0          0   entry2.o
         4          0          0          0          0          0   entry5.o
         0          0          0          0          0          0   entry7b.o
         0          0          0          0          0          0   entry8b.o
         8          4          0          0          0          0   entry9a.o
        30          0          0          0          0          0   handlers.o
        36          8          0          0          0         68   init.o
        30          0          0          0          0         68   llshl.o
        32          0          0          0          0         68   llushr.o
        36          0          0          0          0         68   memcpya.o
        36          0          0          0          0        108   memseta.o
        98          0          0          0          0         92   uldiv.o

    ----------------------------------------------------------------------
       630         40       2052          0          0       7634   Library Totals
         0          0          0          0          0          0   (incl. Padding)

    ----------------------------------------------------------------------

      Code (inc. data)   RO Data    RW Data    ZI Data      Debug   Library Name

       312         24       2052          0          0       7162   arm_cortexM4lf_math.lib
       318         16          0          0          0        472   mc_w.l

    ----------------------------------------------------------------------
       630         40       2052          0          0       7634   Library Totals

    ----------------------------------------------------------------------

==============================================================================


      Code (inc. data)   RO Data    RW Data    ZI Data      Debug   

     27744       1838       2636        156       2540    1799226   Grand Totals
     27744       1838       2636        156       2540    1799226   ELF Image Totals
     27744       1838       2636        156          0          0   ROM Totals

==============================================================================

    Total RO  Size (Code + RO Data)                30380 (  29.67kB)
    Total RW  Size (RW Data + ZI Data)              2696 (   2.63kB)
    Total ROM Size (Code + RO Data + RW Data)      30536 (  29.82kB)

==============================================================================

